Archive member included to satisfy reference by file (symbol)

c:/mingw/gcc-arm-none-eabi-10.3-2021.10/bin/../lib/gcc/arm-none-eabi/10.3.1/../../../../arm-none-eabi/lib/thumb/v7e-m+fp/hard\libstdc++.a(class_type_info.o)
                              CMakeFiles/HEllOWORLD.elf.dir/Platform/Peripheral/SignalPeripheral.cpp.obj (vtable for __cxxabiv1::__class_type_info)
c:/mingw/gcc-arm-none-eabi-10.3-2021.10/bin/../lib/gcc/arm-none-eabi/10.3.1/../../../../arm-none-eabi/lib/thumb/v7e-m+fp/hard\libstdc++.a(del_ops.o)
                              c:/mingw/gcc-arm-none-eabi-10.3-2021.10/bin/../lib/gcc/arm-none-eabi/10.3.1/../../../../arm-none-eabi/lib/thumb/v7e-m+fp/hard\libstdc++.a(class_type_info.o) (operator delete(void*, unsigned int))
c:/mingw/gcc-arm-none-eabi-10.3-2021.10/bin/../lib/gcc/arm-none-eabi/10.3.1/../../../../arm-none-eabi/lib/thumb/v7e-m+fp/hard\libstdc++.a(pure.o)
                              CMakeFiles/HEllOWORLD.elf.dir/Platform/Peripheral/SignalPeripheral.cpp.obj (__cxa_pure_virtual)
c:/mingw/gcc-arm-none-eabi-10.3-2021.10/bin/../lib/gcc/arm-none-eabi/10.3.1/../../../../arm-none-eabi/lib/thumb/v7e-m+fp/hard\libstdc++.a(si_class_type_info.o)
                              CMakeFiles/HEllOWORLD.elf.dir/Platform/Adc/My_Adc.cpp.obj (vtable for __cxxabiv1::__si_class_type_info)
c:/mingw/gcc-arm-none-eabi-10.3-2021.10/bin/../lib/gcc/arm-none-eabi/10.3.1/../../../../arm-none-eabi/lib/thumb/v7e-m+fp/hard\libstdc++.a(tinfo.o)
                              c:/mingw/gcc-arm-none-eabi-10.3-2021.10/bin/../lib/gcc/arm-none-eabi/10.3.1/../../../../arm-none-eabi/lib/thumb/v7e-m+fp/hard\libstdc++.a(class_type_info.o) (std::type_info::~type_info())
c:/mingw/gcc-arm-none-eabi-10.3-2021.10/bin/../lib/gcc/arm-none-eabi/10.3.1/../../../../arm-none-eabi/lib/thumb/v7e-m+fp/hard\libstdc++.a(del_op.o)
                              c:/mingw/gcc-arm-none-eabi-10.3-2021.10/bin/../lib/gcc/arm-none-eabi/10.3.1/../../../../arm-none-eabi/lib/thumb/v7e-m+fp/hard\libstdc++.a(del_ops.o) (operator delete(void*))
c:/mingw/gcc-arm-none-eabi-10.3-2021.10/bin/../lib/gcc/arm-none-eabi/10.3.1/../../../../arm-none-eabi/lib/thumb/v7e-m+fp/hard\libstdc++.a(eh_terminate.o)
                              c:/mingw/gcc-arm-none-eabi-10.3-2021.10/bin/../lib/gcc/arm-none-eabi/10.3.1/../../../../arm-none-eabi/lib/thumb/v7e-m+fp/hard\libstdc++.a(pure.o) (std::terminate())
c:/mingw/gcc-arm-none-eabi-10.3-2021.10/bin/../lib/gcc/arm-none-eabi/10.3.1/../../../../arm-none-eabi/lib/thumb/v7e-m+fp/hard\libstdc++.a(eh_unex_handler.o)
                              c:/mingw/gcc-arm-none-eabi-10.3-2021.10/bin/../lib/gcc/arm-none-eabi/10.3.1/../../../../arm-none-eabi/lib/thumb/v7e-m+fp/hard\libstdc++.a(eh_terminate.o) (__cxxabiv1::__unexpected_handler)
c:/mingw/gcc-arm-none-eabi-10.3-2021.10/bin/../lib/gcc/arm-none-eabi/10.3.1/../../../../arm-none-eabi/lib/thumb/v7e-m+fp/hard\libstdc++.a(vterminate.o)
                              c:/mingw/gcc-arm-none-eabi-10.3-2021.10/bin/../lib/gcc/arm-none-eabi/10.3.1/../../../../arm-none-eabi/lib/thumb/v7e-m+fp/hard\libstdc++.a(eh_terminate.o) (__gnu_cxx::__verbose_terminate_handler())
c:/mingw/gcc-arm-none-eabi-10.3-2021.10/bin/../lib/gcc/arm-none-eabi/10.3.1/../../../../arm-none-eabi/lib/thumb/v7e-m+fp/hard\libstdc++.a(cp-demangle.o)
                              c:/mingw/gcc-arm-none-eabi-10.3-2021.10/bin/../lib/gcc/arm-none-eabi/10.3.1/../../../../arm-none-eabi/lib/thumb/v7e-m+fp/hard\libstdc++.a(vterminate.o) (__cxa_demangle)
c:/mingw/gcc-arm-none-eabi-10.3-2021.10/bin/../lib/gcc/arm-none-eabi/10.3.1/../../../../arm-none-eabi/lib/thumb/v7e-m+fp/hard\libstdc++.a(eh_arm.o)
                              c:/mingw/gcc-arm-none-eabi-10.3-2021.10/bin/../lib/gcc/arm-none-eabi/10.3.1/../../../../arm-none-eabi/lib/thumb/v7e-m+fp/hard\libstdc++.a(eh_terminate.o) (__cxa_end_cleanup)
c:/mingw/gcc-arm-none-eabi-10.3-2021.10/bin/../lib/gcc/arm-none-eabi/10.3.1/../../../../arm-none-eabi/lib/thumb/v7e-m+fp/hard\libstdc++.a(eh_call.o)
                              c:/mingw/gcc-arm-none-eabi-10.3-2021.10/bin/../lib/gcc/arm-none-eabi/10.3.1/../../../../arm-none-eabi/lib/thumb/v7e-m+fp/hard\libstdc++.a(eh_terminate.o) (__cxa_call_unexpected)
c:/mingw/gcc-arm-none-eabi-10.3-2021.10/bin/../lib/gcc/arm-none-eabi/10.3.1/../../../../arm-none-eabi/lib/thumb/v7e-m+fp/hard\libstdc++.a(eh_catch.o)
                              c:/mingw/gcc-arm-none-eabi-10.3-2021.10/bin/../lib/gcc/arm-none-eabi/10.3.1/../../../../arm-none-eabi/lib/thumb/v7e-m+fp/hard\libstdc++.a(eh_terminate.o) (__cxa_begin_catch)
c:/mingw/gcc-arm-none-eabi-10.3-2021.10/bin/../lib/gcc/arm-none-eabi/10.3.1/../../../../arm-none-eabi/lib/thumb/v7e-m+fp/hard\libstdc++.a(eh_exception.o)
                              c:/mingw/gcc-arm-none-eabi-10.3-2021.10/bin/../lib/gcc/arm-none-eabi/10.3.1/../../../../arm-none-eabi/lib/thumb/v7e-m+fp/hard\libstdc++.a(eh_call.o) (std::bad_exception::~bad_exception())
[...]
Memory Configuration

Name             Origin             Length             Attributes
RAM              0x20000000         0x00020000         xrw
CCMRAM           0x10000000         0x00010000         xrw
FLASH            0x08000000         0x00080000         xr
*default*        0x00000000         0xffffffff

Linker script and memory map

LOAD c:/mingw/gcc-arm-none-eabi-10.3-2021.10/bin/../lib/gcc/arm-none-eabi/10.3.1/thumb/v7e-m+fp/hard/crti.o
LOAD c:/mingw/gcc-arm-none-eabi-10.3-2021.10/bin/../lib/gcc/arm-none-eabi/10.3.1/thumb/v7e-m+fp/hard/crtbegin.o
LOAD c:/mingw/gcc-arm-none-eabi-10.3-2021.10/bin/../lib/gcc/arm-none-eabi/10.3.1/../../../../arm-none-eabi/lib/thumb/v7e-m+fp/hard/crt0.o
LOAD CMakeFiles/HEllOWORLD.elf.dir/ARM_DSP/Source/BasicMathFunctions/BasicMathFunctions.c.obj
LOAD CMakeFiles/HEllOWORLD.elf.dir/ARM_DSP/Source/BayesFunctions/BayesFunctions.c.obj
LOAD CMakeFiles/HEllOWORLD.elf.dir/ARM_DSP/Source/CommonTables/CommonTables.c.obj
LOAD CMakeFiles/HEllOWORLD.elf.dir/ARM_DSP/Source/ComplexMathFunctions/ComplexMathFunctions.c.obj
LOAD CMakeFiles/HEllOWORLD.elf.dir/ARM_DSP/Source/ControllerFunctions/ControllerFunctions.c.obj
LOAD CMakeFiles/HEllOWORLD.elf.dir/ARM_DSP/Source/DistanceFunctions/DistanceFunctions.c.obj
LOAD CMakeFiles/HEllOWORLD.elf.dir/ARM_DSP/Source/FastMathFunctions/FastMathFunctions.c.obj
LOAD CMakeFiles/HEllOWORLD.elf.dir/ARM_DSP/Source/FilteringFunctions/FilteringFunctions.c.obj
LOAD CMakeFiles/HEllOWORLD.elf.dir/ARM_DSP/Source/InterpolationFunctions/InterpolationFunctions.c.obj
LOAD CMakeFiles/HEllOWORLD.elf.dir/ARM_DSP/Source/MatrixFunctions/MatrixFunctions.c.obj
LOAD CMakeFiles/HEllOWORLD.elf.dir/ARM_DSP/Source/QuaternionMathFunctions/QuaternionMathFunctions.c.obj
LOAD CMakeFiles/HEllOWORLD.elf.dir/ARM_DSP/Source/SVMFunctions/SVMFunctions.c.obj
LOAD CMakeFiles/HEllOWORLD.elf.dir/ARM_DSP/Source/StatisticsFunctions/StatisticsFunctions.c.obj
LOAD CMakeFiles/HEllOWORLD.elf.dir/ARM_DSP/Source/SupportFunctions/SupportFunctions.c.obj
LOAD CMakeFiles/HEllOWORLD.elf.dir/ARM_DSP/Source/TransformFunctions/TransformFunctions.c.obj
LOAD CMakeFiles/HEllOWORLD.elf.dir/ARM_DSP/Source/WindowFunctions/WindowFunctions.c.obj
LOAD CMakeFiles/HEllOWORLD.elf.dir/Core/Src/adc.c.obj
LOAD CMakeFiles/HEllOWORLD.elf.dir/Core/Src/dac.c.obj
LOAD CMakeFiles/HEllOWORLD.elf.dir/Core/Src/dma.c.obj
LOAD CMakeFiles/HEllOWORLD.elf.dir/Core/Src/fsmc.c.obj
LOAD CMakeFiles/HEllOWORLD.elf.dir/Core/Src/gpio.c.obj
LOAD CMakeFiles/HEllOWORLD.elf.dir/Core/Src/main.c.obj
LOAD CMakeFiles/HEllOWORLD.elf.dir/Core/Src/stm32f4xx_hal_msp.c.obj
LOAD CMakeFiles/HEllOWORLD.elf.dir/Core/Src/stm32f4xx_it.c.obj
LOAD CMakeFiles/HEllOWORLD.elf.dir/Core/Src/syscalls.c.obj
LOAD CMakeFiles/HEllOWORLD.elf.dir/Core/Src/system_stm32f4xx.c.obj
LOAD CMakeFiles/HEllOWORLD.elf.dir/Core/Src/tim.c.obj
LOAD CMakeFiles/HEllOWORLD.elf.dir/Core/Src/usart.c.obj
LOAD CMakeFiles/HEllOWORLD.elf.dir/Drivers/STM32F4xx_HAL_Driver/Src/stm32f4xx_hal.c.obj
LOAD CMakeFiles/HEllOWORLD.elf.dir/Drivers/STM32F4xx_HAL_Driver/Src/stm32f4xx_hal_adc.c.obj
LOAD CMakeFiles/HEllOWORLD.elf.dir/Drivers/STM32F4xx_HAL_Driver/Src/stm32f4xx_hal_adc_ex.c.obj
LOAD CMakeFiles/HEllOWORLD.elf.dir/Drivers/STM32F4xx_HAL_Driver/Src/stm32f4xx_hal_cortex.c.obj
LOAD CMakeFiles/HEllOWORLD.elf.dir/Drivers/STM32F4xx_HAL_Driver/Src/stm32f4xx_hal_dac.c.obj
LOAD CMakeFiles/HEllOWORLD.elf.dir/Drivers/STM32F4xx_HAL_Driver/Src/stm32f4xx_hal_dac_ex.c.obj
LOAD CMakeFiles/HEllOWORLD.elf.dir/Drivers/STM32F4xx_HAL_Driver/Src/stm32f4xx_hal_dma.c.obj
LOAD CMakeFiles/HEllOWORLD.elf.dir/Drivers/STM32F4xx_HAL_Driver/Src/stm32f4xx_hal_dma_ex.c.obj
LOAD CMakeFiles/HEllOWORLD.elf.dir/Drivers/STM32F4xx_HAL_Driver/Src/stm32f4xx_hal_exti.c.obj
LOAD CMakeFiles/HEllOWORLD.elf.dir/Drivers/STM32F4xx_HAL_Driver/Src/stm32f4xx_hal_flash.c.obj
LOAD CMakeFiles/HEllOWORLD.elf.dir/Drivers/STM32F4xx_HAL_Driver/Src/stm32f4xx_hal_flash_ex.c.obj
LOAD CMakeFiles/HEllOWORLD.elf.dir/Drivers/STM32F4xx_HAL_Driver/Src/stm32f4xx_hal_flash_ramfunc.c.obj
LOAD CMakeFiles/HEllOWORLD.elf.dir/Drivers/STM32F4xx_HAL_Driver/Src/stm32f4xx_hal_gpio.c.obj
LOAD CMakeFiles/HEllOWORLD.elf.dir/Drivers/STM32F4xx_HAL_Driver/Src/stm32f4xx_hal_pwr.c.obj
LOAD CMakeFiles/HEllOWORLD.elf.dir/Drivers/STM32F4xx_HAL_Driver/Src/stm32f4xx_hal_pwr_ex.c.obj
LOAD CMakeFiles/HEllOWORLD.elf.dir/Drivers/STM32F4xx_HAL_Driver/Src/stm32f4xx_hal_rcc.c.obj
LOAD CMakeFiles/HEllOWORLD.elf.dir/Drivers/STM32F4xx_HAL_Driver/Src/stm32f4xx_hal_rcc_ex.c.obj
LOAD CMakeFiles/HEllOWORLD.elf.dir/Drivers/STM32F4xx_HAL_Driver/Src/stm32f4xx_hal_sram.c.obj
LOAD CMakeFiles/HEllOWORLD.elf.dir/Drivers/STM32F4xx_HAL_Driver/Src/stm32f4xx_hal_tim.c.obj
LOAD CMakeFiles/HEllOWORLD.elf.dir/Drivers/STM32F4xx_HAL_Driver/Src/stm32f4xx_hal_tim_ex.c.obj
LOAD CMakeFiles/HEllOWORLD.elf.dir/Drivers/STM32F4xx_HAL_Driver/Src/stm32f4xx_hal_uart.c.obj
LOAD CMakeFiles/HEllOWORLD.elf.dir/Drivers/STM32F4xx_HAL_Driver/Src/stm32f4xx_ll_adc.c.obj
LOAD CMakeFiles/HEllOWORLD.elf.dir/Drivers/STM32F4xx_HAL_Driver/Src/stm32f4xx_ll_fsmc.c.obj
LOAD CMakeFiles/HEllOWORLD.elf.dir/HardWare/key/key.c.obj
LOAD CMakeFiles/HEllOWORLD.elf.dir/HardWare/lcd/demos.c.obj
LOAD CMakeFiles/HEllOWORLD.elf.dir/HardWare/lcd/lcd.c.obj
LOAD CMakeFiles/HEllOWORLD.elf.dir/HardWare/lcd/lcd_ex.c.obj
LOAD CMakeFiles/HEllOWORLD.elf.dir/HardWare/lcd/lcdlib.c.obj
LOAD CMakeFiles/HEllOWORLD.elf.dir/Platform/Adc/My_Adc.cpp.obj
LOAD CMakeFiles/HEllOWORLD.elf.dir/Platform/Dac/My_Dac.cpp.obj
LOAD CMakeFiles/HEllOWORLD.elf.dir/Platform/Peripheral/SignalPeripheral.cpp.obj
LOAD CMakeFiles/HEllOWORLD.elf.dir/Platform/Pwm/My_Pwm.cpp.obj
LOAD CMakeFiles/HEllOWORLD.elf.dir/Platform/SignalProcess/AdvancedMeasure/AdvancedMeasure.cpp.obj
LOAD CMakeFiles/HEllOWORLD.elf.dir/Platform/SignalProcess/BasicMeasure/BasicMeasure.cpp.obj
LOAD CMakeFiles/HEllOWORLD.elf.dir/Platform/SignalProcess/FFT/Fft.cpp.obj
LOAD CMakeFiles/HEllOWORLD.elf.dir/Platform/SignalProcess/Filter/Filter.cpp.obj
LOAD CMakeFiles/HEllOWORLD.elf.dir/Platform/SignalProcess/PwmMeasure/PwmMeasure.cpp.obj
LOAD CMakeFiles/HEllOWORLD.elf.dir/Platform/SignalProcess/SignalProcessBase.cpp.obj
LOAD CMakeFiles/HEllOWORLD.elf.dir/Platform/SignalProcess/Windows/Windows.cpp.obj
LOAD CMakeFiles/HEllOWORLD.elf.dir/System/delay/delay.c.obj
LOAD CMakeFiles/HEllOWORLD.elf.dir/System/sys/sys.c.obj
LOAD CMakeFiles/HEllOWORLD.elf.dir/System/usart/Module_UART.c.obj
LOAD CMakeFiles/HEllOWORLD.elf.dir/System/usart/retarget.c.obj
LOAD CMakeFiles/HEllOWORLD.elf.dir/UserApp/init.cpp.obj
LOAD CMakeFiles/HEllOWORLD.elf.dir/UserApp/main.cpp.obj
LOAD CMakeFiles/HEllOWORLD.elf.dir/UserApp/usart_receive.cpp.obj
LOAD CMakeFiles/HEllOWORLD.elf.dir/startup/startup_stm32f407xx.s.obj
LOAD c:/mingw/gcc-arm-none-eabi-10.3-2021.10/bin/../lib/gcc/arm-none-eabi/10.3.1/../../../../arm-none-eabi/lib/thumb/v7e-m+fp/hard\libstdc++.a
LOAD c:/mingw/gcc-arm-none-eabi-10.3-2021.10/bin/../lib/gcc/arm-none-eabi/10.3.1/../../../../arm-none-eabi/lib/thumb/v7e-m+fp/hard\libm.a
START GROUP
LOAD c:/mingw/gcc-arm-none-eabi-10.3-2021.10/bin/../lib/gcc/arm-none-eabi/10.3.1/thumb/v7e-m+fp/hard\libgcc.a
LOAD c:/mingw/gcc-arm-none-eabi-10.3-2021.10/bin/../lib/gcc/arm-none-eabi/10.3.1/../../../../arm-none-eabi/lib/thumb/v7e-m+fp/hard\libc.a
END GROUP
LOAD c:/mingw/gcc-arm-none-eabi-10.3-2021.10/bin/../lib/gcc/arm-none-eabi/10.3.1/thumb/v7e-m+fp/hard/crtend.o
LOAD c:/mingw/gcc-arm-none-eabi-10.3-2021.10/bin/../lib/gcc/arm-none-eabi/10.3.1/thumb/v7e-m+fp/hard/crtn.o
                0x20020000                _estack = (ORIGIN (RAM) + LENGTH (RAM))
                0x00000800                _Min_Heap_Size = 0x800
                0x00001000                _Min_Stack_Size = 0x1000

.isr_vector     0x08000000      0x188
                0x08000000                . = ALIGN (0x4)
 *(.isr_vector)
 .isr_vector    0x08000000      0x188 CMakeFiles/HEllOWORLD.elf.dir/startup/startup_stm32f407xx.s.obj
                0x08000000                g_pfnVectors
                0x08000188                . = ALIGN (0x4)

.text           0x080001c0    0x181b4
                0x080001c0                . = ALIGN (0x4)
 *(.text)
 .text          0x080001c0       0x40 c:/mingw/gcc-arm-none-eabi-10.3-2021.10/bin/../lib/gcc/arm-none-eabi/10.3.1/thumb/v7e-m+fp/hard/crtbegin.o
 .text          0x08000200     0x5ee4 c:/mingw/gcc-arm-none-eabi-10.3-2021.10/bin/../lib/gcc/arm-none-eabi/10.3.1/../../../../arm-none-eabi/lib/thumb/v7e-m+fp/hard\libstdc++.a(cp-demangle.o)
                0x08005ffc                __cxa_demangle
                0x080060c0                __gcclibcxx_demangle_callback
 .text          0x080060e4      0x378 c:/mingw/gcc-arm-none-eabi-10.3-2021.10/bin/../lib/gcc/arm-none-eabi/10.3.1/thumb/v7e-m+fp/hard\libgcc.a(_arm_addsubdf3.o)
                0x080060e4                __aeabi_drsub
                0x080060ec                __aeabi_dsub
                0x080060ec                __subdf3
                0x080060f0                __aeabi_dadd
                0x080060f0                __adddf3
                0x08006368                __floatunsidf
                0x08006368                __aeabi_ui2d
                0x08006388                __floatsidf
                0x08006388                __aeabi_i2d
                0x080063ac                __aeabi_f2d
                0x080063ac                __extendsfdf2
                0x080063f0                __floatundidf
                0x080063f0                __aeabi_ul2d
                0x08006400                __floatdidf
                0x08006400                __aeabi_l2d
 .text          0x0800645c      0x424 c:/mingw/gcc-arm-none-eabi-10.3-2021.10/bin/../lib/gcc/arm-none-eabi/10.3.1/thumb/v7e-m+fp/hard\libgcc.a(_arm_muldivdf3.o)
                0x0800645c                __aeabi_dmul
                0x0800645c                __muldf3
                0x080066b0                __divdf3
                0x080066b0                __aeabi_ddiv
 .text          0x08006880      0x110 c:/mingw/gcc-arm-none-eabi-10.3-2021.10/bin/../lib/gcc/arm-none-eabi/10.3.1/thumb/v7e-m+fp/hard\libgcc.a(_arm_cmpdf2.o)
                0x08006880                __gtdf2
                0x08006880                __gedf2
                0x08006888                __ltdf2
                0x08006888                __ledf2
                0x08006890                __nedf2
                0x08006890                __eqdf2
                0x08006890                __cmpdf2
                0x0800690c                __aeabi_cdrcmple
                0x0800691c                __aeabi_cdcmpeq
                0x0800691c                __aeabi_cdcmple
                0x0800692c                __aeabi_dcmpeq
                0x08006940                __aeabi_dcmplt
                0x08006954                __aeabi_dcmple
                0x08006968                __aeabi_dcmpge
                0x0800697c                __aeabi_dcmpgt
 .text          0x08006990       0x2c c:/mingw/gcc-arm-none-eabi-10.3-2021.10/bin/../lib/gcc/arm-none-eabi/10.3.1/thumb/v7e-m+fp/hard\libgcc.a(_arm_unorddf2.o)
                0x08006990                __unorddf2
                0x08006990                __aeabi_dcmpun
 .text          0x080069bc       0x50 c:/mingw/gcc-arm-none-eabi-10.3-2021.10/bin/../lib/gcc/arm-none-eabi/10.3.1/thumb/v7e-m+fp/hard\libgcc.a(_arm_fixdfsi.o)
                0x080069bc                __aeabi_d2iz
                0x080069bc                __fixdfsi
 .text          0x08006a0c       0x40 c:/mingw/gcc-arm-none-eabi-10.3-2021.10/bin/../lib/gcc/arm-none-eabi/10.3.1/thumb/v7e-m+fp/hard\libgcc.a(_arm_fixunsdfsi.o)
                0x08006a0c                __aeabi_d2uiz
                0x08006a0c                __fixunsdfsi
 .text          0x08006a4c      0x21c c:/mingw/gcc-arm-none-eabi-10.3-2021.10/bin/../lib/gcc/arm-none-eabi/10.3.1/thumb/v7e-m+fp/hard\libgcc.a(_arm_addsubsf3.o)
                0x08006a4c                __aeabi_frsub
                0x08006a54                __subsf3
                0x08006a54                __aeabi_fsub
                0x08006a58                __aeabi_fadd
                0x08006a58                __addsf3
                0x08006bb8                __aeabi_ui2f
                0x08006bb8                __floatunsisf
                0x08006bc0                __aeabi_i2f
                0x08006bc0                __floatsisf
                0x08006bdc                __aeabi_ul2f
                0x08006bdc                __floatundisf
                0x08006bec                __aeabi_l2f
                0x08006bec                __floatdisf
 .text          0x08006c68       0x30 c:/mingw/gcc-arm-none-eabi-10.3-2021.10/bin/../lib/gcc/arm-none-eabi/10.3.1/thumb/v7e-m+fp/hard\libgcc.a(_aeabi_uldivmod.o)
                0x08006c68                __aeabi_uldivmod
 .text          0x08006c98       0x40 c:/mingw/gcc-arm-none-eabi-10.3-2021.10/bin/../lib/gcc/arm-none-eabi/10.3.1/thumb/v7e-m+fp/hard\libgcc.a(_fixunssfdi.o)
                0x08006c98                __fixunssfdi
                0x08006c98                __aeabi_f2ulz
 .text          0x08006cd8      0x2d0 c:/mingw/gcc-arm-none-eabi-10.3-2021.10/bin/../lib/gcc/arm-none-eabi/10.3.1/thumb/v7e-m+fp/hard\libgcc.a(_udivmoddi4.o)
                0x08006cd8                __udivmoddi4
 .text          0x08006fa8      0x9d8 c:/mingw/gcc-arm-none-eabi-10.3-2021.10/bin/../lib/gcc/arm-none-eabi/10.3.1/thumb/v7e-m+fp/hard\libgcc.a(unwind-arm.o)
                0x08007250                _Unwind_GetCFA
                0x08007254                __gnu_Unwind_RaiseException
                0x080072bc                __gnu_Unwind_ForcedUnwind
                0x080072cc                __gnu_Unwind_Resume
                0x08007310                __gnu_Unwind_Resume_or_Rethrow
                0x08007320                _Unwind_Complete
                0x08007324                _Unwind_DeleteException
                0x08007330                _Unwind_VRS_Get
                0x0800737c                _Unwind_VRS_Set
                0x080073c4                __gnu_Unwind_Backtrace
                0x080076f0                __aeabi_unwind_cpp_pr0
                0x080076f4                __aeabi_unwind_cpp_pr1
                0x080076f8                __aeabi_unwind_cpp_pr2
                0x080076fc                _Unwind_VRS_Pop
 .text          0x08007980      0x1ac c:/mingw/gcc-arm-none-eabi-10.3-2021.10/bin/../lib/gcc/arm-none-eabi/10.3.1/thumb/v7e-m+fp/hard\libgcc.a(libunwind.o)
                0x08007980                __restore_core_regs
                0x08007980                restore_core_regs
                0x08007998                __gnu_Unwind_Restore_VFP
                0x080079a0                __gnu_Unwind_Save_VFP
                0x080079a8                __gnu_Unwind_Restore_VFP_D
                0x080079b0                __gnu_Unwind_Save_VFP_D
                0x080079b8                __gnu_Unwind_Restore_VFP_D_16_to_31
                0x080079c0                __gnu_Unwind_Save_VFP_D_16_to_31
                0x080079c8                __gnu_Unwind_Restore_WMMXD
                0x08007a0c                __gnu_Unwind_Save_WMMXD
                0x08007a50                __gnu_Unwind_Restore_WMMXC
                0x08007a64                __gnu_Unwind_Save_WMMXC
                0x08007a78                ___Unwind_RaiseException
                0x08007a78                _Unwind_RaiseException
                0x08007a9c                _Unwind_Resume
                0x08007a9c                ___Unwind_Resume
                0x08007ac0                _Unwind_Resume_or_Rethrow
                0x08007ac0                ___Unwind_Resume_or_Rethrow
                0x08007ae4                _Unwind_ForcedUnwind
                0x08007ae4                ___Unwind_ForcedUnwind
                0x08007b08                ___Unwind_Backtrace
                0x08007b08                _Unwind_Backtrace
 .text          0x08007b2c      0x350 c:/mingw/gcc-arm-none-eabi-10.3-2021.10/bin/../lib/gcc/arm-none-eabi/10.3.1/thumb/v7e-m+fp/hard\libgcc.a(pr-support.o)
                0x08007b84                __gnu_unwind_execute
                0x08007e30                __gnu_unwind_frame
                0x08007e5c                _Unwind_GetRegionStart
                0x08007e68                _Unwind_GetLanguageSpecificData
 .text          0x08007e7c        0x4 c:/mingw/gcc-arm-none-eabi-10.3-2021.10/bin/../lib/gcc/arm-none-eabi/10.3.1/thumb/v7e-m+fp/hard\libgcc.a(_dvmd_tls.o)
                0x08007e7c                __aeabi_idiv0
                0x08007e7c                __aeabi_ldiv0
 .text          0x08007e80       0xa0 c:/mingw/gcc-arm-none-eabi-10.3-2021.10/bin/../lib/gcc/arm-none-eabi/10.3.1/../../../../arm-none-eabi/lib/thumb/v7e-m+fp/hard\libc.a(lib_a-memchr.o)
                0x08007e80                memchr
 .text          0x08007f20      0x134 c:/mingw/gcc-arm-none-eabi-10.3-2021.10/bin/../lib/gcc/arm-none-eabi/10.3.1/../../../../arm-none-eabi/lib/thumb/v7e-m+fp/hard\libc.a(lib_a-memcpy.o)
                0x08007f20                memcpy
 *fill*         0x08008054        0xc 
 .text          0x08008060      0x2dc c:/mingw/gcc-arm-none-eabi-10.3-2021.10/bin/../lib/gcc/arm-none-eabi/10.3.1/../../../../arm-none-eabi/lib/thumb/v7e-m+fp/hard\libc.a(lib_a-strcmp.o)
                0x08008068                strcmp
 *fill*         0x0800833c        0x4 
 .text          0x08008340       0xdc c:/mingw/gcc-arm-none-eabi-10.3-2021.10/bin/../lib/gcc/arm-none-eabi/10.3.1/../../../../arm-none-eabi/lib/thumb/v7e-m+fp/hard\libc.a(lib_a-strlen.o)
                0x08008340                strlen
 *(.text*)
 .text.arm_cmplx_mag_f32
                0x0800841c       0x42 CMakeFiles/HEllOWORLD.elf.dir/ARM_DSP/Source/ComplexMathFunctions/ComplexMathFunctions.c.obj
                0x0800841c                arm_cmplx_mag_f32
 *fill*         0x0800845e        0x2 
 .text.arm_sin_f32
                0x08008460       0x90 CMakeFiles/HEllOWORLD.elf.dir/ARM_DSP/Source/FastMathFunctions/FastMathFunctions.c.obj
                0x08008460                arm_sin_f32
 .text.arm_fir_f32
                0x080084f0       0x70 CMakeFiles/HEllOWORLD.elf.dir/ARM_DSP/Source/FilteringFunctions/FilteringFunctions.c.obj
                0x080084f0                arm_fir_f32
 .text.arm_fir_init_f32
                0x08008560       0x1e CMakeFiles/HEllOWORLD.elf.dir/ARM_DSP/Source/FilteringFunctions/FilteringFunctions.c.obj
                0x08008560                arm_fir_init_f32
 .text.arm_bitreversal_32
                0x0800857e       0x4a CMakeFiles/HEllOWORLD.elf.dir/ARM_DSP/Source/TransformFunctions/TransformFunctions.c.obj
                0x0800857e                arm_bitreversal_32
 .text.arm_radix8_butterfly_f32
                0x080085c8      0x5a8 CMakeFiles/HEllOWORLD.elf.dir/ARM_DSP/Source/TransformFunctions/TransformFunctions.c.obj
                0x080085c8                arm_radix8_butterfly_f32
 .text.arm_cfft_radix8by2_f32
                0x08008b70      0x1f4 CMakeFiles/HEllOWORLD.elf.dir/ARM_DSP/Source/TransformFunctions/TransformFunctions.c.obj
                0x08008b70                arm_cfft_radix8by2_f32
 .text.arm_cfft_radix8by4_f32
                0x08008d64      0x4bc CMakeFiles/HEllOWORLD.elf.dir/ARM_DSP/Source/TransformFunctions/TransformFunctions.c.obj
                0x08008d64                arm_cfft_radix8by4_f32
 .text.arm_cfft_f32
                0x08009220       0xda CMakeFiles/HEllOWORLD.elf.dir/ARM_DSP/Source/TransformFunctions/TransformFunctions.c.obj
                0x08009220                arm_cfft_f32
 *fill*         0x080092fa        0x2 
 .text.arm_hamming_f32
                0x080092fc       0x68 CMakeFiles/HEllOWORLD.elf.dir/ARM_DSP/Source/WindowFunctions/WindowFunctions.c.obj
                0x080092fc                arm_hamming_f32
 .text.MX_ADC1_Init
                0x08009364       0x6c CMakeFiles/HEllOWORLD.elf.dir/Core/Src/adc.c.obj
                0x08009364                MX_ADC1_Init
 .text.HAL_ADC_MspInit
                0x080093d0       0xb0 CMakeFiles/HEllOWORLD.elf.dir/Core/Src/adc.c.obj
                0x080093d0                HAL_ADC_MspInit
 .text.MX_DAC_Init
                0x08009480       0x58 CMakeFiles/HEllOWORLD.elf.dir/Core/Src/dac.c.obj
                0x08009480                MX_DAC_Init
 .text.HAL_DAC_MspInit
                0x080094d8      0x110 CMakeFiles/HEllOWORLD.elf.dir/Core/Src/dac.c.obj
                0x080094d8                HAL_DAC_MspInit
 .text.MX_DMA_Init
                0x080095e8       0x78 CMakeFiles/HEllOWORLD.elf.dir/Core/Src/dma.c.obj
                0x080095e8                MX_DMA_Init
 .text.HAL_FSMC_MspInit
                0x08009660       0x7c CMakeFiles/HEllOWORLD.elf.dir/Core/Src/fsmc.c.obj
 .text.MX_FSMC_Init
                0x080096dc       0x8c CMakeFiles/HEllOWORLD.elf.dir/Core/Src/fsmc.c.obj
                0x080096dc                MX_FSMC_Init
 .text.HAL_SRAM_MspInit
                0x08009768        0x8 CMakeFiles/HEllOWORLD.elf.dir/Core/Src/fsmc.c.obj
                0x08009768                HAL_SRAM_MspInit
 .text.MX_GPIO_Init
                0x08009770       0xc8 CMakeFiles/HEllOWORLD.elf.dir/Core/Src/gpio.c.obj
                0x08009770                MX_GPIO_Init
 .text.Error_Handler
                0x08009838        0x4 CMakeFiles/HEllOWORLD.elf.dir/Core/Src/main.c.obj
                0x08009838                Error_Handler
 .text.SystemClock_Config
                0x0800983c       0xa8 CMakeFiles/HEllOWORLD.elf.dir/Core/Src/main.c.obj
                0x0800983c                SystemClock_Config
 .text.main     0x080098e4       0x3c CMakeFiles/HEllOWORLD.elf.dir/Core/Src/main.c.obj
                0x080098e4                main
 .text.HAL_MspInit
                0x08009920       0x38 CMakeFiles/HEllOWORLD.elf.dir/Core/Src/stm32f4xx_hal_msp.c.obj
                0x08009920                HAL_MspInit
 .text.NMI_Handler
                0x08009958        0x2 CMakeFiles/HEllOWORLD.elf.dir/Core/Src/stm32f4xx_it.c.obj
                0x08009958                NMI_Handler
 .text.HardFault_Handler
                0x0800995a        0x2 CMakeFiles/HEllOWORLD.elf.dir/Core/Src/stm32f4xx_it.c.obj
                0x0800995a                HardFault_Handler
 .text.MemManage_Handler
                0x0800995c        0x2 CMakeFiles/HEllOWORLD.elf.dir/Core/Src/stm32f4xx_it.c.obj
                0x0800995c                MemManage_Handler
 .text.BusFault_Handler
                0x0800995e        0x2 CMakeFiles/HEllOWORLD.elf.dir/Core/Src/stm32f4xx_it.c.obj
                0x0800995e                BusFault_Handler
 .text.UsageFault_Handler
                0x08009960        0x2 CMakeFiles/HEllOWORLD.elf.dir/Core/Src/stm32f4xx_it.c.obj
                0x08009960                UsageFault_Handler
 .text.SVC_Handler
                0x08009962        0x2 CMakeFiles/HEllOWORLD.elf.dir/Core/Src/stm32f4xx_it.c.obj
                0x08009962                SVC_Handler
 .text.DebugMon_Handler
                0x08009964        0x2 CMakeFiles/HEllOWORLD.elf.dir/Core/Src/stm32f4xx_it.c.obj
                0x08009964                DebugMon_Handler
 .text.PendSV_Handler
                0x08009966        0x2 CMakeFiles/HEllOWORLD.elf.dir/Core/Src/stm32f4xx_it.c.obj
                0x08009966                PendSV_Handler
 .text.SysTick_Handler
                0x08009968        0x8 CMakeFiles/HEllOWORLD.elf.dir/Core/Src/stm32f4xx_it.c.obj
                0x08009968                SysTick_Handler
 .text.DMA1_Stream1_IRQHandler
                0x08009970       0x10 CMakeFiles/HEllOWORLD.elf.dir/Core/Src/stm32f4xx_it.c.obj
                0x08009970                DMA1_Stream1_IRQHandler
 .text.DMA1_Stream5_IRQHandler
                0x08009980       0x10 CMakeFiles/HEllOWORLD.elf.dir/Core/Src/stm32f4xx_it.c.obj
                0x08009980                DMA1_Stream5_IRQHandler
 .text.DMA1_Stream6_IRQHandler
                0x08009990       0x10 CMakeFiles/HEllOWORLD.elf.dir/Core/Src/stm32f4xx_it.c.obj
                0x08009990                DMA1_Stream6_IRQHandler
 .text.TIM1_BRK_TIM9_IRQHandler
                0x080099a0       0x10 CMakeFiles/HEllOWORLD.elf.dir/Core/Src/stm32f4xx_it.c.obj
                0x080099a0                TIM1_BRK_TIM9_IRQHandler
 .text.USART3_IRQHandler
                0x080099b0       0x10 CMakeFiles/HEllOWORLD.elf.dir/Core/Src/stm32f4xx_it.c.obj
                0x080099b0                USART3_IRQHandler
 .text.TIM6_DAC_IRQHandler
                0x080099c0       0x10 CMakeFiles/HEllOWORLD.elf.dir/Core/Src/stm32f4xx_it.c.obj
                0x080099c0                TIM6_DAC_IRQHandler
 .text.DMA2_Stream0_IRQHandler
                0x080099d0       0x10 CMakeFiles/HEllOWORLD.elf.dir/Core/Src/stm32f4xx_it.c.obj
                0x080099d0                DMA2_Stream0_IRQHandler
 .text._getpid  0x080099e0        0x4 CMakeFiles/HEllOWORLD.elf.dir/Core/Src/syscalls.c.obj
                0x080099e0                _getpid
 .text._kill    0x080099e4       0x10 CMakeFiles/HEllOWORLD.elf.dir/Core/Src/syscalls.c.obj
                0x080099e4                _kill
 .text._exit    0x080099f4        0xc CMakeFiles/HEllOWORLD.elf.dir/Core/Src/syscalls.c.obj
                0x080099f4                _exit
 .text._sbrk    0x08009a00       0x3c CMakeFiles/HEllOWORLD.elf.dir/Core/Src/syscalls.c.obj
                0x08009a00                _sbrk
 .text._close   0x08009a3c        0x6 CMakeFiles/HEllOWORLD.elf.dir/Core/Src/syscalls.c.obj
                0x08009a3c                _close
 .text._fstat   0x08009a42        0xa CMakeFiles/HEllOWORLD.elf.dir/Core/Src/syscalls.c.obj
                0x08009a42                _fstat
 .text._isatty  0x08009a4c        0x4 CMakeFiles/HEllOWORLD.elf.dir/Core/Src/syscalls.c.obj
                0x08009a4c                _isatty
 .text._lseek   0x08009a50        0x4 CMakeFiles/HEllOWORLD.elf.dir/Core/Src/syscalls.c.obj
                0x08009a50                _lseek
 .text.SystemInit
                0x08009a54       0x14 CMakeFiles/HEllOWORLD.elf.dir/Core/Src/system_stm32f4xx.c.obj
                0x08009a54                SystemInit
 .text.MX_TIM2_Init
                0x08009a68       0x70 CMakeFiles/HEllOWORLD.elf.dir/Core/Src/tim.c.obj
                0x08009a68                MX_TIM2_Init
 .text.MX_TIM8_Init
                0x08009ad8       0x70 CMakeFiles/HEllOWORLD.elf.dir/Core/Src/tim.c.obj
                0x08009ad8                MX_TIM8_Init
 .text.MX_TIM9_Init
                0x08009b48       0x8c CMakeFiles/HEllOWORLD.elf.dir/Core/Src/tim.c.obj
                0x08009b48                MX_TIM9_Init
 .text.HAL_TIM_Base_MspInit
                0x08009bd4       0xc0 CMakeFiles/HEllOWORLD.elf.dir/Core/Src/tim.c.obj
                0x08009bd4                HAL_TIM_Base_MspInit
 .text.HAL_TIM_PWM_MspInit
                0x08009c94       0x30 CMakeFiles/HEllOWORLD.elf.dir/Core/Src/tim.c.obj
                0x08009c94                HAL_TIM_PWM_MspInit
 .text.HAL_TIM_MspPostInit
                0x08009cc4       0x58 CMakeFiles/HEllOWORLD.elf.dir/Core/Src/tim.c.obj
                0x08009cc4                HAL_TIM_MspPostInit
 .text.MX_TIM3_Init
                0x08009d1c       0x80 CMakeFiles/HEllOWORLD.elf.dir/Core/Src/tim.c.obj
                0x08009d1c                MX_TIM3_Init
 .text.MX_USART1_UART_Init
                0x08009d9c       0x34 CMakeFiles/HEllOWORLD.elf.dir/Core/Src/usart.c.obj
                0x08009d9c                MX_USART1_UART_Init
 .text.MX_USART3_UART_Init
                0x08009dd0       0x34 CMakeFiles/HEllOWORLD.elf.dir/Core/Src/usart.c.obj
                0x08009dd0                MX_USART3_UART_Init
 .text.HAL_UART_MspInit
                0x08009e04      0x118 CMakeFiles/HEllOWORLD.elf.dir/Core/Src/usart.c.obj
                0x08009e04                HAL_UART_MspInit
 .text.HAL_InitTick
                0x08009f1c       0x4c CMakeFiles/HEllOWORLD.elf.dir/Drivers/STM32F4xx_HAL_Driver/Src/stm32f4xx_hal.c.obj
                0x08009f1c                HAL_InitTick
 .text.HAL_Init
                0x08009f68       0x34 CMakeFiles/HEllOWORLD.elf.dir/Drivers/STM32F4xx_HAL_Driver/Src/stm32f4xx_hal.c.obj
                0x08009f68                HAL_Init
 .text.HAL_IncTick
                0x08009f9c       0x18 CMakeFiles/HEllOWORLD.elf.dir/Drivers/STM32F4xx_HAL_Driver/Src/stm32f4xx_hal.c.obj
                0x08009f9c                HAL_IncTick
 .text.HAL_GetTick
                0x08009fb4        0xc CMakeFiles/HEllOWORLD.elf.dir/Drivers/STM32F4xx_HAL_Driver/Src/stm32f4xx_hal.c.obj
                0x08009fb4                HAL_GetTick
 .text.ADC_Init
                0x08009fc0      0x134 CMakeFiles/HEllOWORLD.elf.dir/Drivers/STM32F4xx_HAL_Driver/Src/stm32f4xx_hal_adc.c.obj
 .text.HAL_ADC_Init
                0x0800a0f4       0x56 CMakeFiles/HEllOWORLD.elf.dir/Drivers/STM32F4xx_HAL_Driver/Src/stm32f4xx_hal_adc.c.obj
                0x0800a0f4                HAL_ADC_Init
 *fill*         0x0800a14a        0x2 
 .text.HAL_ADC_Start_DMA
                0x0800a14c      0x19c CMakeFiles/HEllOWORLD.elf.dir/Drivers/STM32F4xx_HAL_Driver/Src/stm32f4xx_hal_adc.c.obj
                0x0800a14c                HAL_ADC_Start_DMA
 .text.HAL_ADC_Stop_DMA
                0x0800a2e8       0x78 CMakeFiles/HEllOWORLD.elf.dir/Drivers/STM32F4xx_HAL_Driver/Src/stm32f4xx_hal_adc.c.obj
                0x0800a2e8                HAL_ADC_Stop_DMA
 .text.HAL_ADC_ConvHalfCpltCallback
                0x0800a360        0x2 CMakeFiles/HEllOWORLD.elf.dir/Drivers/STM32F4xx_HAL_Driver/Src/stm32f4xx_hal_adc.c.obj
                0x0800a360                HAL_ADC_ConvHalfCpltCallback
 .text.ADC_DMAHalfConvCplt
                0x0800a362        0xa CMakeFiles/HEllOWORLD.elf.dir/Drivers/STM32F4xx_HAL_Driver/Src/stm32f4xx_hal_adc.c.obj
 .text.HAL_ADC_ErrorCallback
                0x0800a36c        0x2 CMakeFiles/HEllOWORLD.elf.dir/Drivers/STM32F4xx_HAL_Driver/Src/stm32f4xx_hal_adc.c.obj
                0x0800a36c                HAL_ADC_ErrorCallback
 .text.ADC_DMAError
                0x0800a36e       0x16 CMakeFiles/HEllOWORLD.elf.dir/Drivers/STM32F4xx_HAL_Driver/Src/stm32f4xx_hal_adc.c.obj
 .text.ADC_DMAConvCplt
                0x0800a384       0x72 CMakeFiles/HEllOWORLD.elf.dir/Drivers/STM32F4xx_HAL_Driver/Src/stm32f4xx_hal_adc.c.obj
 *fill*         0x0800a3f6        0x2 
 .text.HAL_ADC_ConfigChannel
                0x0800a3f8      0x198 CMakeFiles/HEllOWORLD.elf.dir/Drivers/STM32F4xx_HAL_Driver/Src/stm32f4xx_hal_adc.c.obj
                0x0800a3f8                HAL_ADC_ConfigChannel
 .text.HAL_NVIC_SetPriorityGrouping
                0x0800a590       0x24 CMakeFiles/HEllOWORLD.elf.dir/Drivers/STM32F4xx_HAL_Driver/Src/stm32f4xx_hal_cortex.c.obj
                0x0800a590                HAL_NVIC_SetPriorityGrouping
 .text.HAL_NVIC_SetPriority
                0x0800a5b4       0x70 CMakeFiles/HEllOWORLD.elf.dir/Drivers/STM32F4xx_HAL_Driver/Src/stm32f4xx_hal_cortex.c.obj
                0x0800a5b4                HAL_NVIC_SetPriority
 .text.HAL_NVIC_EnableIRQ
                0x0800a624       0x1c CMakeFiles/HEllOWORLD.elf.dir/Drivers/STM32F4xx_HAL_Driver/Src/stm32f4xx_hal_cortex.c.obj
                0x0800a624                HAL_NVIC_EnableIRQ
 .text.HAL_SYSTICK_Config
                0x0800a640       0x28 CMakeFiles/HEllOWORLD.elf.dir/Drivers/STM32F4xx_HAL_Driver/Src/stm32f4xx_hal_cortex.c.obj
                0x0800a640                HAL_SYSTICK_Config
 .text.HAL_SYSTICK_CLKSourceConfig
                0x0800a668       0x20 CMakeFiles/HEllOWORLD.elf.dir/Drivers/STM32F4xx_HAL_Driver/Src/stm32f4xx_hal_cortex.c.obj
                0x0800a668                HAL_SYSTICK_CLKSourceConfig
 .text.HAL_DAC_Init
                0x0800a688       0x24 CMakeFiles/HEllOWORLD.elf.dir/Drivers/STM32F4xx_HAL_Driver/Src/stm32f4xx_hal_dac.c.obj
                0x0800a688                HAL_DAC_Init
 .text.HAL_DAC_Start_DMA
                0x0800a6ac       0xfc CMakeFiles/HEllOWORLD.elf.dir/Drivers/STM32F4xx_HAL_Driver/Src/stm32f4xx_hal_dac.c.obj
                0x0800a6ac                HAL_DAC_Start_DMA
 .text.HAL_DAC_Stop_DMA
                0x0800a7a8       0x56 CMakeFiles/HEllOWORLD.elf.dir/Drivers/STM32F4xx_HAL_Driver/Src/stm32f4xx_hal_dac.c.obj
                0x0800a7a8                HAL_DAC_Stop_DMA
 .text.HAL_DAC_ConvCpltCallbackCh1
                0x0800a7fe        0x2 CMakeFiles/HEllOWORLD.elf.dir/Drivers/STM32F4xx_HAL_Driver/Src/stm32f4xx_hal_dac.c.obj
                0x0800a7fe                HAL_DAC_ConvCpltCallbackCh1
 .text.DAC_DMAConvCpltCh1
                0x0800a800       0x10 CMakeFiles/HEllOWORLD.elf.dir/Drivers/STM32F4xx_HAL_Driver/Src/stm32f4xx_hal_dac.c.obj
                0x0800a800                DAC_DMAConvCpltCh1
 .text.HAL_DAC_ConvHalfCpltCallbackCh1
                0x0800a810        0x2 CMakeFiles/HEllOWORLD.elf.dir/Drivers/STM32F4xx_HAL_Driver/Src/stm32f4xx_hal_dac.c.obj
                0x0800a810                HAL_DAC_ConvHalfCpltCallbackCh1
 .text.DAC_DMAHalfConvCpltCh1
                0x0800a812        0xa CMakeFiles/HEllOWORLD.elf.dir/Drivers/STM32F4xx_HAL_Driver/Src/stm32f4xx_hal_dac.c.obj
                0x0800a812                DAC_DMAHalfConvCpltCh1
 .text.HAL_DAC_ErrorCallbackCh1
                0x0800a81c        0x2 CMakeFiles/HEllOWORLD.elf.dir/Drivers/STM32F4xx_HAL_Driver/Src/stm32f4xx_hal_dac.c.obj
                0x0800a81c                HAL_DAC_ErrorCallbackCh1
 .text.DAC_DMAErrorCh1
                0x0800a81e       0x18 CMakeFiles/HEllOWORLD.elf.dir/Drivers/STM32F4xx_HAL_Driver/Src/stm32f4xx_hal_dac.c.obj
                0x0800a81e                DAC_DMAErrorCh1
 .text.HAL_DAC_DMAUnderrunCallbackCh1
                0x0800a836        0x2 CMakeFiles/HEllOWORLD.elf.dir/Drivers/STM32F4xx_HAL_Driver/Src/stm32f4xx_hal_dac.c.obj
                0x0800a836                HAL_DAC_DMAUnderrunCallbackCh1
 .text.HAL_DAC_IRQHandler
                0x0800a838       0x70 CMakeFiles/HEllOWORLD.elf.dir/Drivers/STM32F4xx_HAL_Driver/Src/stm32f4xx_hal_dac.c.obj
                0x0800a838                HAL_DAC_IRQHandler
 .text.HAL_DAC_ConfigChannel
                0x0800a8a8       0x56 CMakeFiles/HEllOWORLD.elf.dir/Drivers/STM32F4xx_HAL_Driver/Src/stm32f4xx_hal_dac.c.obj
                0x0800a8a8                HAL_DAC_ConfigChannel
 .text.HAL_DACEx_ConvCpltCallbackCh2
                0x0800a8fe        0x2 CMakeFiles/HEllOWORLD.elf.dir/Drivers/STM32F4xx_HAL_Driver/Src/stm32f4xx_hal_dac_ex.c.obj
                0x0800a8fe                HAL_DACEx_ConvCpltCallbackCh2
 .text.HAL_DACEx_ConvHalfCpltCallbackCh2
                0x0800a900        0x2 CMakeFiles/HEllOWORLD.elf.dir/Drivers/STM32F4xx_HAL_Driver/Src/stm32f4xx_hal_dac_ex.c.obj
                0x0800a900                HAL_DACEx_ConvHalfCpltCallbackCh2
 .text.HAL_DACEx_ErrorCallbackCh2
                0x0800a902        0x2 CMakeFiles/HEllOWORLD.elf.dir/Drivers/STM32F4xx_HAL_Driver/Src/stm32f4xx_hal_dac_ex.c.obj
                0x0800a902                HAL_DACEx_ErrorCallbackCh2
 .text.HAL_DACEx_DMAUnderrunCallbackCh2
                0x0800a904        0x2 CMakeFiles/HEllOWORLD.elf.dir/Drivers/STM32F4xx_HAL_Driver/Src/stm32f4xx_hal_dac_ex.c.obj
                0x0800a904                HAL_DACEx_DMAUnderrunCallbackCh2
 .text.DAC_DMAConvCpltCh2
                0x0800a906       0x10 CMakeFiles/HEllOWORLD.elf.dir/Drivers/STM32F4xx_HAL_Driver/Src/stm32f4xx_hal_dac_ex.c.obj
                0x0800a906                DAC_DMAConvCpltCh2
 .text.DAC_DMAHalfConvCpltCh2
                0x0800a916        0xa CMakeFiles/HEllOWORLD.elf.dir/Drivers/STM32F4xx_HAL_Driver/Src/stm32f4xx_hal_dac_ex.c.obj
                0x0800a916                DAC_DMAHalfConvCpltCh2
 .text.DAC_DMAErrorCh2
                0x0800a920       0x18 CMakeFiles/HEllOWORLD.elf.dir/Drivers/STM32F4xx_HAL_Driver/Src/stm32f4xx_hal_dac_ex.c.obj
                0x0800a920                DAC_DMAErrorCh2
 .text.DMA_SetConfig
                0x0800a938       0x2c CMakeFiles/HEllOWORLD.elf.dir/Drivers/STM32F4xx_HAL_Driver/Src/stm32f4xx_hal_dma.c.obj
 .text.DMA_CalcBaseAndBitshift
                0x0800a964       0x44 CMakeFiles/HEllOWORLD.elf.dir/Drivers/STM32F4xx_HAL_Driver/Src/stm32f4xx_hal_dma.c.obj
 .text.DMA_CheckFifoParam
                0x0800a9a8       0x8e CMakeFiles/HEllOWORLD.elf.dir/Drivers/STM32F4xx_HAL_Driver/Src/stm32f4xx_hal_dma.c.obj
 *fill*         0x0800aa36        0x2 
 .text.HAL_DMA_Init
                0x0800aa38       0xcc CMakeFiles/HEllOWORLD.elf.dir/Drivers/STM32F4xx_HAL_Driver/Src/stm32f4xx_hal_dma.c.obj
                0x0800aa38                HAL_DMA_Init
 .text.HAL_DMA_Start_IT
                0x0800ab04       0x6a CMakeFiles/HEllOWORLD.elf.dir/Drivers/STM32F4xx_HAL_Driver/Src/stm32f4xx_hal_dma.c.obj
                0x0800ab04                HAL_DMA_Start_IT
 .text.HAL_DMA_Abort
                0x0800ab6e       0x94 CMakeFiles/HEllOWORLD.elf.dir/Drivers/STM32F4xx_HAL_Driver/Src/stm32f4xx_hal_dma.c.obj
                0x0800ab6e                HAL_DMA_Abort
 .text.HAL_DMA_Abort_IT
                0x0800ac02       0x26 CMakeFiles/HEllOWORLD.elf.dir/Drivers/STM32F4xx_HAL_Driver/Src/stm32f4xx_hal_dma.c.obj
                0x0800ac02                HAL_DMA_Abort_IT
 .text.HAL_DMA_IRQHandler
                0x0800ac28      0x1dc CMakeFiles/HEllOWORLD.elf.dir/Drivers/STM32F4xx_HAL_Driver/Src/stm32f4xx_hal_dma.c.obj
                0x0800ac28                HAL_DMA_IRQHandler
 .text.HAL_GPIO_Init
                0x0800ae04      0x1e4 CMakeFiles/HEllOWORLD.elf.dir/Drivers/STM32F4xx_HAL_Driver/Src/stm32f4xx_hal_gpio.c.obj
                0x0800ae04                HAL_GPIO_Init
 .text.HAL_GPIO_WritePin
                0x0800afe8        0xc CMakeFiles/HEllOWORLD.elf.dir/Drivers/STM32F4xx_HAL_Driver/Src/stm32f4xx_hal_gpio.c.obj
                0x0800afe8                HAL_GPIO_WritePin
 .text.HAL_RCC_OscConfig
                0x0800aff4      0x3f8 CMakeFiles/HEllOWORLD.elf.dir/Drivers/STM32F4xx_HAL_Driver/Src/stm32f4xx_hal_rcc.c.obj
                0x0800aff4                HAL_RCC_OscConfig
 .text.HAL_RCC_GetSysClockFreq
                0x0800b3ec       0xd4 CMakeFiles/HEllOWORLD.elf.dir/Drivers/STM32F4xx_HAL_Driver/Src/stm32f4xx_hal_rcc.c.obj
                0x0800b3ec                HAL_RCC_GetSysClockFreq
 .text.HAL_RCC_ClockConfig
                0x0800b4c0      0x160 CMakeFiles/HEllOWORLD.elf.dir/Drivers/STM32F4xx_HAL_Driver/Src/stm32f4xx_hal_rcc.c.obj
                0x0800b4c0                HAL_RCC_ClockConfig
 .text.HAL_RCC_GetHCLKFreq
                0x0800b620        0xc CMakeFiles/HEllOWORLD.elf.dir/Drivers/STM32F4xx_HAL_Driver/Src/stm32f4xx_hal_rcc.c.obj
                0x0800b620                HAL_RCC_GetHCLKFreq
 .text.HAL_RCC_GetPCLK1Freq
                0x0800b62c       0x20 CMakeFiles/HEllOWORLD.elf.dir/Drivers/STM32F4xx_HAL_Driver/Src/stm32f4xx_hal_rcc.c.obj
                0x0800b62c                HAL_RCC_GetPCLK1Freq
 .text.HAL_RCC_GetPCLK2Freq
                0x0800b64c       0x20 CMakeFiles/HEllOWORLD.elf.dir/Drivers/STM32F4xx_HAL_Driver/Src/stm32f4xx_hal_rcc.c.obj
                0x0800b64c                HAL_RCC_GetPCLK2Freq
 .text.HAL_SRAM_Init
                0x0800b66c       0x58 CMakeFiles/HEllOWORLD.elf.dir/Drivers/STM32F4xx_HAL_Driver/Src/stm32f4xx_hal_sram.c.obj
                0x0800b66c                HAL_SRAM_Init
 .text.TIM_OC1_SetConfig
                0x0800b6c4       0x68 CMakeFiles/HEllOWORLD.elf.dir/Drivers/STM32F4xx_HAL_Driver/Src/stm32f4xx_hal_tim.c.obj
 .text.TIM_OC3_SetConfig
                0x0800b72c       0x70 CMakeFiles/HEllOWORLD.elf.dir/Drivers/STM32F4xx_HAL_Driver/Src/stm32f4xx_hal_tim.c.obj
 .text.TIM_OC4_SetConfig
                0x0800b79c       0x50 CMakeFiles/HEllOWORLD.elf.dir/Drivers/STM32F4xx_HAL_Driver/Src/stm32f4xx_hal_tim.c.obj
 .text.TIM_TI1_ConfigInputStage
                0x0800b7ec       0x26 CMakeFiles/HEllOWORLD.elf.dir/Drivers/STM32F4xx_HAL_Driver/Src/stm32f4xx_hal_tim.c.obj
 .text.TIM_TI2_SetConfig
                0x0800b812       0x36 CMakeFiles/HEllOWORLD.elf.dir/Drivers/STM32F4xx_HAL_Driver/Src/stm32f4xx_hal_tim.c.obj
 .text.TIM_TI2_ConfigInputStage
                0x0800b848       0x28 CMakeFiles/HEllOWORLD.elf.dir/Drivers/STM32F4xx_HAL_Driver/Src/stm32f4xx_hal_tim.c.obj
 .text.TIM_TI3_SetConfig
                0x0800b870       0x36 CMakeFiles/HEllOWORLD.elf.dir/Drivers/STM32F4xx_HAL_Driver/Src/stm32f4xx_hal_tim.c.obj
 .text.TIM_TI4_SetConfig
                0x0800b8a6       0x36 CMakeFiles/HEllOWORLD.elf.dir/Drivers/STM32F4xx_HAL_Driver/Src/stm32f4xx_hal_tim.c.obj
 .text.TIM_ITRx_SetConfig
                0x0800b8dc       0x10 CMakeFiles/HEllOWORLD.elf.dir/Drivers/STM32F4xx_HAL_Driver/Src/stm32f4xx_hal_tim.c.obj
 .text.HAL_TIM_Base_Start
                0x0800b8ec       0x7c CMakeFiles/HEllOWORLD.elf.dir/Drivers/STM32F4xx_HAL_Driver/Src/stm32f4xx_hal_tim.c.obj
                0x0800b8ec                HAL_TIM_Base_Start
 .text.HAL_TIM_Base_Stop
                0x0800b968       0x28 CMakeFiles/HEllOWORLD.elf.dir/Drivers/STM32F4xx_HAL_Driver/Src/stm32f4xx_hal_tim.c.obj
                0x0800b968                HAL_TIM_Base_Stop
 .text.HAL_TIM_Base_Start_IT
                0x0800b990       0x88 CMakeFiles/HEllOWORLD.elf.dir/Drivers/STM32F4xx_HAL_Driver/Src/stm32f4xx_hal_tim.c.obj
                0x0800b990                HAL_TIM_Base_Start_IT
 .text.HAL_TIM_Base_Stop_IT
                0x0800ba18       0x32 CMakeFiles/HEllOWORLD.elf.dir/Drivers/STM32F4xx_HAL_Driver/Src/stm32f4xx_hal_tim.c.obj
                0x0800ba18                HAL_TIM_Base_Stop_IT
 .text.HAL_TIM_IC_MspInit
                0x0800ba4a        0x2 CMakeFiles/HEllOWORLD.elf.dir/Drivers/STM32F4xx_HAL_Driver/Src/stm32f4xx_hal_tim.c.obj
                0x0800ba4a                HAL_TIM_IC_MspInit
 .text.HAL_TIM_ReadCapturedValue
                0x0800ba4c       0x32 CMakeFiles/HEllOWORLD.elf.dir/Drivers/STM32F4xx_HAL_Driver/Src/stm32f4xx_hal_tim.c.obj
                0x0800ba4c                HAL_TIM_ReadCapturedValue
 .text.HAL_TIM_OC_DelayElapsedCallback
                0x0800ba7e        0x2 CMakeFiles/HEllOWORLD.elf.dir/Drivers/STM32F4xx_HAL_Driver/Src/stm32f4xx_hal_tim.c.obj
                0x0800ba7e                HAL_TIM_OC_DelayElapsedCallback
 .text.HAL_TIM_PWM_PulseFinishedCallback
                0x0800ba80        0x2 CMakeFiles/HEllOWORLD.elf.dir/Drivers/STM32F4xx_HAL_Driver/Src/stm32f4xx_hal_tim.c.obj
                0x0800ba80                HAL_TIM_PWM_PulseFinishedCallback
 .text.HAL_TIM_TriggerCallback
                0x0800ba82        0x2 CMakeFiles/HEllOWORLD.elf.dir/Drivers/STM32F4xx_HAL_Driver/Src/stm32f4xx_hal_tim.c.obj
                0x0800ba82                HAL_TIM_TriggerCallback
 .text.HAL_TIM_IRQHandler
                0x0800ba84      0x17a CMakeFiles/HEllOWORLD.elf.dir/Drivers/STM32F4xx_HAL_Driver/Src/stm32f4xx_hal_tim.c.obj
                0x0800ba84                HAL_TIM_IRQHandler
 *fill*         0x0800bbfe        0x2 
 .text.TIM_Base_SetConfig
                0x0800bc00       0xc8 CMakeFiles/HEllOWORLD.elf.dir/Drivers/STM32F4xx_HAL_Driver/Src/stm32f4xx_hal_tim.c.obj
                0x0800bc00                TIM_Base_SetConfig
 .text.HAL_TIM_Base_Init
                0x0800bcc8       0x58 CMakeFiles/HEllOWORLD.elf.dir/Drivers/STM32F4xx_HAL_Driver/Src/stm32f4xx_hal_tim.c.obj
                0x0800bcc8                HAL_TIM_Base_Init
 .text.HAL_TIM_PWM_Init
                0x0800bd20       0x58 CMakeFiles/HEllOWORLD.elf.dir/Drivers/STM32F4xx_HAL_Driver/Src/stm32f4xx_hal_tim.c.obj
                0x0800bd20                HAL_TIM_PWM_Init
 .text.HAL_TIM_IC_Init
                0x0800bd78       0x58 CMakeFiles/HEllOWORLD.elf.dir/Drivers/STM32F4xx_HAL_Driver/Src/stm32f4xx_hal_tim.c.obj
                0x0800bd78                HAL_TIM_IC_Init
 .text.TIM_OC2_SetConfig
                0x0800bdd0       0x70 CMakeFiles/HEllOWORLD.elf.dir/Drivers/STM32F4xx_HAL_Driver/Src/stm32f4xx_hal_tim.c.obj
                0x0800bdd0                TIM_OC2_SetConfig
 .text.HAL_TIM_PWM_ConfigChannel
                0x0800be40       0xdc CMakeFiles/HEllOWORLD.elf.dir/Drivers/STM32F4xx_HAL_Driver/Src/stm32f4xx_hal_tim.c.obj
                0x0800be40                HAL_TIM_PWM_ConfigChannel
 .text.TIM_TI1_SetConfig
                0x0800bf1c       0x7c CMakeFiles/HEllOWORLD.elf.dir/Drivers/STM32F4xx_HAL_Driver/Src/stm32f4xx_hal_tim.c.obj
                0x0800bf1c                TIM_TI1_SetConfig
 .text.HAL_TIM_IC_ConfigChannel
                0x0800bf98       0xc4 CMakeFiles/HEllOWORLD.elf.dir/Drivers/STM32F4xx_HAL_Driver/Src/stm32f4xx_hal_tim.c.obj
                0x0800bf98                HAL_TIM_IC_ConfigChannel
 .text.TIM_ETR_SetConfig
                0x0800c05c       0x1a CMakeFiles/HEllOWORLD.elf.dir/Drivers/STM32F4xx_HAL_Driver/Src/stm32f4xx_hal_tim.c.obj
                0x0800c05c                TIM_ETR_SetConfig
 .text.HAL_TIM_ConfigClockSource
                0x0800c076       0xfe CMakeFiles/HEllOWORLD.elf.dir/Drivers/STM32F4xx_HAL_Driver/Src/stm32f4xx_hal_tim.c.obj
                0x0800c076                HAL_TIM_ConfigClockSource
 .text.TIM_CCxChannelCmd
                0x0800c174       0x1e CMakeFiles/HEllOWORLD.elf.dir/Drivers/STM32F4xx_HAL_Driver/Src/stm32f4xx_hal_tim.c.obj
                0x0800c174                TIM_CCxChannelCmd
 *fill*         0x0800c192        0x2 
 .text.HAL_TIM_PWM_Start
                0x0800c194      0x104 CMakeFiles/HEllOWORLD.elf.dir/Drivers/STM32F4xx_HAL_Driver/Src/stm32f4xx_hal_tim.c.obj
                0x0800c194                HAL_TIM_PWM_Start
 .text.HAL_TIM_PWM_Stop
                0x0800c298       0x8c CMakeFiles/HEllOWORLD.elf.dir/Drivers/STM32F4xx_HAL_Driver/Src/stm32f4xx_hal_tim.c.obj
                0x0800c298                HAL_TIM_PWM_Stop
 .text.HAL_TIM_IC_Start_IT
                0x0800c324      0x174 CMakeFiles/HEllOWORLD.elf.dir/Drivers/STM32F4xx_HAL_Driver/Src/stm32f4xx_hal_tim.c.obj
                0x0800c324                HAL_TIM_IC_Start_IT
 .text.HAL_TIM_IC_Stop_IT
                0x0800c498       0xd0 CMakeFiles/HEllOWORLD.elf.dir/Drivers/STM32F4xx_HAL_Driver/Src/stm32f4xx_hal_tim.c.obj
                0x0800c498                HAL_TIM_IC_Stop_IT
 .text.HAL_TIMEx_MasterConfigSynchronization
                0x0800c568       0x8c CMakeFiles/HEllOWORLD.elf.dir/Drivers/STM32F4xx_HAL_Driver/Src/stm32f4xx_hal_tim_ex.c.obj
                0x0800c568                HAL_TIMEx_MasterConfigSynchronization
 .text.HAL_TIMEx_CommutCallback
                0x0800c5f4        0x2 CMakeFiles/HEllOWORLD.elf.dir/Drivers/STM32F4xx_HAL_Driver/Src/stm32f4xx_hal_tim_ex.c.obj
                0x0800c5f4                HAL_TIMEx_CommutCallback
 .text.HAL_TIMEx_BreakCallback
                0x0800c5f6        0x2 CMakeFiles/HEllOWORLD.elf.dir/Drivers/STM32F4xx_HAL_Driver/Src/stm32f4xx_hal_tim_ex.c.obj
                0x0800c5f6                HAL_TIMEx_BreakCallback
 .text.UART_EndRxTransfer
                0x0800c5f8       0x5c CMakeFiles/HEllOWORLD.elf.dir/Drivers/STM32F4xx_HAL_Driver/Src/stm32f4xx_hal_uart.c.obj
 .text.UART_Transmit_IT
                0x0800c654       0x60 CMakeFiles/HEllOWORLD.elf.dir/Drivers/STM32F4xx_HAL_Driver/Src/stm32f4xx_hal_uart.c.obj
 .text.UART_SetConfig
                0x0800c6b4      0x110 CMakeFiles/HEllOWORLD.elf.dir/Drivers/STM32F4xx_HAL_Driver/Src/stm32f4xx_hal_uart.c.obj
 .text.UART_WaitOnFlagUntilTimeout
                0x0800c7c4       0x88 CMakeFiles/HEllOWORLD.elf.dir/Drivers/STM32F4xx_HAL_Driver/Src/stm32f4xx_hal_uart.c.obj
 .text.HAL_UART_Init
                0x0800c84c       0x5e CMakeFiles/HEllOWORLD.elf.dir/Drivers/STM32F4xx_HAL_Driver/Src/stm32f4xx_hal_uart.c.obj
                0x0800c84c                HAL_UART_Init
 .text.HAL_UART_Transmit
                0x0800c8aa       0xd8 CMakeFiles/HEllOWORLD.elf.dir/Drivers/STM32F4xx_HAL_Driver/Src/stm32f4xx_hal_uart.c.obj
                0x0800c8aa                HAL_UART_Transmit
 .text.HAL_UART_Receive
                0x0800c982       0xe4 CMakeFiles/HEllOWORLD.elf.dir/Drivers/STM32F4xx_HAL_Driver/Src/stm32f4xx_hal_uart.c.obj
                0x0800c982                HAL_UART_Receive
 .text.HAL_UART_TxCpltCallback
                0x0800ca66        0x2 CMakeFiles/HEllOWORLD.elf.dir/Drivers/STM32F4xx_HAL_Driver/Src/stm32f4xx_hal_uart.c.obj
                0x0800ca66                HAL_UART_TxCpltCallback
 .text.UART_EndTransmit_IT
                0x0800ca68       0x1a CMakeFiles/HEllOWORLD.elf.dir/Drivers/STM32F4xx_HAL_Driver/Src/stm32f4xx_hal_uart.c.obj
 .text.HAL_UART_RxCpltCallback
                0x0800ca82        0x2 CMakeFiles/HEllOWORLD.elf.dir/Drivers/STM32F4xx_HAL_Driver/Src/stm32f4xx_hal_uart.c.obj
                0x0800ca82                HAL_UART_RxCpltCallback
 .text.HAL_UART_ErrorCallback
                0x0800ca84        0x2 CMakeFiles/HEllOWORLD.elf.dir/Drivers/STM32F4xx_HAL_Driver/Src/stm32f4xx_hal_uart.c.obj
                0x0800ca84                HAL_UART_ErrorCallback
 .text.UART_DMAAbortOnError
                0x0800ca86       0x10 CMakeFiles/HEllOWORLD.elf.dir/Drivers/STM32F4xx_HAL_Driver/Src/stm32f4xx_hal_uart.c.obj
 .text.HAL_UARTEx_RxEventCallback
                0x0800ca96        0x2 CMakeFiles/HEllOWORLD.elf.dir/Drivers/STM32F4xx_HAL_Driver/Src/stm32f4xx_hal_uart.c.obj
                0x0800ca96                HAL_UARTEx_RxEventCallback
 .text.UART_Receive_IT
                0x0800ca98       0xe2 CMakeFiles/HEllOWORLD.elf.dir/Drivers/STM32F4xx_HAL_Driver/Src/stm32f4xx_hal_uart.c.obj
 *fill*         0x0800cb7a        0x2 
 .text.HAL_UART_IRQHandler
                0x0800cb7c      0x280 CMakeFiles/HEllOWORLD.elf.dir/Drivers/STM32F4xx_HAL_Driver/Src/stm32f4xx_hal_uart.c.obj
                0x0800cb7c                HAL_UART_IRQHandler
 .text.FSMC_NORSRAM_Init
                0x0800cdfc       0x6c CMakeFiles/HEllOWORLD.elf.dir/Drivers/STM32F4xx_HAL_Driver/Src/stm32f4xx_ll_fsmc.c.obj
                0x0800cdfc                FSMC_NORSRAM_Init
 .text.FSMC_NORSRAM_Timing_Init
                0x0800ce68       0x44 CMakeFiles/HEllOWORLD.elf.dir/Drivers/STM32F4xx_HAL_Driver/Src/stm32f4xx_ll_fsmc.c.obj
                0x0800ce68                FSMC_NORSRAM_Timing_Init
 .text.FSMC_NORSRAM_Extended_Timing_Init
                0x0800ceac       0x44 CMakeFiles/HEllOWORLD.elf.dir/Drivers/STM32F4xx_HAL_Driver/Src/stm32f4xx_ll_fsmc.c.obj
                0x0800ceac                FSMC_NORSRAM_Extended_Timing_Init
 .text._lcd_wr_regno
                0x0800cef0        0xc CMakeFiles/HEllOWORLD.elf.dir/HardWare/lcd/lcd.c.obj
                0x0800cef0                _lcd_wr_regno
 .text._lcd_wr_data
                0x0800cefc        0xc CMakeFiles/HEllOWORLD.elf.dir/HardWare/lcd/lcd.c.obj
                0x0800cefc                _lcd_wr_data
 .text.lcd_write_reg
                0x0800cf08       0x10 CMakeFiles/HEllOWORLD.elf.dir/HardWare/lcd/lcd.c.obj
                0x0800cf08                lcd_write_reg
 .text.lcd_rd_data
                0x0800cf18       0x1c CMakeFiles/HEllOWORLD.elf.dir/HardWare/lcd/lcd.c.obj
                0x0800cf18                lcd_rd_data
 .text._lcd_r_regno
                0x0800cf34       0x12 CMakeFiles/HEllOWORLD.elf.dir/HardWare/lcd/lcd.c.obj
                0x0800cf34                _lcd_r_regno
 *fill*         0x0800cf46        0x2 
 .text.lcd_write_ram_prepare
                0x0800cf48       0x10 CMakeFiles/HEllOWORLD.elf.dir/HardWare/lcd/lcd.c.obj
                0x0800cf48                lcd_write_ram_prepare
 .text.lcd_set_cursor
                0x0800cf58       0x34 CMakeFiles/HEllOWORLD.elf.dir/HardWare/lcd/lcd.c.obj
                0x0800cf58                lcd_set_cursor
 .text._lcd_clear
                0x0800cf8c       0x48 CMakeFiles/HEllOWORLD.elf.dir/HardWare/lcd/lcd.c.obj
                0x0800cf8c                _lcd_clear
 .text.lcd_scan_dir
                0x0800cfd4       0xa4 CMakeFiles/HEllOWORLD.elf.dir/HardWare/lcd/lcd.c.obj
                0x0800cfd4                lcd_scan_dir
 .text.lcd_display_dir
                0x0800d078       0xb8 CMakeFiles/HEllOWORLD.elf.dir/HardWare/lcd/lcd.c.obj
                0x0800d078                lcd_display_dir
 .text.lcd_init
                0x0800d130       0x9c CMakeFiles/HEllOWORLD.elf.dir/HardWare/lcd/lcd.c.obj
                0x0800d130                lcd_init
 .text._lcd_ex_ili9341_reginit
                0x0800d1cc      0x22c CMakeFiles/HEllOWORLD.elf.dir/HardWare/lcd/lcd_ex.c.obj
                0x0800d1cc                _lcd_ex_ili9341_reginit
 .text._ZN16SignalPeripheral4initEv
                0x0800d3f8        0x2 CMakeFiles/HEllOWORLD.elf.dir/Platform/Adc/My_Adc.cpp.obj
                0x0800d3f8                SignalPeripheral::init()
 *fill*         0x0800d3fa        0x2 
 .text._ZN6My_Adc4initEmy
                0x0800d3fc       0x28 CMakeFiles/HEllOWORLD.elf.dir/Platform/Adc/My_Adc.cpp.obj
                0x0800d3fc                My_Adc::init(unsigned long, unsigned long long)
 .text._ZN6My_Adc5startEv
                0x0800d424       0x22 CMakeFiles/HEllOWORLD.elf.dir/Platform/Adc/My_Adc.cpp.obj
                0x0800d424                My_Adc::start()
 .text._ZN6My_Adc4stopEv
                0x0800d446       0x20 CMakeFiles/HEllOWORLD.elf.dir/Platform/Adc/My_Adc.cpp.obj
                0x0800d446                My_Adc::stop()
 *fill*         0x0800d466        0x2 
 .text.HAL_ADC_ConvCpltCallback
                0x0800d468       0x34 CMakeFiles/HEllOWORLD.elf.dir/Platform/Adc/My_Adc.cpp.obj
                0x0800d468                HAL_ADC_ConvCpltCallback
 .text._ZN16SignalPeripheral4initEmy
                0x0800d49c        0x8 CMakeFiles/HEllOWORLD.elf.dir/Platform/Dac/My_Dac.cpp.obj
                0x0800d49c                SignalPeripheral::init(unsigned long, unsigned long long)
 .text._ZN6My_Dac5startEv
                0x0800d4a4       0x4c CMakeFiles/HEllOWORLD.elf.dir/Platform/Dac/My_Dac.cpp.obj
                0x0800d4a4                My_Dac::start()
 .text._ZN6My_Dac4stopEv
                0x0800d4f0       0x28 CMakeFiles/HEllOWORLD.elf.dir/Platform/Dac/My_Dac.cpp.obj
                0x0800d4f0                My_Dac::stop()
 .text._Z17dac_creat_sin_bufPttmf
                0x0800d518       0xa8 CMakeFiles/HEllOWORLD.elf.dir/Platform/Dac/My_Dac.cpp.obj
                0x0800d518                dac_creat_sin_buf(unsigned short*, unsigned short, unsigned long, float)
 .text._Z17dac_creat_tri_bufPttmt
                0x0800d5c0       0x88 CMakeFiles/HEllOWORLD.elf.dir/Platform/Dac/My_Dac.cpp.obj
                0x0800d5c0                dac_creat_tri_buf(unsigned short*, unsigned short, unsigned long, unsigned short)
 .text._ZN6My_Dac11select_waveER18WaveformProperties
                0x0800d648       0x6a CMakeFiles/HEllOWORLD.elf.dir/Platform/Dac/My_Dac.cpp.obj
                0x0800d648                My_Dac::select_wave(WaveformProperties&)
 *fill*         0x0800d6b2        0x2 
 .text._ZN6My_Dac4initEmyR18WaveformProperties
                0x0800d6b4       0x50 CMakeFiles/HEllOWORLD.elf.dir/Platform/Dac/My_Dac.cpp.obj
                0x0800d6b4                My_Dac::init(unsigned long, unsigned long long, WaveformProperties&)
 *fill*         0x0800d704        0x4 
 .text._ZN16SignalPeripheral16calc_tim_arr_pscEv
                0x0800d708      0x134 CMakeFiles/HEllOWORLD.elf.dir/Platform/Peripheral/SignalPeripheral.cpp.obj
                0x0800d708                SignalPeripheral::calc_tim_arr_psc()
 .text._ZN6My_Pwm4stopEv
                0x0800d83c        0xc CMakeFiles/HEllOWORLD.elf.dir/Platform/Pwm/My_Pwm.cpp.obj
                0x0800d83c                My_Pwm::stop()
 .text._ZN6My_Pwm8set_dutyEf
                0x0800d848       0x1e CMakeFiles/HEllOWORLD.elf.dir/Platform/Pwm/My_Pwm.cpp.obj
                0x0800d848                My_Pwm::set_duty(float)
 .text._ZN6My_Pwm5startEv
                0x0800d866       0x1e CMakeFiles/HEllOWORLD.elf.dir/Platform/Pwm/My_Pwm.cpp.obj
                0x0800d866                My_Pwm::start()
 .text._ZN15AdvancedMeasure8get_freqEv
                0x0800d884       0x54 CMakeFiles/HEllOWORLD.elf.dir/Platform/SignalProcess/AdvancedMeasure/AdvancedMeasure.cpp.obj
                0x0800d884                AdvancedMeasure::get_freq()
 .text._ZN15AdvancedMeasure4initER6My_Adc
                0x0800d8d8        0xc CMakeFiles/HEllOWORLD.elf.dir/Platform/SignalProcess/AdvancedMeasure/AdvancedMeasure.cpp.obj
                0x0800d8d8                AdvancedMeasure::init(My_Adc&)
 .text._ZN15AdvancedMeasure13apply_windowsEv
                0x0800d8e4        0xc CMakeFiles/HEllOWORLD.elf.dir/Platform/SignalProcess/AdvancedMeasure/AdvancedMeasure.cpp.obj
                0x0800d8e4                AdvancedMeasure::apply_windows()
 .text._Z4cfftPfmhhS_
                0x0800d8f0      0x108 CMakeFiles/HEllOWORLD.elf.dir/Platform/SignalProcess/FFT/Fft.cpp.obj
                0x0800d8f0                cfft(float*, unsigned long, unsigned char, unsigned char, float*)
 .text._ZN15AdvancedMeasure3fftEv
                0x0800d9f8       0x1c CMakeFiles/HEllOWORLD.elf.dir/Platform/SignalProcess/FFT/Fft.cpp.obj
                0x0800d9f8                AdvancedMeasure::fft()
 .text._Z10filter_firPfS_
                0x0800da14       0x54 CMakeFiles/HEllOWORLD.elf.dir/Platform/SignalProcess/Filter/Filter.cpp.obj
                0x0800da14                filter_fir(float*, float*)
 .text._ZN15AdvancedMeasure6filterE11Filter_Type
                0x0800da68       0x10 CMakeFiles/HEllOWORLD.elf.dir/Platform/SignalProcess/Filter/Filter.cpp.obj
                0x0800da68                AdvancedMeasure::filter(Filter_Type)
 .text._ZN10PwmMeasure4initEmy
                0x0800da78       0x1c CMakeFiles/HEllOWORLD.elf.dir/Platform/SignalProcess/PwmMeasure/PwmMeasure.cpp.obj
                0x0800da78                PwmMeasure::init(unsigned long, unsigned long long)
 .text._ZN10PwmMeasure16calc_tim_arr_pscEv
                0x0800da94       0x50 CMakeFiles/HEllOWORLD.elf.dir/Platform/SignalProcess/PwmMeasure/PwmMeasure.cpp.obj
                0x0800da94                PwmMeasure::calc_tim_arr_psc()
 .text._ZN10PwmMeasure5startEv
                0x0800dae4       0xd0 CMakeFiles/HEllOWORLD.elf.dir/Platform/SignalProcess/PwmMeasure/PwmMeasure.cpp.obj
                0x0800dae4                PwmMeasure::start()
 .text._ZN10PwmMeasure4stopEv
                0x0800dbb4       0x14 CMakeFiles/HEllOWORLD.elf.dir/Platform/SignalProcess/PwmMeasure/PwmMeasure.cpp.obj
                0x0800dbb4                PwmMeasure::stop()
 .text.HAL_TIM_PeriodElapsedCallback
                0x0800dbc8       0x20 CMakeFiles/HEllOWORLD.elf.dir/Platform/SignalProcess/PwmMeasure/PwmMeasure.cpp.obj
                0x0800dbc8                HAL_TIM_PeriodElapsedCallback
 .text.HAL_TIM_IC_CaptureCallback
                0x0800dbe8      0x184 CMakeFiles/HEllOWORLD.elf.dir/Platform/SignalProcess/PwmMeasure/PwmMeasure.cpp.obj
                0x0800dbe8                HAL_TIM_IC_CaptureCallback
 .text._ZN17SignalProcessBase4initER6My_Adc
                0x0800dd6c       0x64 CMakeFiles/HEllOWORLD.elf.dir/Platform/SignalProcess/SignalProcessBase.cpp.obj
                0x0800dd6c                SignalProcessBase::init(My_Adc&)
 .text._ZN17SignalProcessBase5debugEv
                0x0800ddd0       0x2c CMakeFiles/HEllOWORLD.elf.dir/Platform/SignalProcess/SignalProcessBase.cpp.obj
                0x0800ddd0                SignalProcessBase::debug()
 .text._ZN17SignalProcessBase4readEv
                0x0800ddfc        0xa CMakeFiles/HEllOWORLD.elf.dir/Platform/SignalProcess/SignalProcessBase.cpp.obj
                0x0800ddfc                SignalProcessBase::read()
 .text._ZN17SignalProcessBase13apply_windowsEv
                0x0800de06       0x3e CMakeFiles/HEllOWORLD.elf.dir/Platform/SignalProcess/Windows/Windows.cpp.obj
                0x0800de06                SignalProcessBase::apply_windows()
 .text.delay_init
                0x0800de44       0x14 CMakeFiles/HEllOWORLD.elf.dir/System/delay/delay.c.obj
                0x0800de44                delay_init
 .text.delay_us
                0x0800de58       0x40 CMakeFiles/HEllOWORLD.elf.dir/System/delay/delay.c.obj
                0x0800de58                delay_us
 .text.delay_ms
                0x0800de98       0x18 CMakeFiles/HEllOWORLD.elf.dir/System/delay/delay.c.obj
                0x0800de98                delay_ms
 .text.RetargetInit
                0x0800deb0       0x20 CMakeFiles/HEllOWORLD.elf.dir/System/usart/retarget.c.obj
                0x0800deb0                RetargetInit
 .text._write   0x0800ded0       0x34 CMakeFiles/HEllOWORLD.elf.dir/System/usart/retarget.c.obj
                0x0800ded0                _write
 .text._read    0x0800df04       0x30 CMakeFiles/HEllOWORLD.elf.dir/System/usart/retarget.c.obj
                0x0800df04                _read
 .text._Z4Initv
                0x0800df34       0x58 CMakeFiles/HEllOWORLD.elf.dir/UserApp/init.cpp.obj
                0x0800df34                Init()
 .text._Z41__static_initialization_and_destruction_0ii
                0x0800df8c      0x128 CMakeFiles/HEllOWORLD.elf.dir/UserApp/main.cpp.obj
 *fill*         0x0800e0b4        0x4 
 .text.Main     0x0800e0b8      0x10c CMakeFiles/HEllOWORLD.elf.dir/UserApp/main.cpp.obj
                0x0800e0b8                Main
 .text._GLOBAL__sub_I_Adc
                0x0800e1c4        0xe CMakeFiles/HEllOWORLD.elf.dir/UserApp/main.cpp.obj
 *fill*         0x0800e1d2        0x2 
 .text.Reset_Handler
                0x0800e1d4       0x50 CMakeFiles/HEllOWORLD.elf.dir/startup/startup_stm32f407xx.s.obj
                0x0800e1d4                Reset_Handler
 .text.Default_Handler
                0x0800e224        0x2 CMakeFiles/HEllOWORLD.elf.dir/startup/startup_stm32f407xx.s.obj
                0x0800e224                RTC_Alarm_IRQHandler
                0x0800e224                HASH_RNG_IRQHandler
                0x0800e224                EXTI2_IRQHandler
                0x0800e224                TIM8_CC_IRQHandler
                0x0800e224                TIM1_CC_IRQHandler
                0x0800e224                DMA2_Stream5_IRQHandler
                0x0800e224                PVD_IRQHandler
                0x0800e224                SDIO_IRQHandler
                0x0800e224                TAMP_STAMP_IRQHandler
                0x0800e224                CAN2_RX1_IRQHandler
                0x0800e224                EXTI3_IRQHandler
                0x0800e224                TIM8_TRG_COM_TIM14_IRQHandler
                0x0800e224                TIM1_UP_TIM10_IRQHandler
                0x0800e224                TIM8_UP_TIM13_IRQHandler
                0x0800e224                I2C3_ER_IRQHandler
                0x0800e224                EXTI0_IRQHandler
                0x0800e224                I2C2_EV_IRQHandler
                0x0800e224                DMA1_Stream2_IRQHandler
                0x0800e224                CAN1_RX0_IRQHandler
                0x0800e224                FPU_IRQHandler
                0x0800e224                OTG_HS_WKUP_IRQHandler
                0x0800e224                CAN2_SCE_IRQHandler
                0x0800e224                DMA2_Stream2_IRQHandler
                0x0800e224                SPI1_IRQHandler
                0x0800e224                DCMI_IRQHandler
                0x0800e224                CAN2_RX0_IRQHandler
                0x0800e224                DMA2_Stream3_IRQHandler
                0x0800e224                USART6_IRQHandler
                0x0800e224                CAN1_RX1_IRQHandler
                0x0800e224                UART5_IRQHandler
                0x0800e224                TIM4_IRQHandler
                0x0800e224                I2C1_EV_IRQHandler
                0x0800e224                UART4_IRQHandler
                0x0800e224                TIM3_IRQHandler
                0x0800e224                RCC_IRQHandler
                0x0800e224                TIM8_BRK_TIM12_IRQHandler
                0x0800e224                Default_Handler
                0x0800e224                EXTI15_10_IRQHandler
                0x0800e224                ADC_IRQHandler
                0x0800e224                DMA1_Stream7_IRQHandler
                0x0800e224                TIM7_IRQHandler
                0x0800e224                CAN2_TX_IRQHandler
                0x0800e224                TIM5_IRQHandler
                0x0800e224                DMA2_Stream7_IRQHandler
                0x0800e224                I2C3_EV_IRQHandler
                0x0800e224                EXTI9_5_IRQHandler
                0x0800e224                RTC_WKUP_IRQHandler
                0x0800e224                ETH_WKUP_IRQHandler
                0x0800e224                SPI2_IRQHandler
                0x0800e224                OTG_HS_EP1_IN_IRQHandler
                0x0800e224                DMA1_Stream0_IRQHandler
                0x0800e224                CAN1_TX_IRQHandler
                0x0800e224                EXTI4_IRQHandler
                0x0800e224                FSMC_IRQHandler
                0x0800e224                ETH_IRQHandler
                0x0800e224                OTG_HS_EP1_OUT_IRQHandler
                0x0800e224                WWDG_IRQHandler
                0x0800e224                TIM2_IRQHandler
                0x0800e224                OTG_FS_WKUP_IRQHandler
                0x0800e224                TIM1_TRG_COM_TIM11_IRQHandler
                0x0800e224                OTG_HS_IRQHandler
                0x0800e224                EXTI1_IRQHandler
                0x0800e224                USART2_IRQHandler
                0x0800e224                I2C2_ER_IRQHandler
                0x0800e224                DMA2_Stream1_IRQHandler
                0x0800e224                CAN1_SCE_IRQHandler
                0x0800e224                FLASH_IRQHandler
                0x0800e224                DMA2_Stream4_IRQHandler
                0x0800e224                USART1_IRQHandler
                0x0800e224                OTG_FS_IRQHandler
                0x0800e224                SPI3_IRQHandler
                0x0800e224                DMA1_Stream4_IRQHandler
                0x0800e224                I2C1_ER_IRQHandler
                0x0800e224                DMA2_Stream6_IRQHandler
                0x0800e224                DMA1_Stream3_IRQHandler
 *fill*         0x0800e226        0x2 
 .text._ZNK10__cxxabiv117__class_type_info11__do_upcastEPKS0_PPv
                0x0800e228       0x34 c:/mingw/gcc-arm-none-eabi-10.3-2021.10/bin/../lib/gcc/arm-none-eabi/10.3.1/../../../../arm-none-eabi/lib/thumb/v7e-m+fp/hard\libstdc++.a(class_type_info.o)
                0x0800e228                __cxxabiv1::__class_type_info::__do_upcast(__cxxabiv1::__class_type_info const*, void**) const
 .text._ZNK10__cxxabiv117__class_type_info20__do_find_public_srcEiPKvPKS0_S2_
                0x0800e25c        0xc c:/mingw/gcc-arm-none-eabi-10.3-2021.10/bin/../lib/gcc/arm-none-eabi/10.3.1/../../../../arm-none-eabi/lib/thumb/v7e-m+fp/hard\libstdc++.a(class_type_info.o)
                0x0800e25c                __cxxabiv1::__class_type_info::__do_find_public_src(int, void const*, __cxxabiv1::__class_type_info const*, void const*) const
 .text._ZN10__cxxabiv117__class_type_infoD2Ev
                0x0800e268       0x14 c:/mingw/gcc-arm-none-eabi-10.3-2021.10/bin/../lib/gcc/arm-none-eabi/10.3.1/../../../../arm-none-eabi/lib/thumb/v7e-m+fp/hard\libstdc++.a(class_type_info.o)
                0x0800e268                __cxxabiv1::__class_type_info::~__class_type_info()
                0x0800e268                __cxxabiv1::__class_type_info::~__class_type_info()
 .text._ZN10__cxxabiv117__class_type_infoD0Ev
                0x0800e27c       0x1c c:/mingw/gcc-arm-none-eabi-10.3-2021.10/bin/../lib/gcc/arm-none-eabi/10.3.1/../../../../arm-none-eabi/lib/thumb/v7e-m+fp/hard\libstdc++.a(class_type_info.o)
                0x0800e27c                __cxxabiv1::__class_type_info::~__class_type_info()
 .text._ZNK10__cxxabiv117__class_type_info12__do_dyncastEiNS0_10__sub_kindEPKS0_PKvS3_S5_RNS0_16__dyncast_resultE
                0x0800e298       0x44 c:/mingw/gcc-arm-none-eabi-10.3-2021.10/bin/../lib/gcc/arm-none-eabi/10.3.1/../../../../arm-none-eabi/lib/thumb/v7e-m+fp/hard\libstdc++.a(class_type_info.o)
                0x0800e298                __cxxabiv1::__class_type_info::__do_dyncast(int, __cxxabiv1::__class_type_info::__sub_kind, __cxxabiv1::__class_type_info const*, void const*, __cxxabiv1::__class_type_info const*, void const*, __cxxabiv1::__class_type_info::__dyncast_result&) const
 .text._ZNK10__cxxabiv117__class_type_info11__do_upcastEPKS0_PKvRNS0_15__upcast_resultE
                0x0800e2dc       0x1c c:/mingw/gcc-arm-none-eabi-10.3-2021.10/bin/../lib/gcc/arm-none-eabi/10.3.1/../../../../arm-none-eabi/lib/thumb/v7e-m+fp/hard\libstdc++.a(class_type_info.o)
                0x0800e2dc                __cxxabiv1::__class_type_info::__do_upcast(__cxxabiv1::__class_type_info const*, void const*, __cxxabiv1::__class_type_info::__upcast_result&) const
 .text._ZNK10__cxxabiv117__class_type_info10__do_catchEPKSt9type_infoPPvj
                0x0800e2f8       0x2c c:/mingw/gcc-arm-none-eabi-10.3-2021.10/bin/../lib/gcc/arm-none-eabi/10.3.1/../../../../arm-none-eabi/lib/thumb/v7e-m+fp/hard\libstdc++.a(class_type_info.o)
                0x0800e2f8                __cxxabiv1::__class_type_info::__do_catch(std::type_info const*, void**, unsigned int) const
 .text._ZdlPvj  0x0800e324        0x4 c:/mingw/gcc-arm-none-eabi-10.3-2021.10/bin/../lib/gcc/arm-none-eabi/10.3.1/../../../../arm-none-eabi/lib/thumb/v7e-m+fp/hard\libstdc++.a(del_ops.o)
                0x0800e324                operator delete(void*, unsigned int)
 .text.__cxa_pure_virtual
                0x0800e328       0x14 c:/mingw/gcc-arm-none-eabi-10.3-2021.10/bin/../lib/gcc/arm-none-eabi/10.3.1/../../../../arm-none-eabi/lib/thumb/v7e-m+fp/hard\libstdc++.a(pure.o)
                0x0800e328                __cxa_pure_virtual
 .text._ZN10__cxxabiv120__si_class_type_infoD2Ev
                0x0800e33c       0x14 c:/mingw/gcc-arm-none-eabi-10.3-2021.10/bin/../lib/gcc/arm-none-eabi/10.3.1/../../../../arm-none-eabi/lib/thumb/v7e-m+fp/hard\libstdc++.a(si_class_type_info.o)
                0x0800e33c                __cxxabiv1::__si_class_type_info::~__si_class_type_info()
                0x0800e33c                __cxxabiv1::__si_class_type_info::~__si_class_type_info()
 .text._ZN10__cxxabiv120__si_class_type_infoD0Ev
                0x0800e350       0x1c c:/mingw/gcc-arm-none-eabi-10.3-2021.10/bin/../lib/gcc/arm-none-eabi/10.3.1/../../../../arm-none-eabi/lib/thumb/v7e-m+fp/hard\libstdc++.a(si_class_type_info.o)
                0x0800e350                __cxxabiv1::__si_class_type_info::~__si_class_type_info()
 .text._ZNK10__cxxabiv120__si_class_type_info20__do_find_public_srcEiPKvPKNS_17__class_type_infoES2_
                0x0800e36c       0x3c c:/mingw/gcc-arm-none-eabi-10.3-2021.10/bin/../lib/gcc/arm-none-eabi/10.3.1/../../../../arm-none-eabi/lib/thumb/v7e-m+fp/hard\libstdc++.a(si_class_type_info.o)
                0x0800e36c                __cxxabiv1::__si_class_type_info::__do_find_public_src(int, void const*, __cxxabiv1::__class_type_info const*, void const*) const
 .text._ZNK10__cxxabiv120__si_class_type_info12__do_dyncastEiNS_17__class_type_info10__sub_kindEPKS1_PKvS4_S6_RNS1_16__dyncast_resultE
                0x0800e3a8       0x80 c:/mingw/gcc-arm-none-eabi-10.3-2021.10/bin/../lib/gcc/arm-none-eabi/10.3.1/../../../../arm-none-eabi/lib/thumb/v7e-m+fp/hard\libstdc++.a(si_class_type_info.o)
                0x0800e3a8                __cxxabiv1::__si_class_type_info::__do_dyncast(int, __cxxabiv1::__class_type_info::__sub_kind, __cxxabiv1::__class_type_info const*, void const*, __cxxabiv1::__class_type_info const*, void const*, __cxxabiv1::__class_type_info::__dyncast_result&) const
 .text._ZNK10__cxxabiv120__si_class_type_info11__do_upcastEPKNS_17__class_type_infoEPKvRNS1_15__upcast_resultE
                0x0800e428       0x2c c:/mingw/gcc-arm-none-eabi-10.3-2021.10/bin/../lib/gcc/arm-none-eabi/10.3.1/../../../../arm-none-eabi/lib/thumb/v7e-m+fp/hard\libstdc++.a(si_class_type_info.o)
                0x0800e428                __cxxabiv1::__si_class_type_info::__do_upcast(__cxxabiv1::__class_type_info const*, void const*, __cxxabiv1::__class_type_info::__upcast_result&) const
 .text._ZNSt9type_infoD2Ev
                0x0800e454        0x4 c:/mingw/gcc-arm-none-eabi-10.3-2021.10/bin/../lib/gcc/arm-none-eabi/10.3.1/../../../../arm-none-eabi/lib/thumb/v7e-m+fp/hard\libstdc++.a(tinfo.o)
                0x0800e454                std::type_info::~type_info()
                0x0800e454                std::type_info::~type_info()
 .text._ZNKSt9type_info14__is_pointer_pEv
                0x0800e458        0x4 c:/mingw/gcc-arm-none-eabi-10.3-2021.10/bin/../lib/gcc/arm-none-eabi/10.3.1/../../../../arm-none-eabi/lib/thumb/v7e-m+fp/hard\libstdc++.a(tinfo.o)
                0x0800e458                std::type_info::__is_pointer_p() const
                0x0800e458                std::type_info::__is_function_p() const
 .text._ZNKSt9type_infoeqERKS_
                0x0800e45c       0x2c c:/mingw/gcc-arm-none-eabi-10.3-2021.10/bin/../lib/gcc/arm-none-eabi/10.3.1/../../../../arm-none-eabi/lib/thumb/v7e-m+fp/hard\libstdc++.a(tinfo.o)
                0x0800e45c                std::type_info::operator==(std::type_info const&) const
 .text._ZdlPv   0x0800e488        0x4 c:/mingw/gcc-arm-none-eabi-10.3-2021.10/bin/../lib/gcc/arm-none-eabi/10.3.1/../../../../arm-none-eabi/lib/thumb/v7e-m+fp/hard\libstdc++.a(del_op.o)
                0x0800e488                operator delete(void*)
 .text._ZN10__cxxabiv111__terminateEPFvvE
                0x0800e48c       0x28 c:/mingw/gcc-arm-none-eabi-10.3-2021.10/bin/../lib/gcc/arm-none-eabi/10.3.1/../../../../arm-none-eabi/lib/thumb/v7e-m+fp/hard\libstdc++.a(eh_terminate.o)
                0x0800e48c                __cxxabiv1::__terminate(void (*)())
 .text._ZSt9terminatev
                0x0800e4b4       0x14 c:/mingw/gcc-arm-none-eabi-10.3-2021.10/bin/../lib/gcc/arm-none-eabi/10.3.1/../../../../arm-none-eabi/lib/thumb/v7e-m+fp/hard\libstdc++.a(eh_terminate.o)
                0x0800e4b4                std::terminate()
 .text._ZN10__cxxabiv112__unexpectedEPFvvE
                0x0800e4c8        0x8 c:/mingw/gcc-arm-none-eabi-10.3-2021.10/bin/../lib/gcc/arm-none-eabi/10.3.1/../../../../arm-none-eabi/lib/thumb/v7e-m+fp/hard\libstdc++.a(eh_terminate.o)
                0x0800e4c8                __cxxabiv1::__unexpected(void (*)())
 .text._ZSt10unexpectedv
                0x0800e4d0       0x14 c:/mingw/gcc-arm-none-eabi-10.3-2021.10/bin/../lib/gcc/arm-none-eabi/10.3.1/../../../../arm-none-eabi/lib/thumb/v7e-m+fp/hard\libstdc++.a(eh_terminate.o)
                0x0800e4d0                std::unexpected()
 .text._ZSt13get_terminatev
                0x0800e4e4       0x10 c:/mingw/gcc-arm-none-eabi-10.3-2021.10/bin/../lib/gcc/arm-none-eabi/10.3.1/../../../../arm-none-eabi/lib/thumb/v7e-m+fp/hard\libstdc++.a(eh_terminate.o)
                0x0800e4e4                std::get_terminate()
 .text._ZSt14get_unexpectedv
                0x0800e4f4       0x10 c:/mingw/gcc-arm-none-eabi-10.3-2021.10/bin/../lib/gcc/arm-none-eabi/10.3.1/../../../../arm-none-eabi/lib/thumb/v7e-m+fp/hard\libstdc++.a(eh_terminate.o)
                0x0800e4f4                std::get_unexpected()
 .text._ZN9__gnu_cxx27__verbose_terminate_handlerEv
                0x0800e504      0x10c c:/mingw/gcc-arm-none-eabi-10.3-2021.10/bin/../lib/gcc/arm-none-eabi/10.3.1/../../../../arm-none-eabi/lib/thumb/v7e-m+fp/hard\libstdc++.a(vterminate.o)
                0x0800e504                __gnu_cxx::__verbose_terminate_handler()
 .text.__cxa_end_cleanup
                0x0800e610        0xc c:/mingw/gcc-arm-none-eabi-10.3-2021.10/bin/../lib/gcc/arm-none-eabi/10.3.1/../../../../arm-none-eabi/lib/thumb/v7e-m+fp/hard\libstdc++.a(eh_arm.o)
                0x0800e610                __cxa_end_cleanup
 .text.__cxa_type_match
                0x0800e61c       0xb4 c:/mingw/gcc-arm-none-eabi-10.3-2021.10/bin/../lib/gcc/arm-none-eabi/10.3.1/../../../../arm-none-eabi/lib/thumb/v7e-m+fp/hard\libstdc++.a(eh_arm.o)
                0x0800e61c                __cxa_type_match
 .text.__cxa_begin_cleanup
                0x0800e6d0       0x64 c:/mingw/gcc-arm-none-eabi-10.3-2021.10/bin/../lib/gcc/arm-none-eabi/10.3.1/../../../../arm-none-eabi/lib/thumb/v7e-m+fp/hard\libstdc++.a(eh_arm.o)
                0x0800e6d0                __cxa_begin_cleanup
 .text.__gnu_end_cleanup
                0x0800e734       0x70 c:/mingw/gcc-arm-none-eabi-10.3-2021.10/bin/../lib/gcc/arm-none-eabi/10.3.1/../../../../arm-none-eabi/lib/thumb/v7e-m+fp/hard\libstdc++.a(eh_arm.o)
                0x0800e734                __gnu_end_cleanup
 .text._ZN10__cxxabiv1L24__is_gxx_exception_classEPc
                0x0800e7a4       0x3c c:/mingw/gcc-arm-none-eabi-10.3-2021.10/bin/../lib/gcc/arm-none-eabi/10.3.1/../../../../arm-none-eabi/lib/thumb/v7e-m+fp/hard\libstdc++.a(eh_call.o)
 .text.__cxa_call_terminate
                0x0800e7e0       0x20 c:/mingw/gcc-arm-none-eabi-10.3-2021.10/bin/../lib/gcc/arm-none-eabi/10.3.1/../../../../arm-none-eabi/lib/thumb/v7e-m+fp/hard\libstdc++.a(eh_call.o)
                0x0800e7e0                __cxa_call_terminate
 .text.unlikely.__cxa_call_unexpected
                0x0800e800       0xe4 c:/mingw/gcc-arm-none-eabi-10.3-2021.10/bin/../lib/gcc/arm-none-eabi/10.3.1/../../../../arm-none-eabi/lib/thumb/v7e-m+fp/hard\libstdc++.a(eh_call.o)
                0x0800e800                __cxa_call_unexpected
 .text.__cxa_begin_catch
                0x0800e8e4       0x7c c:/mingw/gcc-arm-none-eabi-10.3-2021.10/bin/../lib/gcc/arm-none-eabi/10.3.1/../../../../arm-none-eabi/lib/thumb/v7e-m+fp/hard\libstdc++.a(eh_catch.o)
                0x0800e8e4                __cxa_begin_catch
 .text.__cxa_end_catch
                0x0800e960       0x8c c:/mingw/gcc-arm-none-eabi-10.3-2021.10/bin/../lib/gcc/arm-none-eabi/10.3.1/../../../../arm-none-eabi/lib/thumb/v7e-m+fp/hard\libstdc++.a(eh_catch.o)
                0x0800e960                __cxa_end_catch
 .text._ZNSt13bad_exceptionD2Ev
                0x0800e9ec        0x4 c:/mingw/gcc-arm-none-eabi-10.3-2021.10/bin/../lib/gcc/arm-none-eabi/10.3.1/../../../../arm-none-eabi/lib/thumb/v7e-m+fp/hard\libstdc++.a(eh_exception.o)
                0x0800e9ec                std::bad_exception::~bad_exception()
                0x0800e9ec                std::bad_exception::~bad_exception()
 .text._ZNKSt13bad_exception4whatEv
                0x0800e9f0        0x8 c:/mingw/gcc-arm-none-eabi-10.3-2021.10/bin/../lib/gcc/arm-none-eabi/10.3.1/../../../../arm-none-eabi/lib/thumb/v7e-m+fp/hard\libstdc++.a(eh_exception.o)
                0x0800e9f0                std::bad_exception::what() const
                0x0800e9f0                transaction clone for std::bad_exception::what() const
 .text._ZNSt13bad_exceptionD0Ev
                0x0800e9f8       0x10 c:/mingw/gcc-arm-none-eabi-10.3-2021.10/bin/../lib/gcc/arm-none-eabi/10.3.1/../../../../arm-none-eabi/lib/thumb/v7e-m+fp/hard\libstdc++.a(eh_exception.o)
                0x0800e9f8                std::bad_exception::~bad_exception()
 .text.__cxa_get_globals_fast
                0x0800ea08        0x8 c:/mingw/gcc-arm-none-eabi-10.3-2021.10/bin/../lib/gcc/arm-none-eabi/10.3.1/../../../../arm-none-eabi/lib/thumb/v7e-m+fp/hard\libstdc++.a(eh_globals.o)
                0x0800ea08                __cxa_get_globals_fast
 .text.__cxa_get_globals
                0x0800ea10        0x8 c:/mingw/gcc-arm-none-eabi-10.3-2021.10/bin/../lib/gcc/arm-none-eabi/10.3.1/../../../../arm-none-eabi/lib/thumb/v7e-m+fp/hard\libstdc++.a(eh_globals.o)
                0x0800ea10                __cxa_get_globals
 .text._ZL28read_encoded_value_with_basehjPKhPj
                0x0800ea18       0xc0 c:/mingw/gcc-arm-none-eabi-10.3-2021.10/bin/../lib/gcc/arm-none-eabi/10.3.1/../../../../arm-none-eabi/lib/thumb/v7e-m+fp/hard\libstdc++.a(eh_personality.o)
 .text._ZL21base_of_encoded_valuehP15_Unwind_Context
                0x0800ead8       0x50 c:/mingw/gcc-arm-none-eabi-10.3-2021.10/bin/../lib/gcc/arm-none-eabi/10.3.1/../../../../arm-none-eabi/lib/thumb/v7e-m+fp/hard\libstdc++.a(eh_personality.o)
 .text._ZL17parse_lsda_headerP15_Unwind_ContextPKhP16lsda_header_info
                0x0800eb28       0x94 c:/mingw/gcc-arm-none-eabi-10.3-2021.10/bin/../lib/gcc/arm-none-eabi/10.3.1/../../../../arm-none-eabi/lib/thumb/v7e-m+fp/hard\libstdc++.a(eh_personality.o)
 .text.__gxx_personality_v0
                0x0800ebbc      0x4a8 c:/mingw/gcc-arm-none-eabi-10.3-2021.10/bin/../lib/gcc/arm-none-eabi/10.3.1/../../../../arm-none-eabi/lib/thumb/v7e-m+fp/hard\libstdc++.a(eh_personality.o)
                0x0800ebbc                __gxx_personality_v0
 .text._ZL23__gxx_exception_cleanup19_Unwind_Reason_CodeP21_Unwind_Control_Block
                0x0800f064       0x4c c:/mingw/gcc-arm-none-eabi-10.3-2021.10/bin/../lib/gcc/arm-none-eabi/10.3.1/../../../../arm-none-eabi/lib/thumb/v7e-m+fp/hard\libstdc++.a(eh_throw.o)
 .text.__cxa_init_primary_exception
                0x0800f0b0       0x58 c:/mingw/gcc-arm-none-eabi-10.3-2021.10/bin/../lib/gcc/arm-none-eabi/10.3.1/../../../../arm-none-eabi/lib/thumb/v7e-m+fp/hard\libstdc++.a(eh_throw.o)
                0x0800f0b0                __cxa_init_primary_exception
 .text.__cxa_throw
                0x0800f108       0x38 c:/mingw/gcc-arm-none-eabi-10.3-2021.10/bin/../lib/gcc/arm-none-eabi/10.3.1/../../../../arm-none-eabi/lib/thumb/v7e-m+fp/hard\libstdc++.a(eh_throw.o)
                0x0800f108                __cxa_throw
 .text.__cxa_rethrow
                0x0800f140       0x70 c:/mingw/gcc-arm-none-eabi-10.3-2021.10/bin/../lib/gcc/arm-none-eabi/10.3.1/../../../../arm-none-eabi/lib/thumb/v7e-m+fp/hard\libstdc++.a(eh_throw.o)
                0x0800f140                __cxa_rethrow
 .text.__cxa_current_exception_type
                0x0800f1b0       0x1c c:/mingw/gcc-arm-none-eabi-10.3-2021.10/bin/../lib/gcc/arm-none-eabi/10.3.1/../../../../arm-none-eabi/lib/thumb/v7e-m+fp/hard\libstdc++.a(eh_type.o)
                0x0800f1b0                __cxa_current_exception_type
 .text._ZN12_GLOBAL__N_14pool4freeEPv.constprop.0
                0x0800f1cc       0x88 c:/mingw/gcc-arm-none-eabi-10.3-2021.10/bin/../lib/gcc/arm-none-eabi/10.3.1/../../../../arm-none-eabi/lib/thumb/v7e-m+fp/hard\libstdc++.a(eh_alloc.o)
 .text._ZN12_GLOBAL__N_14pool8allocateEj.constprop.0
                0x0800f254       0x58 c:/mingw/gcc-arm-none-eabi-10.3-2021.10/bin/../lib/gcc/arm-none-eabi/10.3.1/../../../../arm-none-eabi/lib/thumb/v7e-m+fp/hard\libstdc++.a(eh_alloc.o)
 .text.__cxa_allocate_exception
                0x0800f2ac       0x30 c:/mingw/gcc-arm-none-eabi-10.3-2021.10/bin/../lib/gcc/arm-none-eabi/10.3.1/../../../../arm-none-eabi/lib/thumb/v7e-m+fp/hard\libstdc++.a(eh_alloc.o)
                0x0800f2ac                __cxa_allocate_exception
 .text.__cxa_free_exception
                0x0800f2dc       0x20 c:/mingw/gcc-arm-none-eabi-10.3-2021.10/bin/../lib/gcc/arm-none-eabi/10.3.1/../../../../arm-none-eabi/lib/thumb/v7e-m+fp/hard\libstdc++.a(eh_alloc.o)
                0x0800f2dc                __cxa_free_exception
 .text.startup._GLOBAL__sub_I__ZN9__gnu_cxx9__freeresEv
                0x0800f2fc       0x28 c:/mingw/gcc-arm-none-eabi-10.3-2021.10/bin/../lib/gcc/arm-none-eabi/10.3.1/../../../../arm-none-eabi/lib/thumb/v7e-m+fp/hard\libstdc++.a(eh_alloc.o)
 .text.round    0x0800f324       0xa0 c:/mingw/gcc-arm-none-eabi-10.3-2021.10/bin/../lib/gcc/arm-none-eabi/10.3.1/../../../../arm-none-eabi/lib/thumb/v7e-m+fp/hard\libm.a(lib_a-s_round.o)
                0x0800f324                round
 .text.cosf     0x0800f3c4       0x70 c:/mingw/gcc-arm-none-eabi-10.3-2021.10/bin/../lib/gcc/arm-none-eabi/10.3.1/../../../../arm-none-eabi/lib/thumb/v7e-m+fp/hard\libm.a(lib_a-sf_cos.o)
                0x0800f3c4                cosf
 .text.roundf   0x0800f434       0x4c c:/mingw/gcc-arm-none-eabi-10.3-2021.10/bin/../lib/gcc/arm-none-eabi/10.3.1/../../../../arm-none-eabi/lib/thumb/v7e-m+fp/hard\libm.a(lib_a-sf_round.o)
                0x0800f434                roundf
 .text.__ieee754_rem_pio2f
                0x0800f480      0x264 c:/mingw/gcc-arm-none-eabi-10.3-2021.10/bin/../lib/gcc/arm-none-eabi/10.3.1/../../../../arm-none-eabi/lib/thumb/v7e-m+fp/hard\libm.a(lib_a-ef_rem_pio2.o)
                0x0800f480                __ieee754_rem_pio2f
 .text.__kernel_cosf
                0x0800f6e4      0x104 c:/mingw/gcc-arm-none-eabi-10.3-2021.10/bin/../lib/gcc/arm-none-eabi/10.3.1/../../../../arm-none-eabi/lib/thumb/v7e-m+fp/hard\libm.a(lib_a-kf_cos.o)
                0x0800f6e4                __kernel_cosf
 .text.__kernel_rem_pio2f
                0x0800f7e8      0x674 c:/mingw/gcc-arm-none-eabi-10.3-2021.10/bin/../lib/gcc/arm-none-eabi/10.3.1/../../../../arm-none-eabi/lib/thumb/v7e-m+fp/hard\libm.a(lib_a-kf_rem_pio2.o)
                0x0800f7e8                __kernel_rem_pio2f
 .text.__kernel_sinf
                0x0800fe5c       0x90 c:/mingw/gcc-arm-none-eabi-10.3-2021.10/bin/../lib/gcc/arm-none-eabi/10.3.1/../../../../arm-none-eabi/lib/thumb/v7e-m+fp/hard\libm.a(lib_a-kf_sin.o)
                0x0800fe5c                __kernel_sinf
 .text.fabsf    0x0800feec       0x10 c:/mingw/gcc-arm-none-eabi-10.3-2021.10/bin/../lib/gcc/arm-none-eabi/10.3.1/../../../../arm-none-eabi/lib/thumb/v7e-m+fp/hard\libm.a(lib_a-sf_fabs.o)
                0x0800feec                fabsf
 .text.floorf   0x0800fefc       0x8c c:/mingw/gcc-arm-none-eabi-10.3-2021.10/bin/../lib/gcc/arm-none-eabi/10.3.1/../../../../arm-none-eabi/lib/thumb/v7e-m+fp/hard\libm.a(lib_a-sf_floor.o)
                0x0800fefc                floorf
 .text.scalbnf  0x0800ff88       0xe4 c:/mingw/gcc-arm-none-eabi-10.3-2021.10/bin/../lib/gcc/arm-none-eabi/10.3.1/../../../../arm-none-eabi/lib/thumb/v7e-m+fp/hard\libm.a(lib_a-sf_scalbn.o)
                0x0800ff88                scalbnf
 .text.unlikely
                0x0801006c        0xc c:/mingw/gcc-arm-none-eabi-10.3-2021.10/bin/../lib/gcc/arm-none-eabi/10.3.1/thumb/v7e-m+fp/hard\libgcc.a(pr-support.o)
                0x0801006c                _Unwind_GetDataRelBase
                0x08010072                _Unwind_GetTextRelBase
 .text.abort    0x08010078       0x10 c:/mingw/gcc-arm-none-eabi-10.3-2021.10/bin/../lib/gcc/arm-none-eabi/10.3.1/../../../../arm-none-eabi/lib/thumb/v7e-m+fp/hard\libc.a(lib_a-abort.o)
                0x08010078                abort
 .text.__errno  0x08010088        0xc c:/mingw/gcc-arm-none-eabi-10.3-2021.10/bin/../lib/gcc/arm-none-eabi/10.3.1/../../../../arm-none-eabi/lib/thumb/v7e-m+fp/hard\libc.a(lib_a-errno.o)
                0x08010088                __errno
 .text.fputc    0x08010094       0x64 c:/mingw/gcc-arm-none-eabi-10.3-2021.10/bin/../lib/gcc/arm-none-eabi/10.3.1/../../../../arm-none-eabi/lib/thumb/v7e-m+fp/hard\libc.a(lib_a-fputc.o)
                0x08010094                fputc
 .text._fputs_r
                0x080100f8       0x88 c:/mingw/gcc-arm-none-eabi-10.3-2021.10/bin/../lib/gcc/arm-none-eabi/10.3.1/../../../../arm-none-eabi/lib/thumb/v7e-m+fp/hard\libc.a(lib_a-fputs.o)
                0x080100f8                _fputs_r
 .text.fputs    0x08010180       0x18 c:/mingw/gcc-arm-none-eabi-10.3-2021.10/bin/../lib/gcc/arm-none-eabi/10.3.1/../../../../arm-none-eabi/lib/thumb/v7e-m+fp/hard\libc.a(lib_a-fputs.o)
                0x08010180                fputs
 .text.__sfvwrite_r
                0x08010198      0x2f0 c:/mingw/gcc-arm-none-eabi-10.3-2021.10/bin/../lib/gcc/arm-none-eabi/10.3.1/../../../../arm-none-eabi/lib/thumb/v7e-m+fp/hard\libc.a(lib_a-fvwrite.o)
                0x08010198                __sfvwrite_r
 .text._fwrite_r
                0x08010488       0xa8 c:/mingw/gcc-arm-none-eabi-10.3-2021.10/bin/../lib/gcc/arm-none-eabi/10.3.1/../../../../arm-none-eabi/lib/thumb/v7e-m+fp/hard\libc.a(lib_a-fwrite.o)
                0x08010488                _fwrite_r
 .text.fwrite   0x08010530       0x20 c:/mingw/gcc-arm-none-eabi-10.3-2021.10/bin/../lib/gcc/arm-none-eabi/10.3.1/../../../../arm-none-eabi/lib/thumb/v7e-m+fp/hard\libc.a(lib_a-fwrite.o)
                0x08010530                fwrite
 .text.__libc_init_array
                0x08010550       0x48 c:/mingw/gcc-arm-none-eabi-10.3-2021.10/bin/../lib/gcc/arm-none-eabi/10.3.1/../../../../arm-none-eabi/lib/thumb/v7e-m+fp/hard\libc.a(lib_a-init.o)
                0x08010550                __libc_init_array
 .text.__retarget_lock_init_recursive
                0x08010598        0x4 c:/mingw/gcc-arm-none-eabi-10.3-2021.10/bin/../lib/gcc/arm-none-eabi/10.3.1/../../../../arm-none-eabi/lib/thumb/v7e-m+fp/hard\libc.a(lib_a-lock.o)
                0x08010598                __retarget_lock_init_recursive
 .text.__retarget_lock_close_recursive
                0x0801059c        0x4 c:/mingw/gcc-arm-none-eabi-10.3-2021.10/bin/../lib/gcc/arm-none-eabi/10.3.1/../../../../arm-none-eabi/lib/thumb/v7e-m+fp/hard\libc.a(lib_a-lock.o)
                0x0801059c                __retarget_lock_close_recursive
 .text.__retarget_lock_acquire_recursive
                0x080105a0        0x4 c:/mingw/gcc-arm-none-eabi-10.3-2021.10/bin/../lib/gcc/arm-none-eabi/10.3.1/../../../../arm-none-eabi/lib/thumb/v7e-m+fp/hard\libc.a(lib_a-lock.o)
                0x080105a0                __retarget_lock_acquire_recursive
 .text.__retarget_lock_release_recursive
                0x080105a4        0x4 c:/mingw/gcc-arm-none-eabi-10.3-2021.10/bin/../lib/gcc/arm-none-eabi/10.3.1/../../../../arm-none-eabi/lib/thumb/v7e-m+fp/hard\libc.a(lib_a-lock.o)
                0x080105a4                __retarget_lock_release_recursive
 .text.malloc   0x080105a8       0x10 c:/mingw/gcc-arm-none-eabi-10.3-2021.10/bin/../lib/gcc/arm-none-eabi/10.3.1/../../../../arm-none-eabi/lib/thumb/v7e-m+fp/hard\libc.a(lib_a-malloc.o)
                0x080105a8                malloc
 .text.free     0x080105b8       0x10 c:/mingw/gcc-arm-none-eabi-10.3-2021.10/bin/../lib/gcc/arm-none-eabi/10.3.1/../../../../arm-none-eabi/lib/thumb/v7e-m+fp/hard\libc.a(lib_a-malloc.o)
                0x080105b8                free
 .text._malloc_r
                0x080105c8      0x560 c:/mingw/gcc-arm-none-eabi-10.3-2021.10/bin/../lib/gcc/arm-none-eabi/10.3.1/../../../../arm-none-eabi/lib/thumb/v7e-m+fp/hard\libc.a(lib_a-mallocr.o)
                0x080105c8                _malloc_r
 .text.memcmp   0x08010b28       0x64 c:/mingw/gcc-arm-none-eabi-10.3-2021.10/bin/../lib/gcc/arm-none-eabi/10.3.1/../../../../arm-none-eabi/lib/thumb/v7e-m+fp/hard\libc.a(lib_a-memcmp.o)
                0x08010b28                memcmp
 .text.memmove  0x08010b8c       0xf8 c:/mingw/gcc-arm-none-eabi-10.3-2021.10/bin/../lib/gcc/arm-none-eabi/10.3.1/../../../../arm-none-eabi/lib/thumb/v7e-m+fp/hard\libc.a(lib_a-memmove.o)
                0x08010b8c                memmove
 .text.memset   0x08010c84       0xa4 c:/mingw/gcc-arm-none-eabi-10.3-2021.10/bin/../lib/gcc/arm-none-eabi/10.3.1/../../../../arm-none-eabi/lib/thumb/v7e-m+fp/hard\libc.a(lib_a-memset.o)
                0x08010c84                memset
 .text.__malloc_lock
                0x08010d28        0xc c:/mingw/gcc-arm-none-eabi-10.3-2021.10/bin/../lib/gcc/arm-none-eabi/10.3.1/../../../../arm-none-eabi/lib/thumb/v7e-m+fp/hard\libc.a(lib_a-mlock.o)
                0x08010d28                __malloc_lock
 .text.__malloc_unlock
                0x08010d34        0xc c:/mingw/gcc-arm-none-eabi-10.3-2021.10/bin/../lib/gcc/arm-none-eabi/10.3.1/../../../../arm-none-eabi/lib/thumb/v7e-m+fp/hard\libc.a(lib_a-mlock.o)
                0x08010d34                __malloc_unlock
 .text.printf   0x08010d40       0x28 c:/mingw/gcc-arm-none-eabi-10.3-2021.10/bin/../lib/gcc/arm-none-eabi/10.3.1/../../../../arm-none-eabi/lib/thumb/v7e-m+fp/hard\libc.a(lib_a-printf.o)
                0x08010d40                printf
 .text._putc_r  0x08010d68       0x74 c:/mingw/gcc-arm-none-eabi-10.3-2021.10/bin/../lib/gcc/arm-none-eabi/10.3.1/../../../../arm-none-eabi/lib/thumb/v7e-m+fp/hard\libc.a(lib_a-putc.o)
                0x08010d68                _putc_r
 .text._puts_r  0x08010ddc       0x9c c:/mingw/gcc-arm-none-eabi-10.3-2021.10/bin/../lib/gcc/arm-none-eabi/10.3.1/../../../../arm-none-eabi/lib/thumb/v7e-m+fp/hard\libc.a(lib_a-puts.o)
                0x08010ddc                _puts_r
 .text.puts     0x08010e78       0x10 c:/mingw/gcc-arm-none-eabi-10.3-2021.10/bin/../lib/gcc/arm-none-eabi/10.3.1/../../../../arm-none-eabi/lib/thumb/v7e-m+fp/hard\libc.a(lib_a-puts.o)
                0x08010e78                puts
 .text.realloc  0x08010e88       0x18 c:/mingw/gcc-arm-none-eabi-10.3-2021.10/bin/../lib/gcc/arm-none-eabi/10.3.1/../../../../arm-none-eabi/lib/thumb/v7e-m+fp/hard\libc.a(lib_a-realloc.o)
                0x08010e88                realloc
 .text._realloc_r
                0x08010ea0      0x3d8 c:/mingw/gcc-arm-none-eabi-10.3-2021.10/bin/../lib/gcc/arm-none-eabi/10.3.1/../../../../arm-none-eabi/lib/thumb/v7e-m+fp/hard\libc.a(lib_a-reallocr.o)
                0x08010ea0                _realloc_r
 .text._sbrk_r  0x08011278       0x24 c:/mingw/gcc-arm-none-eabi-10.3-2021.10/bin/../lib/gcc/arm-none-eabi/10.3.1/../../../../arm-none-eabi/lib/thumb/v7e-m+fp/hard\libc.a(lib_a-sbrkr.o)
                0x08011278                _sbrk_r
 .text.setvbuf  0x0801129c      0x1b0 c:/mingw/gcc-arm-none-eabi-10.3-2021.10/bin/../lib/gcc/arm-none-eabi/10.3.1/../../../../arm-none-eabi/lib/thumb/v7e-m+fp/hard\libc.a(lib_a-setvbuf.o)
                0x0801129c                setvbuf
 .text.raise    0x0801144c       0x5c c:/mingw/gcc-arm-none-eabi-10.3-2021.10/bin/../lib/gcc/arm-none-eabi/10.3.1/../../../../arm-none-eabi/lib/thumb/v7e-m+fp/hard\libc.a(lib_a-signal.o)
                0x0801144c                raise
 .text._kill_r  0x080114a8       0x2c c:/mingw/gcc-arm-none-eabi-10.3-2021.10/bin/../lib/gcc/arm-none-eabi/10.3.1/../../../../arm-none-eabi/lib/thumb/v7e-m+fp/hard\libc.a(lib_a-signalr.o)
                0x080114a8                _kill_r
 .text._getpid_r
                0x080114d4        0x4 c:/mingw/gcc-arm-none-eabi-10.3-2021.10/bin/../lib/gcc/arm-none-eabi/10.3.1/../../../../arm-none-eabi/lib/thumb/v7e-m+fp/hard\libc.a(lib_a-signalr.o)
                0x080114d4                _getpid_r
 .text.sprintf  0x080114d8       0x40 c:/mingw/gcc-arm-none-eabi-10.3-2021.10/bin/../lib/gcc/arm-none-eabi/10.3.1/../../../../arm-none-eabi/lib/thumb/v7e-m+fp/hard\libc.a(lib_a-sprintf.o)
                0x080114d8                sprintf
 .text.strncmp  0x08011518       0x80 c:/mingw/gcc-arm-none-eabi-10.3-2021.10/bin/../lib/gcc/arm-none-eabi/10.3.1/../../../../arm-none-eabi/lib/thumb/v7e-m+fp/hard\libc.a(lib_a-strncmp.o)
                0x08011518                strncmp
 .text._svfprintf_r