Archive member included to satisfy reference by file (symbol)

c:/mingw/gcc-arm-none-eabi/bin/../lib/gcc/arm-none-eabi/10.3.1/../../../../arm-none-eabi/lib/thumb/v7e-m+fp/hard\libstdc++.a(class_type_info.o)
                              CMakeFiles/HEllOWORLD.elf.dir/Platform/Peripheral/SignalPeripheral.cpp.obj (vtable for __cxxabiv1::__class_type_info)
c:/mingw/gcc-arm-none-eabi/bin/../lib/gcc/arm-none-eabi/10.3.1/../../../../arm-none-eabi/lib/thumb/v7e-m+fp/hard\libstdc++.a(del_ops.o)
                              c:/mingw/gcc-arm-none-eabi/bin/../lib/gcc/arm-none-eabi/10.3.1/../../../../arm-none-eabi/lib/thumb/v7e-m+fp/hard\libstdc++.a(class_type_info.o) (operator delete(void*, unsigned int))
c:/mingw/gcc-arm-none-eabi/bin/../lib/gcc/arm-none-eabi/10.3.1/../../../../arm-none-eabi/lib/thumb/v7e-m+fp/hard\libstdc++.a(pure.o)
                              CMakeFiles/HEllOWORLD.elf.dir/Platform/Peripheral/SignalPeripheral.cpp.obj (__cxa_pure_virtual)
c:/mingw/gcc-arm-none-eabi/bin/../lib/gcc/arm-none-eabi/10.3.1/../../../../arm-none-eabi/lib/thumb/v7e-m+fp/hard\libstdc++.a(si_class_type_info.o)
                              CMakeFiles/HEllOWORLD.elf.dir/Platform/Adc/My_Adc.cpp.obj (vtable for __cxxabiv1::__si_class_type_info)
c:/mingw/gcc-arm-none-eabi/bin/../lib/gcc/arm-none-eabi/10.3.1/../../../../arm-none-eabi/lib/thumb/v7e-m+fp/hard\libstdc++.a(tinfo.o)
                              c:/mingw/gcc-arm-none-eabi/bin/../lib/gcc/arm-none-eabi/10.3.1/../../../../arm-none-eabi/lib/thumb/v7e-m+fp/hard\libstdc++.a(class_type_info.o) (std::type_info::~type_info())
c:/mingw/gcc-arm-none-eabi/bin/../lib/gcc/arm-none-eabi/10.3.1/../../../../arm-none-eabi/lib/thumb/v7e-m+fp/hard\libstdc++.a(vmi_class_type_info.o)
                              CMakeFiles/HEllOWORLD.elf.dir/Screen/GraphWindows.cpp.obj (vtable for __cxxabiv1::__vmi_class_type_info)
c:/mingw/gcc-arm-none-eabi/bin/../lib/gcc/arm-none-eabi/10.3.1/../../../../arm-none-eabi/lib/thumb/v7e-m+fp/hard\libstdc++.a(del_op.o)
                              c:/mingw/gcc-arm-none-eabi/bin/../lib/gcc/arm-none-eabi/10.3.1/../../../../arm-none-eabi/lib/thumb/v7e-m+fp/hard\libstdc++.a(del_ops.o) (operator delete(void*))
c:/mingw/gcc-arm-none-eabi/bin/../lib/gcc/arm-none-eabi/10.3.1/../../../../arm-none-eabi/lib/thumb/v7e-m+fp/hard\libstdc++.a(eh_terminate.o)
                              c:/mingw/gcc-arm-none-eabi/bin/../lib/gcc/arm-none-eabi/10.3.1/../../../../arm-none-eabi/lib/thumb/v7e-m+fp/hard\libstdc++.a(pure.o) (std::terminate())
c:/mingw/gcc-arm-none-eabi/bin/../lib/gcc/arm-none-eabi/10.3.1/../../../../arm-none-eabi/lib/thumb/v7e-m+fp/hard\libstdc++.a(eh_unex_handler.o)
                              c:/mingw/gcc-arm-none-eabi/bin/../lib/gcc/arm-none-eabi/10.3.1/../../../../arm-none-eabi/lib/thumb/v7e-m+fp/hard\libstdc++.a(eh_terminate.o) (__cxxabiv1::__unexpected_handler)
c:/mingw/gcc-arm-none-eabi/bin/../lib/gcc/arm-none-eabi/10.3.1/../../../../arm-none-eabi/lib/thumb/v7e-m+fp/hard\libstdc++.a(vterminate.o)
                              c:/mingw/gcc-arm-none-eabi/bin/../lib/gcc/arm-none-eabi/10.3.1/../../../../arm-none-eabi/lib/thumb/v7e-m+fp/hard\libstdc++.a(eh_terminate.o) (__gnu_cxx::__verbose_terminate_handler())
c:/mingw/gcc-arm-none-eabi/bin/../lib/gcc/arm-none-eabi/10.3.1/../../../../arm-none-eabi/lib/thumb/v7e-m+fp/hard\libstdc++.a(cp-demangle.o)
                              c:/mingw/gcc-arm-none-eabi/bin/../lib/gcc/arm-none-eabi/10.3.1/../../../../arm-none-eabi/lib/thumb/v7e-m+fp/hard\libstdc++.a(vterminate.o) (__cxa_demangle)
c:/mingw/gcc-arm-none-eabi/bin/../lib/gcc/arm-none-eabi/10.3.1/../../../../arm-none-eabi/lib/thumb/v7e-m+fp/hard\libstdc++.a(eh_arm.o)
                              c:/mingw/gcc-arm-none-eabi/bin/../lib/gcc/arm-none-eabi/10.3.1/../../../../arm-none-eabi/lib/thumb/v7e-m+fp/hard\libstdc++.a(eh_terminate.o) (__cxa_end_cleanup)
c:/mingw/gcc-arm-none-eabi/bin/../lib/gcc/arm-none-eabi/10.3.1/../../../../arm-none-eabi/lib/thumb/v7e-m+fp/hard\libstdc++.a(eh_call.o)
                              c:/mingw/gcc-arm-none-eabi/bin/../lib/gcc/arm-none-eabi/10.3.1/../../../../arm-none-eabi/lib/thumb/v7e-m+fp/hard\libstdc++.a(eh_terminate.o) (__cxa_call_unexpected)
c:/mingw/gcc-arm-none-eabi/bin/../lib/gcc/arm-none-eabi/10.3.1/../../../../arm-none-eabi/lib/thumb/v7e-m+fp/hard\libstdc++.a(eh_catch.o)
                              c:/mingw/gcc-arm-none-eabi/bin/../lib/gcc/arm-none-eabi/10.3.1/../../../../arm-none-eabi/lib/thumb/v7e-m+fp/hard\libstdc++.a(eh_terminate.o) (__cxa_begin_catch)
c:/mingw/gcc-arm-none-eabi/bin/../lib/gcc/arm-none-eabi/10.3.1/../../../../arm-none-eabi/lib/thumb/v7e-m+fp/hard\libstdc++.a(eh_exception.o)
                              c:/mingw/gcc-arm-none-eabi/bin/../lib/gcc/arm-none-eabi/10.3.1/../../../../arm-none-eabi/lib/thumb/v7e-m+fp/hard\libstdc++.a(eh_call.o) (std::bad_exception::~bad_exception())
[...]
Memory Configuration

Name             Origin             Length             Attributes
RAM              0x20000000         0x00020000         xrw
CCMRAM           0x10000000         0x00010000         xrw
FLASH            0x08000000         0x00080000         xr
*default*        0x00000000         0xffffffff

Linker script and memory map

LOAD c:/mingw/gcc-arm-none-eabi/bin/../lib/gcc/arm-none-eabi/10.3.1/thumb/v7e-m+fp/hard/crti.o
LOAD c:/mingw/gcc-arm-none-eabi/bin/../lib/gcc/arm-none-eabi/10.3.1/thumb/v7e-m+fp/hard/crtbegin.o
LOAD c:/mingw/gcc-arm-none-eabi/bin/../lib/gcc/arm-none-eabi/10.3.1/../../../../arm-none-eabi/lib/thumb/v7e-m+fp/hard/crt0.o
LOAD CMakeFiles/HEllOWORLD.elf.dir/ARM_DSP/Source/BasicMathFunctions/BasicMathFunctions.c.obj
LOAD CMakeFiles/HEllOWORLD.elf.dir/ARM_DSP/Source/BayesFunctions/BayesFunctions.c.obj
LOAD CMakeFiles/HEllOWORLD.elf.dir/ARM_DSP/Source/CommonTables/CommonTables.c.obj
LOAD CMakeFiles/HEllOWORLD.elf.dir/ARM_DSP/Source/ComplexMathFunctions/ComplexMathFunctions.c.obj
LOAD CMakeFiles/HEllOWORLD.elf.dir/ARM_DSP/Source/ControllerFunctions/ControllerFunctions.c.obj
LOAD CMakeFiles/HEllOWORLD.elf.dir/ARM_DSP/Source/DistanceFunctions/DistanceFunctions.c.obj
LOAD CMakeFiles/HEllOWORLD.elf.dir/ARM_DSP/Source/FastMathFunctions/FastMathFunctions.c.obj
LOAD CMakeFiles/HEllOWORLD.elf.dir/ARM_DSP/Source/FilteringFunctions/FilteringFunctions.c.obj
LOAD CMakeFiles/HEllOWORLD.elf.dir/ARM_DSP/Source/InterpolationFunctions/InterpolationFunctions.c.obj
LOAD CMakeFiles/HEllOWORLD.elf.dir/ARM_DSP/Source/MatrixFunctions/MatrixFunctions.c.obj
LOAD CMakeFiles/HEllOWORLD.elf.dir/ARM_DSP/Source/QuaternionMathFunctions/QuaternionMathFunctions.c.obj
LOAD CMakeFiles/HEllOWORLD.elf.dir/ARM_DSP/Source/SVMFunctions/SVMFunctions.c.obj
LOAD CMakeFiles/HEllOWORLD.elf.dir/ARM_DSP/Source/StatisticsFunctions/StatisticsFunctions.c.obj
LOAD CMakeFiles/HEllOWORLD.elf.dir/ARM_DSP/Source/SupportFunctions/SupportFunctions.c.obj
LOAD CMakeFiles/HEllOWORLD.elf.dir/ARM_DSP/Source/TransformFunctions/TransformFunctions.c.obj
LOAD CMakeFiles/HEllOWORLD.elf.dir/ARM_DSP/Source/WindowFunctions/WindowFunctions.c.obj
LOAD CMakeFiles/HEllOWORLD.elf.dir/Core/Src/adc.c.obj
LOAD CMakeFiles/HEllOWORLD.elf.dir/Core/Src/dac.c.obj
LOAD CMakeFiles/HEllOWORLD.elf.dir/Core/Src/dma.c.obj
LOAD CMakeFiles/HEllOWORLD.elf.dir/Core/Src/fsmc.c.obj
LOAD CMakeFiles/HEllOWORLD.elf.dir/Core/Src/gpio.c.obj
LOAD CMakeFiles/HEllOWORLD.elf.dir/Core/Src/main.c.obj
LOAD CMakeFiles/HEllOWORLD.elf.dir/Core/Src/stm32f4xx_hal_msp.c.obj
LOAD CMakeFiles/HEllOWORLD.elf.dir/Core/Src/stm32f4xx_it.c.obj
LOAD CMakeFiles/HEllOWORLD.elf.dir/Core/Src/syscalls.c.obj
LOAD CMakeFiles/HEllOWORLD.elf.dir/Core/Src/system_stm32f4xx.c.obj
LOAD CMakeFiles/HEllOWORLD.elf.dir/Core/Src/tim.c.obj
LOAD CMakeFiles/HEllOWORLD.elf.dir/Core/Src/usart.c.obj
LOAD CMakeFiles/HEllOWORLD.elf.dir/Drivers/STM32F4xx_HAL_Driver/Src/stm32f4xx_hal.c.obj
LOAD CMakeFiles/HEllOWORLD.elf.dir/Drivers/STM32F4xx_HAL_Driver/Src/stm32f4xx_hal_adc.c.obj
LOAD CMakeFiles/HEllOWORLD.elf.dir/Drivers/STM32F4xx_HAL_Driver/Src/stm32f4xx_hal_adc_ex.c.obj
LOAD CMakeFiles/HEllOWORLD.elf.dir/Drivers/STM32F4xx_HAL_Driver/Src/stm32f4xx_hal_cortex.c.obj
LOAD CMakeFiles/HEllOWORLD.elf.dir/Drivers/STM32F4xx_HAL_Driver/Src/stm32f4xx_hal_dac.c.obj
LOAD CMakeFiles/HEllOWORLD.elf.dir/Drivers/STM32F4xx_HAL_Driver/Src/stm32f4xx_hal_dac_ex.c.obj
LOAD CMakeFiles/HEllOWORLD.elf.dir/Drivers/STM32F4xx_HAL_Driver/Src/stm32f4xx_hal_dma.c.obj
LOAD CMakeFiles/HEllOWORLD.elf.dir/Drivers/STM32F4xx_HAL_Driver/Src/stm32f4xx_hal_dma_ex.c.obj
LOAD CMakeFiles/HEllOWORLD.elf.dir/Drivers/STM32F4xx_HAL_Driver/Src/stm32f4xx_hal_exti.c.obj
LOAD CMakeFiles/HEllOWORLD.elf.dir/Drivers/STM32F4xx_HAL_Driver/Src/stm32f4xx_hal_flash.c.obj
LOAD CMakeFiles/HEllOWORLD.elf.dir/Drivers/STM32F4xx_HAL_Driver/Src/stm32f4xx_hal_flash_ex.c.obj
LOAD CMakeFiles/HEllOWORLD.elf.dir/Drivers/STM32F4xx_HAL_Driver/Src/stm32f4xx_hal_flash_ramfunc.c.obj
LOAD CMakeFiles/HEllOWORLD.elf.dir/Drivers/STM32F4xx_HAL_Driver/Src/stm32f4xx_hal_gpio.c.obj
LOAD CMakeFiles/HEllOWORLD.elf.dir/Drivers/STM32F4xx_HAL_Driver/Src/stm32f4xx_hal_pwr.c.obj
LOAD CMakeFiles/HEllOWORLD.elf.dir/Drivers/STM32F4xx_HAL_Driver/Src/stm32f4xx_hal_pwr_ex.c.obj
LOAD CMakeFiles/HEllOWORLD.elf.dir/Drivers/STM32F4xx_HAL_Driver/Src/stm32f4xx_hal_rcc.c.obj
LOAD CMakeFiles/HEllOWORLD.elf.dir/Drivers/STM32F4xx_HAL_Driver/Src/stm32f4xx_hal_rcc_ex.c.obj
LOAD CMakeFiles/HEllOWORLD.elf.dir/Drivers/STM32F4xx_HAL_Driver/Src/stm32f4xx_hal_sram.c.obj
LOAD CMakeFiles/HEllOWORLD.elf.dir/Drivers/STM32F4xx_HAL_Driver/Src/stm32f4xx_hal_tim.c.obj
LOAD CMakeFiles/HEllOWORLD.elf.dir/Drivers/STM32F4xx_HAL_Driver/Src/stm32f4xx_hal_tim_ex.c.obj
LOAD CMakeFiles/HEllOWORLD.elf.dir/Drivers/STM32F4xx_HAL_Driver/Src/stm32f4xx_hal_uart.c.obj
LOAD CMakeFiles/HEllOWORLD.elf.dir/Drivers/STM32F4xx_HAL_Driver/Src/stm32f4xx_ll_adc.c.obj
LOAD CMakeFiles/HEllOWORLD.elf.dir/Drivers/STM32F4xx_HAL_Driver/Src/stm32f4xx_ll_fsmc.c.obj
LOAD CMakeFiles/HEllOWORLD.elf.dir/HardWare/key/key.c.obj
LOAD CMakeFiles/HEllOWORLD.elf.dir/HardWare/lcd/demos.c.obj
LOAD CMakeFiles/HEllOWORLD.elf.dir/HardWare/lcd/lcd.c.obj
LOAD CMakeFiles/HEllOWORLD.elf.dir/HardWare/lcd/lcd_ex.c.obj
LOAD CMakeFiles/HEllOWORLD.elf.dir/HardWare/lcd/lcdlib.c.obj
LOAD CMakeFiles/HEllOWORLD.elf.dir/Platform/Adc/My_Adc.cpp.obj
LOAD CMakeFiles/HEllOWORLD.elf.dir/Platform/Dac/My_Dac.cpp.obj
LOAD CMakeFiles/HEllOWORLD.elf.dir/Platform/Gpio/Gpio.cpp.obj
LOAD CMakeFiles/HEllOWORLD.elf.dir/Platform/Peripheral/SignalPeripheral.cpp.obj
LOAD CMakeFiles/HEllOWORLD.elf.dir/Platform/Pwm/My_Pwm.cpp.obj
LOAD CMakeFiles/HEllOWORLD.elf.dir/Platform/SignalProcess/AdvancedMeasure/AdvancedMeasure.cpp.obj
LOAD CMakeFiles/HEllOWORLD.elf.dir/Platform/SignalProcess/BasicMeasure/BasicMeasure.cpp.obj
LOAD CMakeFiles/HEllOWORLD.elf.dir/Platform/SignalProcess/FFT/Fft.cpp.obj
LOAD CMakeFiles/HEllOWORLD.elf.dir/Platform/SignalProcess/Filter/Filter.cpp.obj
LOAD CMakeFiles/HEllOWORLD.elf.dir/Platform/SignalProcess/PwmMeasure/PwmMeasure.cpp.obj
LOAD CMakeFiles/HEllOWORLD.elf.dir/Platform/SignalProcess/SignalProcessBase.cpp.obj
LOAD CMakeFiles/HEllOWORLD.elf.dir/Platform/SignalProcess/Windows/Windows.cpp.obj
LOAD CMakeFiles/HEllOWORLD.elf.dir/Screen/GraphWindows.cpp.obj
LOAD CMakeFiles/HEllOWORLD.elf.dir/Screen/InfoWindows.cpp.obj
LOAD CMakeFiles/HEllOWORLD.elf.dir/Screen/ScreenBase/ScreenBase.cpp.obj
LOAD CMakeFiles/HEllOWORLD.elf.dir/Screen/ScreenBase/ScreenWindows.cpp.obj
LOAD CMakeFiles/HEllOWORLD.elf.dir/System/delay/delay.c.obj
LOAD CMakeFiles/HEllOWORLD.elf.dir/System/sys/sys.c.obj
LOAD CMakeFiles/HEllOWORLD.elf.dir/System/usart/Module_UART.c.obj
LOAD CMakeFiles/HEllOWORLD.elf.dir/System/usart/retarget.c.obj
LOAD CMakeFiles/HEllOWORLD.elf.dir/UserApp/init.cpp.obj
LOAD CMakeFiles/HEllOWORLD.elf.dir/UserApp/main.cpp.obj
LOAD CMakeFiles/HEllOWORLD.elf.dir/UserApp/usart_receive.cpp.obj
LOAD CMakeFiles/HEllOWORLD.elf.dir/startup/startup_stm32f407xx.s.obj
LOAD c:/mingw/gcc-arm-none-eabi/bin/../lib/gcc/arm-none-eabi/10.3.1/../../../../arm-none-eabi/lib/thumb/v7e-m+fp/hard\libstdc++.a
LOAD c:/mingw/gcc-arm-none-eabi/bin/../lib/gcc/arm-none-eabi/10.3.1/../../../../arm-none-eabi/lib/thumb/v7e-m+fp/hard\libm.a
START GROUP
LOAD c:/mingw/gcc-arm-none-eabi/bin/../lib/gcc/arm-none-eabi/10.3.1/thumb/v7e-m+fp/hard\libgcc.a
LOAD c:/mingw/gcc-arm-none-eabi/bin/../lib/gcc/arm-none-eabi/10.3.1/../../../../arm-none-eabi/lib/thumb/v7e-m+fp/hard\libc.a
END GROUP
LOAD c:/mingw/gcc-arm-none-eabi/bin/../lib/gcc/arm-none-eabi/10.3.1/thumb/v7e-m+fp/hard/crtend.o
LOAD c:/mingw/gcc-arm-none-eabi/bin/../lib/gcc/arm-none-eabi/10.3.1/thumb/v7e-m+fp/hard/crtn.o
                0x20020000                _estack = (ORIGIN (RAM) + LENGTH (RAM))
                0x00000800                _Min_Heap_Size = 0x800
                0x00001000                _Min_Stack_Size = 0x1000

.isr_vector     0x08000000      0x188
                0x08000000                . = ALIGN (0x4)
 *(.isr_vector)
 .isr_vector    0x08000000      0x188 CMakeFiles/HEllOWORLD.elf.dir/startup/startup_stm32f407xx.s.obj
                0x08000000                g_pfnVectors
                0x08000188                . = ALIGN (0x4)

.text           0x080001c0    0x1a8f4
                0x080001c0                . = ALIGN (0x4)
 *(.text)
 .text          0x080001c0       0x40 c:/mingw/gcc-arm-none-eabi/bin/../lib/gcc/arm-none-eabi/10.3.1/thumb/v7e-m+fp/hard/crtbegin.o
 .text          0x08000200     0x5ee4 c:/mingw/gcc-arm-none-eabi/bin/../lib/gcc/arm-none-eabi/10.3.1/../../../../arm-none-eabi/lib/thumb/v7e-m+fp/hard\libstdc++.a(cp-demangle.o)
                0x08005ffc                __cxa_demangle
                0x080060c0                __gcclibcxx_demangle_callback
 .text          0x080060e4      0x378 c:/mingw/gcc-arm-none-eabi/bin/../lib/gcc/arm-none-eabi/10.3.1/thumb/v7e-m+fp/hard\libgcc.a(_arm_addsubdf3.o)
                0x080060e4                __aeabi_drsub
                0x080060ec                __aeabi_dsub
                0x080060ec                __subdf3
                0x080060f0                __aeabi_dadd
                0x080060f0                __adddf3
                0x08006368                __floatunsidf
                0x08006368                __aeabi_ui2d
                0x08006388                __floatsidf
                0x08006388                __aeabi_i2d
                0x080063ac                __aeabi_f2d
                0x080063ac                __extendsfdf2
                0x080063f0                __floatundidf
                0x080063f0                __aeabi_ul2d
                0x08006400                __floatdidf
                0x08006400                __aeabi_l2d
 .text          0x0800645c      0x424 c:/mingw/gcc-arm-none-eabi/bin/../lib/gcc/arm-none-eabi/10.3.1/thumb/v7e-m+fp/hard\libgcc.a(_arm_muldivdf3.o)
                0x0800645c                __aeabi_dmul
                0x0800645c                __muldf3
                0x080066b0                __divdf3
                0x080066b0                __aeabi_ddiv
 .text          0x08006880      0x110 c:/mingw/gcc-arm-none-eabi/bin/../lib/gcc/arm-none-eabi/10.3.1/thumb/v7e-m+fp/hard\libgcc.a(_arm_cmpdf2.o)
                0x08006880                __gtdf2
                0x08006880                __gedf2
                0x08006888                __ltdf2
                0x08006888                __ledf2
                0x08006890                __nedf2
                0x08006890                __eqdf2
                0x08006890                __cmpdf2
                0x0800690c                __aeabi_cdrcmple
                0x0800691c                __aeabi_cdcmpeq
                0x0800691c                __aeabi_cdcmple
                0x0800692c                __aeabi_dcmpeq
                0x08006940                __aeabi_dcmplt
                0x08006954                __aeabi_dcmple
                0x08006968                __aeabi_dcmpge
                0x0800697c                __aeabi_dcmpgt
 .text          0x08006990       0x2c c:/mingw/gcc-arm-none-eabi/bin/../lib/gcc/arm-none-eabi/10.3.1/thumb/v7e-m+fp/hard\libgcc.a(_arm_unorddf2.o)
                0x08006990                __unorddf2
                0x08006990                __aeabi_dcmpun
 .text          0x080069bc       0x50 c:/mingw/gcc-arm-none-eabi/bin/../lib/gcc/arm-none-eabi/10.3.1/thumb/v7e-m+fp/hard\libgcc.a(_arm_fixdfsi.o)
                0x080069bc                __aeabi_d2iz
                0x080069bc                __fixdfsi
 .text          0x08006a0c       0x40 c:/mingw/gcc-arm-none-eabi/bin/../lib/gcc/arm-none-eabi/10.3.1/thumb/v7e-m+fp/hard\libgcc.a(_arm_fixunsdfsi.o)
                0x08006a0c                __aeabi_d2uiz
                0x08006a0c                __fixunsdfsi
 .text          0x08006a4c       0xa0 c:/mingw/gcc-arm-none-eabi/bin/../lib/gcc/arm-none-eabi/10.3.1/thumb/v7e-m+fp/hard\libgcc.a(_arm_truncdfsf2.o)
                0x08006a4c                __truncdfsf2
                0x08006a4c                __aeabi_d2f
 .text          0x08006aec      0x21c c:/mingw/gcc-arm-none-eabi/bin/../lib/gcc/arm-none-eabi/10.3.1/thumb/v7e-m+fp/hard\libgcc.a(_arm_addsubsf3.o)
                0x08006aec                __aeabi_frsub
                0x08006af4                __subsf3
                0x08006af4                __aeabi_fsub
                0x08006af8                __aeabi_fadd
                0x08006af8                __addsf3
                0x08006c58                __aeabi_ui2f
                0x08006c58                __floatunsisf
                0x08006c60                __aeabi_i2f
                0x08006c60                __floatsisf
                0x08006c7c                __aeabi_ul2f
                0x08006c7c                __floatundisf
                0x08006c8c                __aeabi_l2f
                0x08006c8c                __floatdisf
 .text          0x08006d08       0x30 c:/mingw/gcc-arm-none-eabi/bin/../lib/gcc/arm-none-eabi/10.3.1/thumb/v7e-m+fp/hard\libgcc.a(_aeabi_uldivmod.o)
                0x08006d08                __aeabi_uldivmod
 .text          0x08006d38       0x40 c:/mingw/gcc-arm-none-eabi/bin/../lib/gcc/arm-none-eabi/10.3.1/thumb/v7e-m+fp/hard\libgcc.a(_fixunssfdi.o)
                0x08006d38                __fixunssfdi
                0x08006d38                __aeabi_f2ulz
 .text          0x08006d78      0x2d0 c:/mingw/gcc-arm-none-eabi/bin/../lib/gcc/arm-none-eabi/10.3.1/thumb/v7e-m+fp/hard\libgcc.a(_udivmoddi4.o)
                0x08006d78                __udivmoddi4
 .text          0x08007048      0x9d8 c:/mingw/gcc-arm-none-eabi/bin/../lib/gcc/arm-none-eabi/10.3.1/thumb/v7e-m+fp/hard\libgcc.a(unwind-arm.o)
                0x080072f0                _Unwind_GetCFA
                0x080072f4                __gnu_Unwind_RaiseException
                0x0800735c                __gnu_Unwind_ForcedUnwind
                0x0800736c                __gnu_Unwind_Resume
                0x080073b0                __gnu_Unwind_Resume_or_Rethrow
                0x080073c0                _Unwind_Complete
                0x080073c4                _Unwind_DeleteException
                0x080073d0                _Unwind_VRS_Get
                0x0800741c                _Unwind_VRS_Set
                0x08007464                __gnu_Unwind_Backtrace
                0x08007790                __aeabi_unwind_cpp_pr0
                0x08007794                __aeabi_unwind_cpp_pr1
                0x08007798                __aeabi_unwind_cpp_pr2
                0x0800779c                _Unwind_VRS_Pop
 .text          0x08007a20      0x1ac c:/mingw/gcc-arm-none-eabi/bin/../lib/gcc/arm-none-eabi/10.3.1/thumb/v7e-m+fp/hard\libgcc.a(libunwind.o)
                0x08007a20                __restore_core_regs
                0x08007a20                restore_core_regs
                0x08007a38                __gnu_Unwind_Restore_VFP
                0x08007a40                __gnu_Unwind_Save_VFP
                0x08007a48                __gnu_Unwind_Restore_VFP_D
                0x08007a50                __gnu_Unwind_Save_VFP_D
                0x08007a58                __gnu_Unwind_Restore_VFP_D_16_to_31
                0x08007a60                __gnu_Unwind_Save_VFP_D_16_to_31
                0x08007a68                __gnu_Unwind_Restore_WMMXD
                0x08007aac                __gnu_Unwind_Save_WMMXD
                0x08007af0                __gnu_Unwind_Restore_WMMXC
                0x08007b04                __gnu_Unwind_Save_WMMXC
                0x08007b18                ___Unwind_RaiseException
                0x08007b18                _Unwind_RaiseException
                0x08007b3c                _Unwind_Resume
                0x08007b3c                ___Unwind_Resume
                0x08007b60                _Unwind_Resume_or_Rethrow
                0x08007b60                ___Unwind_Resume_or_Rethrow
                0x08007b84                _Unwind_ForcedUnwind
                0x08007b84                ___Unwind_ForcedUnwind
                0x08007ba8                ___Unwind_Backtrace
                0x08007ba8                _Unwind_Backtrace
 .text          0x08007bcc      0x350 c:/mingw/gcc-arm-none-eabi/bin/../lib/gcc/arm-none-eabi/10.3.1/thumb/v7e-m+fp/hard\libgcc.a(pr-support.o)
                0x08007c24                __gnu_unwind_execute
                0x08007ed0                __gnu_unwind_frame
                0x08007efc                _Unwind_GetRegionStart
                0x08007f08                _Unwind_GetLanguageSpecificData
 .text          0x08007f1c        0x4 c:/mingw/gcc-arm-none-eabi/bin/../lib/gcc/arm-none-eabi/10.3.1/thumb/v7e-m+fp/hard\libgcc.a(_dvmd_tls.o)
                0x08007f1c                __aeabi_idiv0
                0x08007f1c                __aeabi_ldiv0
 .text          0x08007f20       0xa0 c:/mingw/gcc-arm-none-eabi/bin/../lib/gcc/arm-none-eabi/10.3.1/../../../../arm-none-eabi/lib/thumb/v7e-m+fp/hard\libc.a(lib_a-memchr.o)
                0x08007f20                memchr
 .text          0x08007fc0      0x134 c:/mingw/gcc-arm-none-eabi/bin/../lib/gcc/arm-none-eabi/10.3.1/../../../../arm-none-eabi/lib/thumb/v7e-m+fp/hard\libc.a(lib_a-memcpy.o)
                0x08007fc0                memcpy
 *fill*         0x080080f4        0xc 
 .text          0x08008100      0x2dc c:/mingw/gcc-arm-none-eabi/bin/../lib/gcc/arm-none-eabi/10.3.1/../../../../arm-none-eabi/lib/thumb/v7e-m+fp/hard\libc.a(lib_a-strcmp.o)
                0x08008108                strcmp
 *fill*         0x080083dc       0x24 
 .text          0x08008400       0xdc c:/mingw/gcc-arm-none-eabi/bin/../lib/gcc/arm-none-eabi/10.3.1/../../../../arm-none-eabi/lib/thumb/v7e-m+fp/hard\libc.a(lib_a-strlen.o)
                0x08008400                strlen
 *(.text*)
 .text.arm_cmplx_mag_f32
                0x080084dc       0x42 CMakeFiles/HEllOWORLD.elf.dir/ARM_DSP/Source/ComplexMathFunctions/ComplexMathFunctions.c.obj
                0x080084dc                arm_cmplx_mag_f32
 *fill*         0x0800851e        0x2 
 .text.arm_sin_f32
                0x08008520       0x90 CMakeFiles/HEllOWORLD.elf.dir/ARM_DSP/Source/FastMathFunctions/FastMathFunctions.c.obj
                0x08008520                arm_sin_f32
 .text.arm_fir_f32
                0x080085b0       0x70 CMakeFiles/HEllOWORLD.elf.dir/ARM_DSP/Source/FilteringFunctions/FilteringFunctions.c.obj
                0x080085b0                arm_fir_f32
 .text.arm_fir_init_f32
                0x08008620       0x1e CMakeFiles/HEllOWORLD.elf.dir/ARM_DSP/Source/FilteringFunctions/FilteringFunctions.c.obj
                0x08008620                arm_fir_init_f32
 .text.arm_max_f32
                0x0800863e       0x30 CMakeFiles/HEllOWORLD.elf.dir/ARM_DSP/Source/StatisticsFunctions/StatisticsFunctions.c.obj
                0x0800863e                arm_max_f32
 .text.arm_min_f32
                0x0800866e       0x30 CMakeFiles/HEllOWORLD.elf.dir/ARM_DSP/Source/StatisticsFunctions/StatisticsFunctions.c.obj
                0x0800866e                arm_min_f32
 *fill*         0x0800869e        0x2 
 .text.arm_rms_f32
                0x080086a0       0x4c CMakeFiles/HEllOWORLD.elf.dir/ARM_DSP/Source/StatisticsFunctions/StatisticsFunctions.c.obj
                0x080086a0                arm_rms_f32
 .text.arm_bitreversal_32
                0x080086ec       0x4a CMakeFiles/HEllOWORLD.elf.dir/ARM_DSP/Source/TransformFunctions/TransformFunctions.c.obj
                0x080086ec                arm_bitreversal_32
 *fill*         0x08008736        0x2 
 .text.arm_radix8_butterfly_f32
                0x08008738      0x5a8 CMakeFiles/HEllOWORLD.elf.dir/ARM_DSP/Source/TransformFunctions/TransformFunctions.c.obj
                0x08008738                arm_radix8_butterfly_f32
 .text.arm_cfft_radix8by2_f32
                0x08008ce0      0x1f4 CMakeFiles/HEllOWORLD.elf.dir/ARM_DSP/Source/TransformFunctions/TransformFunctions.c.obj
                0x08008ce0                arm_cfft_radix8by2_f32
 .text.arm_cfft_radix8by4_f32
                0x08008ed4      0x4bc CMakeFiles/HEllOWORLD.elf.dir/ARM_DSP/Source/TransformFunctions/TransformFunctions.c.obj
                0x08008ed4                arm_cfft_radix8by4_f32
 .text.arm_cfft_f32
                0x08009390       0xda CMakeFiles/HEllOWORLD.elf.dir/ARM_DSP/Source/TransformFunctions/TransformFunctions.c.obj
                0x08009390                arm_cfft_f32
 *fill*         0x0800946a        0x2 
 .text.arm_hamming_f32
                0x0800946c       0x68 CMakeFiles/HEllOWORLD.elf.dir/ARM_DSP/Source/WindowFunctions/WindowFunctions.c.obj
                0x0800946c                arm_hamming_f32
 .text.MX_ADC1_Init
                0x080094d4       0x6c CMakeFiles/HEllOWORLD.elf.dir/Core/Src/adc.c.obj
                0x080094d4                MX_ADC1_Init
 .text.MX_ADC2_Init
                0x08009540       0x6c CMakeFiles/HEllOWORLD.elf.dir/Core/Src/adc.c.obj
                0x08009540                MX_ADC2_Init
 .text.MX_ADC3_Init
                0x080095ac       0x6c CMakeFiles/HEllOWORLD.elf.dir/Core/Src/adc.c.obj
                0x080095ac                MX_ADC3_Init
 .text.HAL_ADC_MspInit
                0x08009618      0x1cc CMakeFiles/HEllOWORLD.elf.dir/Core/Src/adc.c.obj
                0x08009618                HAL_ADC_MspInit
 .text.MX_DAC_Init
                0x080097e4       0x58 CMakeFiles/HEllOWORLD.elf.dir/Core/Src/dac.c.obj
                0x080097e4                MX_DAC_Init
 .text.HAL_DAC_MspInit
                0x0800983c      0x110 CMakeFiles/HEllOWORLD.elf.dir/Core/Src/dac.c.obj
                0x0800983c                HAL_DAC_MspInit
 .text.MX_DMA_Init
                0x0800994c       0x98 CMakeFiles/HEllOWORLD.elf.dir/Core/Src/dma.c.obj
                0x0800994c                MX_DMA_Init
 .text.HAL_FSMC_MspInit
                0x080099e4       0x7c CMakeFiles/HEllOWORLD.elf.dir/Core/Src/fsmc.c.obj
 .text.MX_FSMC_Init
                0x08009a60       0x8c CMakeFiles/HEllOWORLD.elf.dir/Core/Src/fsmc.c.obj
                0x08009a60                MX_FSMC_Init
 .text.HAL_SRAM_MspInit
                0x08009aec        0x8 CMakeFiles/HEllOWORLD.elf.dir/Core/Src/fsmc.c.obj
                0x08009aec                HAL_SRAM_MspInit
 .text.MX_GPIO_Init
                0x08009af4       0xc8 CMakeFiles/HEllOWORLD.elf.dir/Core/Src/gpio.c.obj
                0x08009af4                MX_GPIO_Init
 .text.Error_Handler
                0x08009bbc        0x4 CMakeFiles/HEllOWORLD.elf.dir/Core/Src/main.c.obj
                0x08009bbc                Error_Handler
 .text.SystemClock_Config
                0x08009bc0       0xa8 CMakeFiles/HEllOWORLD.elf.dir/Core/Src/main.c.obj
                0x08009bc0                SystemClock_Config
 .text.main     0x08009c68       0x44 CMakeFiles/HEllOWORLD.elf.dir/Core/Src/main.c.obj
                0x08009c68                main
 .text.HAL_MspInit
                0x08009cac       0x38 CMakeFiles/HEllOWORLD.elf.dir/Core/Src/stm32f4xx_hal_msp.c.obj
                0x08009cac                HAL_MspInit
 .text.NMI_Handler
                0x08009ce4        0x2 CMakeFiles/HEllOWORLD.elf.dir/Core/Src/stm32f4xx_it.c.obj
                0x08009ce4                NMI_Handler
 .text.HardFault_Handler
                0x08009ce6        0x2 CMakeFiles/HEllOWORLD.elf.dir/Core/Src/stm32f4xx_it.c.obj
                0x08009ce6                HardFault_Handler
 .text.MemManage_Handler
                0x08009ce8        0x2 CMakeFiles/HEllOWORLD.elf.dir/Core/Src/stm32f4xx_it.c.obj
                0x08009ce8                MemManage_Handler
 .text.BusFault_Handler
                0x08009cea        0x2 CMakeFiles/HEllOWORLD.elf.dir/Core/Src/stm32f4xx_it.c.obj
                0x08009cea                BusFault_Handler
 .text.UsageFault_Handler
                0x08009cec        0x2 CMakeFiles/HEllOWORLD.elf.dir/Core/Src/stm32f4xx_it.c.obj
                0x08009cec                UsageFault_Handler
 .text.SVC_Handler
                0x08009cee        0x2 CMakeFiles/HEllOWORLD.elf.dir/Core/Src/stm32f4xx_it.c.obj
                0x08009cee                SVC_Handler
 .text.DebugMon_Handler
                0x08009cf0        0x2 CMakeFiles/HEllOWORLD.elf.dir/Core/Src/stm32f4xx_it.c.obj
                0x08009cf0                DebugMon_Handler
 .text.PendSV_Handler
                0x08009cf2        0x2 CMakeFiles/HEllOWORLD.elf.dir/Core/Src/stm32f4xx_it.c.obj
                0x08009cf2                PendSV_Handler
 .text.SysTick_Handler
                0x08009cf4        0x8 CMakeFiles/HEllOWORLD.elf.dir/Core/Src/stm32f4xx_it.c.obj
                0x08009cf4                SysTick_Handler
 .text.DMA1_Stream1_IRQHandler
                0x08009cfc       0x10 CMakeFiles/HEllOWORLD.elf.dir/Core/Src/stm32f4xx_it.c.obj
                0x08009cfc                DMA1_Stream1_IRQHandler
 .text.DMA1_Stream5_IRQHandler
                0x08009d0c       0x10 CMakeFiles/HEllOWORLD.elf.dir/Core/Src/stm32f4xx_it.c.obj
                0x08009d0c                DMA1_Stream5_IRQHandler
 .text.DMA1_Stream6_IRQHandler
                0x08009d1c       0x10 CMakeFiles/HEllOWORLD.elf.dir/Core/Src/stm32f4xx_it.c.obj
                0x08009d1c                DMA1_Stream6_IRQHandler
 .text.TIM1_BRK_TIM9_IRQHandler
                0x08009d2c       0x10 CMakeFiles/HEllOWORLD.elf.dir/Core/Src/stm32f4xx_it.c.obj
                0x08009d2c                TIM1_BRK_TIM9_IRQHandler
 .text.USART3_IRQHandler
                0x08009d3c       0x10 CMakeFiles/HEllOWORLD.elf.dir/Core/Src/stm32f4xx_it.c.obj
                0x08009d3c                USART3_IRQHandler
 .text.TIM6_DAC_IRQHandler
                0x08009d4c       0x10 CMakeFiles/HEllOWORLD.elf.dir/Core/Src/stm32f4xx_it.c.obj
                0x08009d4c                TIM6_DAC_IRQHandler
 .text.DMA2_Stream0_IRQHandler
                0x08009d5c       0x10 CMakeFiles/HEllOWORLD.elf.dir/Core/Src/stm32f4xx_it.c.obj
                0x08009d5c                DMA2_Stream0_IRQHandler
 .text.DMA2_Stream1_IRQHandler
                0x08009d6c       0x10 CMakeFiles/HEllOWORLD.elf.dir/Core/Src/stm32f4xx_it.c.obj
                0x08009d6c                DMA2_Stream1_IRQHandler
 .text.DMA2_Stream2_IRQHandler
                0x08009d7c       0x10 CMakeFiles/HEllOWORLD.elf.dir/Core/Src/stm32f4xx_it.c.obj
                0x08009d7c                DMA2_Stream2_IRQHandler
 .text._getpid  0x08009d8c        0x4 CMakeFiles/HEllOWORLD.elf.dir/Core/Src/syscalls.c.obj
                0x08009d8c                _getpid
 .text._kill    0x08009d90       0x10 CMakeFiles/HEllOWORLD.elf.dir/Core/Src/syscalls.c.obj
                0x08009d90                _kill
 .text._exit    0x08009da0        0xc CMakeFiles/HEllOWORLD.elf.dir/Core/Src/syscalls.c.obj
                0x08009da0                _exit
 .text._sbrk    0x08009dac       0x3c CMakeFiles/HEllOWORLD.elf.dir/Core/Src/syscalls.c.obj
                0x08009dac                _sbrk
 .text._close   0x08009de8        0x6 CMakeFiles/HEllOWORLD.elf.dir/Core/Src/syscalls.c.obj
                0x08009de8                _close
 .text._fstat   0x08009dee        0xa CMakeFiles/HEllOWORLD.elf.dir/Core/Src/syscalls.c.obj
                0x08009dee                _fstat
 .text._isatty  0x08009df8        0x4 CMakeFiles/HEllOWORLD.elf.dir/Core/Src/syscalls.c.obj
                0x08009df8                _isatty
 .text._lseek   0x08009dfc        0x4 CMakeFiles/HEllOWORLD.elf.dir/Core/Src/syscalls.c.obj
                0x08009dfc                _lseek
 .text.SystemInit
                0x08009e00       0x14 CMakeFiles/HEllOWORLD.elf.dir/Core/Src/system_stm32f4xx.c.obj
                0x08009e00                SystemInit
 .text.MX_TIM2_Init
                0x08009e14       0x70 CMakeFiles/HEllOWORLD.elf.dir/Core/Src/tim.c.obj
                0x08009e14                MX_TIM2_Init
 .text.MX_TIM8_Init
                0x08009e84       0x70 CMakeFiles/HEllOWORLD.elf.dir/Core/Src/tim.c.obj
                0x08009e84                MX_TIM8_Init
 .text.MX_TIM9_Init
                0x08009ef4       0x8c CMakeFiles/HEllOWORLD.elf.dir/Core/Src/tim.c.obj
                0x08009ef4                MX_TIM9_Init
 .text.HAL_TIM_Base_MspInit
                0x08009f80       0xc0 CMakeFiles/HEllOWORLD.elf.dir/Core/Src/tim.c.obj
                0x08009f80                HAL_TIM_Base_MspInit
 .text.HAL_TIM_PWM_MspInit
                0x0800a040       0x30 CMakeFiles/HEllOWORLD.elf.dir/Core/Src/tim.c.obj
                0x0800a040                HAL_TIM_PWM_MspInit
 .text.HAL_TIM_MspPostInit
                0x0800a070       0x58 CMakeFiles/HEllOWORLD.elf.dir/Core/Src/tim.c.obj
                0x0800a070                HAL_TIM_MspPostInit
 .text.MX_TIM3_Init
                0x0800a0c8       0x80 CMakeFiles/HEllOWORLD.elf.dir/Core/Src/tim.c.obj
                0x0800a0c8                MX_TIM3_Init
 .text.MX_USART1_UART_Init
                0x0800a148       0x34 CMakeFiles/HEllOWORLD.elf.dir/Core/Src/usart.c.obj
                0x0800a148                MX_USART1_UART_Init
 .text.MX_USART3_UART_Init
                0x0800a17c       0x34 CMakeFiles/HEllOWORLD.elf.dir/Core/Src/usart.c.obj
                0x0800a17c                MX_USART3_UART_Init
 .text.HAL_UART_MspInit
                0x0800a1b0      0x118 CMakeFiles/HEllOWORLD.elf.dir/Core/Src/usart.c.obj
                0x0800a1b0                HAL_UART_MspInit
 .text.HAL_InitTick
                0x0800a2c8       0x4c CMakeFiles/HEllOWORLD.elf.dir/Drivers/STM32F4xx_HAL_Driver/Src/stm32f4xx_hal.c.obj
                0x0800a2c8                HAL_InitTick
 .text.HAL_Init
                0x0800a314       0x34 CMakeFiles/HEllOWORLD.elf.dir/Drivers/STM32F4xx_HAL_Driver/Src/stm32f4xx_hal.c.obj
                0x0800a314                HAL_Init
 .text.HAL_IncTick
                0x0800a348       0x18 CMakeFiles/HEllOWORLD.elf.dir/Drivers/STM32F4xx_HAL_Driver/Src/stm32f4xx_hal.c.obj
                0x0800a348                HAL_IncTick
 .text.HAL_GetTick
                0x0800a360        0xc CMakeFiles/HEllOWORLD.elf.dir/Drivers/STM32F4xx_HAL_Driver/Src/stm32f4xx_hal.c.obj
                0x0800a360                HAL_GetTick
 .text.ADC_Init
                0x0800a36c      0x134 CMakeFiles/HEllOWORLD.elf.dir/Drivers/STM32F4xx_HAL_Driver/Src/stm32f4xx_hal_adc.c.obj
 .text.HAL_ADC_Init
                0x0800a4a0       0x56 CMakeFiles/HEllOWORLD.elf.dir/Drivers/STM32F4xx_HAL_Driver/Src/stm32f4xx_hal_adc.c.obj
                0x0800a4a0                HAL_ADC_Init
 *fill*         0x0800a4f6        0x2 
 .text.HAL_ADC_Start_DMA
                0x0800a4f8      0x19c CMakeFiles/HEllOWORLD.elf.dir/Drivers/STM32F4xx_HAL_Driver/Src/stm32f4xx_hal_adc.c.obj
                0x0800a4f8                HAL_ADC_Start_DMA
 .text.HAL_ADC_Stop_DMA
                0x0800a694       0x78 CMakeFiles/HEllOWORLD.elf.dir/Drivers/STM32F4xx_HAL_Driver/Src/stm32f4xx_hal_adc.c.obj
                0x0800a694                HAL_ADC_Stop_DMA
 .text.HAL_ADC_ConvHalfCpltCallback
                0x0800a70c        0x2 CMakeFiles/HEllOWORLD.elf.dir/Drivers/STM32F4xx_HAL_Driver/Src/stm32f4xx_hal_adc.c.obj
                0x0800a70c                HAL_ADC_ConvHalfCpltCallback
 .text.ADC_DMAHalfConvCplt
                0x0800a70e        0xa CMakeFiles/HEllOWORLD.elf.dir/Drivers/STM32F4xx_HAL_Driver/Src/stm32f4xx_hal_adc.c.obj
 .text.HAL_ADC_ErrorCallback
                0x0800a718        0x2 CMakeFiles/HEllOWORLD.elf.dir/Drivers/STM32F4xx_HAL_Driver/Src/stm32f4xx_hal_adc.c.obj
                0x0800a718                HAL_ADC_ErrorCallback
 .text.ADC_DMAError
                0x0800a71a       0x16 CMakeFiles/HEllOWORLD.elf.dir/Drivers/STM32F4xx_HAL_Driver/Src/stm32f4xx_hal_adc.c.obj
 .text.ADC_DMAConvCplt
                0x0800a730       0x72 CMakeFiles/HEllOWORLD.elf.dir/Drivers/STM32F4xx_HAL_Driver/Src/stm32f4xx_hal_adc.c.obj
 *fill*         0x0800a7a2        0x2 
 .text.HAL_ADC_ConfigChannel
                0x0800a7a4      0x198 CMakeFiles/HEllOWORLD.elf.dir/Drivers/STM32F4xx_HAL_Driver/Src/stm32f4xx_hal_adc.c.obj
                0x0800a7a4                HAL_ADC_ConfigChannel
 .text.HAL_NVIC_SetPriorityGrouping
                0x0800a93c       0x24 CMakeFiles/HEllOWORLD.elf.dir/Drivers/STM32F4xx_HAL_Driver/Src/stm32f4xx_hal_cortex.c.obj
                0x0800a93c                HAL_NVIC_SetPriorityGrouping
 .text.HAL_NVIC_SetPriority
                0x0800a960       0x70 CMakeFiles/HEllOWORLD.elf.dir/Drivers/STM32F4xx_HAL_Driver/Src/stm32f4xx_hal_cortex.c.obj
                0x0800a960                HAL_NVIC_SetPriority
 .text.HAL_NVIC_EnableIRQ
                0x0800a9d0       0x1c CMakeFiles/HEllOWORLD.elf.dir/Drivers/STM32F4xx_HAL_Driver/Src/stm32f4xx_hal_cortex.c.obj
                0x0800a9d0                HAL_NVIC_EnableIRQ
 .text.HAL_SYSTICK_Config
                0x0800a9ec       0x28 CMakeFiles/HEllOWORLD.elf.dir/Drivers/STM32F4xx_HAL_Driver/Src/stm32f4xx_hal_cortex.c.obj
                0x0800a9ec                HAL_SYSTICK_Config
 .text.HAL_SYSTICK_CLKSourceConfig
                0x0800aa14       0x20 CMakeFiles/HEllOWORLD.elf.dir/Drivers/STM32F4xx_HAL_Driver/Src/stm32f4xx_hal_cortex.c.obj
                0x0800aa14                HAL_SYSTICK_CLKSourceConfig
 .text.HAL_DAC_Init
                0x0800aa34       0x24 CMakeFiles/HEllOWORLD.elf.dir/Drivers/STM32F4xx_HAL_Driver/Src/stm32f4xx_hal_dac.c.obj
                0x0800aa34                HAL_DAC_Init
 .text.HAL_DAC_Start_DMA
                0x0800aa58       0xfc CMakeFiles/HEllOWORLD.elf.dir/Drivers/STM32F4xx_HAL_Driver/Src/stm32f4xx_hal_dac.c.obj
                0x0800aa58                HAL_DAC_Start_DMA
 .text.HAL_DAC_Stop_DMA
                0x0800ab54       0x56 CMakeFiles/HEllOWORLD.elf.dir/Drivers/STM32F4xx_HAL_Driver/Src/stm32f4xx_hal_dac.c.obj
                0x0800ab54                HAL_DAC_Stop_DMA
 .text.HAL_DAC_ConvCpltCallbackCh1
                0x0800abaa        0x2 CMakeFiles/HEllOWORLD.elf.dir/Drivers/STM32F4xx_HAL_Driver/Src/stm32f4xx_hal_dac.c.obj
                0x0800abaa                HAL_DAC_ConvCpltCallbackCh1
 .text.DAC_DMAConvCpltCh1
                0x0800abac       0x10 CMakeFiles/HEllOWORLD.elf.dir/Drivers/STM32F4xx_HAL_Driver/Src/stm32f4xx_hal_dac.c.obj
                0x0800abac                DAC_DMAConvCpltCh1
 .text.HAL_DAC_ConvHalfCpltCallbackCh1
                0x0800abbc        0x2 CMakeFiles/HEllOWORLD.elf.dir/Drivers/STM32F4xx_HAL_Driver/Src/stm32f4xx_hal_dac.c.obj
                0x0800abbc                HAL_DAC_ConvHalfCpltCallbackCh1
 .text.DAC_DMAHalfConvCpltCh1
                0x0800abbe        0xa CMakeFiles/HEllOWORLD.elf.dir/Drivers/STM32F4xx_HAL_Driver/Src/stm32f4xx_hal_dac.c.obj
                0x0800abbe                DAC_DMAHalfConvCpltCh1
 .text.HAL_DAC_ErrorCallbackCh1
                0x0800abc8        0x2 CMakeFiles/HEllOWORLD.elf.dir/Drivers/STM32F4xx_HAL_Driver/Src/stm32f4xx_hal_dac.c.obj
                0x0800abc8                HAL_DAC_ErrorCallbackCh1
 .text.DAC_DMAErrorCh1
                0x0800abca       0x18 CMakeFiles/HEllOWORLD.elf.dir/Drivers/STM32F4xx_HAL_Driver/Src/stm32f4xx_hal_dac.c.obj
                0x0800abca                DAC_DMAErrorCh1
 .text.HAL_DAC_DMAUnderrunCallbackCh1
                0x0800abe2        0x2 CMakeFiles/HEllOWORLD.elf.dir/Drivers/STM32F4xx_HAL_Driver/Src/stm32f4xx_hal_dac.c.obj
                0x0800abe2                HAL_DAC_DMAUnderrunCallbackCh1
 .text.HAL_DAC_IRQHandler
                0x0800abe4       0x70 CMakeFiles/HEllOWORLD.elf.dir/Drivers/STM32F4xx_HAL_Driver/Src/stm32f4xx_hal_dac.c.obj
                0x0800abe4                HAL_DAC_IRQHandler
 .text.HAL_DAC_ConfigChannel
                0x0800ac54       0x56 CMakeFiles/HEllOWORLD.elf.dir/Drivers/STM32F4xx_HAL_Driver/Src/stm32f4xx_hal_dac.c.obj
                0x0800ac54                HAL_DAC_ConfigChannel
 .text.HAL_DACEx_ConvCpltCallbackCh2
                0x0800acaa        0x2 CMakeFiles/HEllOWORLD.elf.dir/Drivers/STM32F4xx_HAL_Driver/Src/stm32f4xx_hal_dac_ex.c.obj
                0x0800acaa                HAL_DACEx_ConvCpltCallbackCh2
 .text.HAL_DACEx_ConvHalfCpltCallbackCh2
                0x0800acac        0x2 CMakeFiles/HEllOWORLD.elf.dir/Drivers/STM32F4xx_HAL_Driver/Src/stm32f4xx_hal_dac_ex.c.obj
                0x0800acac                HAL_DACEx_ConvHalfCpltCallbackCh2
 .text.HAL_DACEx_ErrorCallbackCh2
                0x0800acae        0x2 CMakeFiles/HEllOWORLD.elf.dir/Drivers/STM32F4xx_HAL_Driver/Src/stm32f4xx_hal_dac_ex.c.obj
                0x0800acae                HAL_DACEx_ErrorCallbackCh2
 .text.HAL_DACEx_DMAUnderrunCallbackCh2
                0x0800acb0        0x2 CMakeFiles/HEllOWORLD.elf.dir/Drivers/STM32F4xx_HAL_Driver/Src/stm32f4xx_hal_dac_ex.c.obj
                0x0800acb0                HAL_DACEx_DMAUnderrunCallbackCh2
 .text.DAC_DMAConvCpltCh2
                0x0800acb2       0x10 CMakeFiles/HEllOWORLD.elf.dir/Drivers/STM32F4xx_HAL_Driver/Src/stm32f4xx_hal_dac_ex.c.obj
                0x0800acb2                DAC_DMAConvCpltCh2
 .text.DAC_DMAHalfConvCpltCh2
                0x0800acc2        0xa CMakeFiles/HEllOWORLD.elf.dir/Drivers/STM32F4xx_HAL_Driver/Src/stm32f4xx_hal_dac_ex.c.obj
                0x0800acc2                DAC_DMAHalfConvCpltCh2
 .text.DAC_DMAErrorCh2
                0x0800accc       0x18 CMakeFiles/HEllOWORLD.elf.dir/Drivers/STM32F4xx_HAL_Driver/Src/stm32f4xx_hal_dac_ex.c.obj
                0x0800accc                DAC_DMAErrorCh2
 .text.DMA_SetConfig
                0x0800ace4       0x2c CMakeFiles/HEllOWORLD.elf.dir/Drivers/STM32F4xx_HAL_Driver/Src/stm32f4xx_hal_dma.c.obj
 .text.DMA_CalcBaseAndBitshift
                0x0800ad10       0x44 CMakeFiles/HEllOWORLD.elf.dir/Drivers/STM32F4xx_HAL_Driver/Src/stm32f4xx_hal_dma.c.obj
 .text.DMA_CheckFifoParam
                0x0800ad54       0x8e CMakeFiles/HEllOWORLD.elf.dir/Drivers/STM32F4xx_HAL_Driver/Src/stm32f4xx_hal_dma.c.obj
 *fill*         0x0800ade2        0x2 
 .text.HAL_DMA_Init
                0x0800ade4       0xcc CMakeFiles/HEllOWORLD.elf.dir/Drivers/STM32F4xx_HAL_Driver/Src/stm32f4xx_hal_dma.c.obj
                0x0800ade4                HAL_DMA_Init
 .text.HAL_DMA_Start_IT
                0x0800aeb0       0x6a CMakeFiles/HEllOWORLD.elf.dir/Drivers/STM32F4xx_HAL_Driver/Src/stm32f4xx_hal_dma.c.obj
                0x0800aeb0                HAL_DMA_Start_IT
 .text.HAL_DMA_Abort
                0x0800af1a       0x94 CMakeFiles/HEllOWORLD.elf.dir/Drivers/STM32F4xx_HAL_Driver/Src/stm32f4xx_hal_dma.c.obj
                0x0800af1a                HAL_DMA_Abort
 .text.HAL_DMA_Abort_IT
                0x0800afae       0x26 CMakeFiles/HEllOWORLD.elf.dir/Drivers/STM32F4xx_HAL_Driver/Src/stm32f4xx_hal_dma.c.obj
                0x0800afae                HAL_DMA_Abort_IT
 .text.HAL_DMA_IRQHandler
                0x0800afd4      0x1dc CMakeFiles/HEllOWORLD.elf.dir/Drivers/STM32F4xx_HAL_Driver/Src/stm32f4xx_hal_dma.c.obj
                0x0800afd4                HAL_DMA_IRQHandler
 .text.HAL_GPIO_Init
                0x0800b1b0      0x1e4 CMakeFiles/HEllOWORLD.elf.dir/Drivers/STM32F4xx_HAL_Driver/Src/stm32f4xx_hal_gpio.c.obj
                0x0800b1b0                HAL_GPIO_Init
 .text.HAL_GPIO_WritePin
                0x0800b394        0xc CMakeFiles/HEllOWORLD.elf.dir/Drivers/STM32F4xx_HAL_Driver/Src/stm32f4xx_hal_gpio.c.obj
                0x0800b394                HAL_GPIO_WritePin
 .text.HAL_RCC_OscConfig
                0x0800b3a0      0x3f8 CMakeFiles/HEllOWORLD.elf.dir/Drivers/STM32F4xx_HAL_Driver/Src/stm32f4xx_hal_rcc.c.obj
                0x0800b3a0                HAL_RCC_OscConfig
 .text.HAL_RCC_GetSysClockFreq
                0x0800b798       0xd4 CMakeFiles/HEllOWORLD.elf.dir/Drivers/STM32F4xx_HAL_Driver/Src/stm32f4xx_hal_rcc.c.obj
                0x0800b798                HAL_RCC_GetSysClockFreq
 .text.HAL_RCC_ClockConfig
                0x0800b86c      0x160 CMakeFiles/HEllOWORLD.elf.dir/Drivers/STM32F4xx_HAL_Driver/Src/stm32f4xx_hal_rcc.c.obj
                0x0800b86c                HAL_RCC_ClockConfig
 .text.HAL_RCC_GetHCLKFreq
                0x0800b9cc        0xc CMakeFiles/HEllOWORLD.elf.dir/Drivers/STM32F4xx_HAL_Driver/Src/stm32f4xx_hal_rcc.c.obj
                0x0800b9cc                HAL_RCC_GetHCLKFreq
 .text.HAL_RCC_GetPCLK1Freq
                0x0800b9d8       0x20 CMakeFiles/HEllOWORLD.elf.dir/Drivers/STM32F4xx_HAL_Driver/Src/stm32f4xx_hal_rcc.c.obj
                0x0800b9d8                HAL_RCC_GetPCLK1Freq
 .text.HAL_RCC_GetPCLK2Freq
                0x0800b9f8       0x20 CMakeFiles/HEllOWORLD.elf.dir/Drivers/STM32F4xx_HAL_Driver/Src/stm32f4xx_hal_rcc.c.obj
                0x0800b9f8                HAL_RCC_GetPCLK2Freq
 .text.HAL_SRAM_Init
                0x0800ba18       0x58 CMakeFiles/HEllOWORLD.elf.dir/Drivers/STM32F4xx_HAL_Driver/Src/stm32f4xx_hal_sram.c.obj
                0x0800ba18                HAL_SRAM_Init
 .text.TIM_OC1_SetConfig
                0x0800ba70       0x68 CMakeFiles/HEllOWORLD.elf.dir/Drivers/STM32F4xx_HAL_Driver/Src/stm32f4xx_hal_tim.c.obj
 .text.TIM_OC3_SetConfig
                0x0800bad8       0x70 CMakeFiles/HEllOWORLD.elf.dir/Drivers/STM32F4xx_HAL_Driver/Src/stm32f4xx_hal_tim.c.obj
 .text.TIM_OC4_SetConfig
                0x0800bb48       0x50 CMakeFiles/HEllOWORLD.elf.dir/Drivers/STM32F4xx_HAL_Driver/Src/stm32f4xx_hal_tim.c.obj
 .text.TIM_TI1_ConfigInputStage
                0x0800bb98       0x26 CMakeFiles/HEllOWORLD.elf.dir/Drivers/STM32F4xx_HAL_Driver/Src/stm32f4xx_hal_tim.c.obj
 .text.TIM_TI2_SetConfig
                0x0800bbbe       0x36 CMakeFiles/HEllOWORLD.elf.dir/Drivers/STM32F4xx_HAL_Driver/Src/stm32f4xx_hal_tim.c.obj
 .text.TIM_TI2_ConfigInputStage
                0x0800bbf4       0x28 CMakeFiles/HEllOWORLD.elf.dir/Drivers/STM32F4xx_HAL_Driver/Src/stm32f4xx_hal_tim.c.obj
 .text.TIM_TI3_SetConfig
                0x0800bc1c       0x36 CMakeFiles/HEllOWORLD.elf.dir/Drivers/STM32F4xx_HAL_Driver/Src/stm32f4xx_hal_tim.c.obj
 .text.TIM_TI4_SetConfig
                0x0800bc52       0x36 CMakeFiles/HEllOWORLD.elf.dir/Drivers/STM32F4xx_HAL_Driver/Src/stm32f4xx_hal_tim.c.obj
 .text.TIM_ITRx_SetConfig
                0x0800bc88       0x10 CMakeFiles/HEllOWORLD.elf.dir/Drivers/STM32F4xx_HAL_Driver/Src/stm32f4xx_hal_tim.c.obj
 .text.HAL_TIM_Base_Start
                0x0800bc98       0x7c CMakeFiles/HEllOWORLD.elf.dir/Drivers/STM32F4xx_HAL_Driver/Src/stm32f4xx_hal_tim.c.obj
                0x0800bc98                HAL_TIM_Base_Start
 .text.HAL_TIM_Base_Stop
                0x0800bd14       0x28 CMakeFiles/HEllOWORLD.elf.dir/Drivers/STM32F4xx_HAL_Driver/Src/stm32f4xx_hal_tim.c.obj
                0x0800bd14                HAL_TIM_Base_Stop
 .text.HAL_TIM_Base_Stop_IT
                0x0800bd3c       0x32 CMakeFiles/HEllOWORLD.elf.dir/Drivers/STM32F4xx_HAL_Driver/Src/stm32f4xx_hal_tim.c.obj
                0x0800bd3c                HAL_TIM_Base_Stop_IT
 .text.HAL_TIM_IC_MspInit
                0x0800bd6e        0x2 CMakeFiles/HEllOWORLD.elf.dir/Drivers/STM32F4xx_HAL_Driver/Src/stm32f4xx_hal_tim.c.obj
                0x0800bd6e                HAL_TIM_IC_MspInit
 .text.HAL_TIM_ReadCapturedValue
                0x0800bd70       0x32 CMakeFiles/HEllOWORLD.elf.dir/Drivers/STM32F4xx_HAL_Driver/Src/stm32f4xx_hal_tim.c.obj
                0x0800bd70                HAL_TIM_ReadCapturedValue
 .text.HAL_TIM_OC_DelayElapsedCallback
                0x0800bda2        0x2 CMakeFiles/HEllOWORLD.elf.dir/Drivers/STM32F4xx_HAL_Driver/Src/stm32f4xx_hal_tim.c.obj
                0x0800bda2                HAL_TIM_OC_DelayElapsedCallback
 .text.HAL_TIM_PWM_PulseFinishedCallback
                0x0800bda4        0x2 CMakeFiles/HEllOWORLD.elf.dir/Drivers/STM32F4xx_HAL_Driver/Src/stm32f4xx_hal_tim.c.obj
                0x0800bda4                HAL_TIM_PWM_PulseFinishedCallback
 .text.HAL_TIM_TriggerCallback
                0x0800bda6        0x2 CMakeFiles/HEllOWORLD.elf.dir/Drivers/STM32F4xx_HAL_Driver/Src/stm32f4xx_hal_tim.c.obj
                0x0800bda6                HAL_TIM_TriggerCallback
 .text.HAL_TIM_IRQHandler
                0x0800bda8      0x17a CMakeFiles/HEllOWORLD.elf.dir/Drivers/STM32F4xx_HAL_Driver/Src/stm32f4xx_hal_tim.c.obj
                0x0800bda8                HAL_TIM_IRQHandler
 *fill*         0x0800bf22        0x2 
 .text.TIM_Base_SetConfig
                0x0800bf24       0xc8 CMakeFiles/HEllOWORLD.elf.dir/Drivers/STM32F4xx_HAL_Driver/Src/stm32f4xx_hal_tim.c.obj
                0x0800bf24                TIM_Base_SetConfig
 .text.HAL_TIM_Base_Init
                0x0800bfec       0x58 CMakeFiles/HEllOWORLD.elf.dir/Drivers/STM32F4xx_HAL_Driver/Src/stm32f4xx_hal_tim.c.obj
                0x0800bfec                HAL_TIM_Base_Init
 .text.HAL_TIM_PWM_Init
                0x0800c044       0x58 CMakeFiles/HEllOWORLD.elf.dir/Drivers/STM32F4xx_HAL_Driver/Src/stm32f4xx_hal_tim.c.obj
                0x0800c044                HAL_TIM_PWM_Init
 .text.HAL_TIM_IC_Init
                0x0800c09c       0x58 CMakeFiles/HEllOWORLD.elf.dir/Drivers/STM32F4xx_HAL_Driver/Src/stm32f4xx_hal_tim.c.obj
                0x0800c09c                HAL_TIM_IC_Init
 .text.TIM_OC2_SetConfig
                0x0800c0f4       0x70 CMakeFiles/HEllOWORLD.elf.dir/Drivers/STM32F4xx_HAL_Driver/Src/stm32f4xx_hal_tim.c.obj
                0x0800c0f4                TIM_OC2_SetConfig
 .text.HAL_TIM_PWM_ConfigChannel
                0x0800c164       0xdc CMakeFiles/HEllOWORLD.elf.dir/Drivers/STM32F4xx_HAL_Driver/Src/stm32f4xx_hal_tim.c.obj
                0x0800c164                HAL_TIM_PWM_ConfigChannel
 .text.TIM_TI1_SetConfig
                0x0800c240       0x7c CMakeFiles/HEllOWORLD.elf.dir/Drivers/STM32F4xx_HAL_Driver/Src/stm32f4xx_hal_tim.c.obj
                0x0800c240                TIM_TI1_SetConfig
 .text.HAL_TIM_IC_ConfigChannel
                0x0800c2bc       0xc4 CMakeFiles/HEllOWORLD.elf.dir/Drivers/STM32F4xx_HAL_Driver/Src/stm32f4xx_hal_tim.c.obj
                0x0800c2bc                HAL_TIM_IC_ConfigChannel
 .text.TIM_ETR_SetConfig
                0x0800c380       0x1a CMakeFiles/HEllOWORLD.elf.dir/Drivers/STM32F4xx_HAL_Driver/Src/stm32f4xx_hal_tim.c.obj
                0x0800c380                TIM_ETR_SetConfig
 .text.HAL_TIM_ConfigClockSource
                0x0800c39a       0xfe CMakeFiles/HEllOWORLD.elf.dir/Drivers/STM32F4xx_HAL_Driver/Src/stm32f4xx_hal_tim.c.obj
                0x0800c39a                HAL_TIM_ConfigClockSource
 .text.TIM_CCxChannelCmd
                0x0800c498       0x1e CMakeFiles/HEllOWORLD.elf.dir/Drivers/STM32F4xx_HAL_Driver/Src/stm32f4xx_hal_tim.c.obj
                0x0800c498                TIM_CCxChannelCmd
 *fill*         0x0800c4b6        0x2 
 .text.HAL_TIM_PWM_Start
                0x0800c4b8      0x104 CMakeFiles/HEllOWORLD.elf.dir/Drivers/STM32F4xx_HAL_Driver/Src/stm32f4xx_hal_tim.c.obj
                0x0800c4b8                HAL_TIM_PWM_Start
 .text.HAL_TIM_PWM_Stop
                0x0800c5bc       0x8c CMakeFiles/HEllOWORLD.elf.dir/Drivers/STM32F4xx_HAL_Driver/Src/stm32f4xx_hal_tim.c.obj
                0x0800c5bc                HAL_TIM_PWM_Stop
 .text.HAL_TIM_IC_Stop_IT
                0x0800c648       0xd0 CMakeFiles/HEllOWORLD.elf.dir/Drivers/STM32F4xx_HAL_Driver/Src/stm32f4xx_hal_tim.c.obj
                0x0800c648                HAL_TIM_IC_Stop_IT
 .text.HAL_TIMEx_MasterConfigSynchronization
                0x0800c718       0x8c CMakeFiles/HEllOWORLD.elf.dir/Drivers/STM32F4xx_HAL_Driver/Src/stm32f4xx_hal_tim_ex.c.obj
                0x0800c718                HAL_TIMEx_MasterConfigSynchronization
 .text.HAL_TIMEx_CommutCallback
                0x0800c7a4        0x2 CMakeFiles/HEllOWORLD.elf.dir/Drivers/STM32F4xx_HAL_Driver/Src/stm32f4xx_hal_tim_ex.c.obj
                0x0800c7a4                HAL_TIMEx_CommutCallback
 .text.HAL_TIMEx_BreakCallback
                0x0800c7a6        0x2 CMakeFiles/HEllOWORLD.elf.dir/Drivers/STM32F4xx_HAL_Driver/Src/stm32f4xx_hal_tim_ex.c.obj
                0x0800c7a6                HAL_TIMEx_BreakCallback
 .text.UART_EndRxTransfer
                0x0800c7a8       0x5c CMakeFiles/HEllOWORLD.elf.dir/Drivers/STM32F4xx_HAL_Driver/Src/stm32f4xx_hal_uart.c.obj
 .text.UART_Transmit_IT
                0x0800c804       0x60 CMakeFiles/HEllOWORLD.elf.dir/Drivers/STM32F4xx_HAL_Driver/Src/stm32f4xx_hal_uart.c.obj
 .text.UART_SetConfig
                0x0800c864      0x110 CMakeFiles/HEllOWORLD.elf.dir/Drivers/STM32F4xx_HAL_Driver/Src/stm32f4xx_hal_uart.c.obj
 .text.UART_WaitOnFlagUntilTimeout
                0x0800c974       0x88 CMakeFiles/HEllOWORLD.elf.dir/Drivers/STM32F4xx_HAL_Driver/Src/stm32f4xx_hal_uart.c.obj
 .text.HAL_UART_Init
                0x0800c9fc       0x5e CMakeFiles/HEllOWORLD.elf.dir/Drivers/STM32F4xx_HAL_Driver/Src/stm32f4xx_hal_uart.c.obj
                0x0800c9fc                HAL_UART_Init
 .text.HAL_UART_Transmit
                0x0800ca5a       0xd8 CMakeFiles/HEllOWORLD.elf.dir/Drivers/STM32F4xx_HAL_Driver/Src/stm32f4xx_hal_uart.c.obj
                0x0800ca5a                HAL_UART_Transmit
 .text.HAL_UART_Receive
                0x0800cb32       0xe4 CMakeFiles/HEllOWORLD.elf.dir/Drivers/STM32F4xx_HAL_Driver/Src/stm32f4xx_hal_uart.c.obj
                0x0800cb32                HAL_UART_Receive
 .text.HAL_UART_TxCpltCallback
                0x0800cc16        0x2 CMakeFiles/HEllOWORLD.elf.dir/Drivers/STM32F4xx_HAL_Driver/Src/stm32f4xx_hal_uart.c.obj
                0x0800cc16                HAL_UART_TxCpltCallback
 .text.UART_EndTransmit_IT
                0x0800cc18       0x1a CMakeFiles/HEllOWORLD.elf.dir/Drivers/STM32F4xx_HAL_Driver/Src/stm32f4xx_hal_uart.c.obj
 .text.HAL_UART_RxCpltCallback
                0x0800cc32        0x2 CMakeFiles/HEllOWORLD.elf.dir/Drivers/STM32F4xx_HAL_Driver/Src/stm32f4xx_hal_uart.c.obj
                0x0800cc32                HAL_UART_RxCpltCallback
 .text.HAL_UART_ErrorCallback
                0x0800cc34        0x2 CMakeFiles/HEllOWORLD.elf.dir/Drivers/STM32F4xx_HAL_Driver/Src/stm32f4xx_hal_uart.c.obj
                0x0800cc34                HAL_UART_ErrorCallback
 .text.UART_DMAAbortOnError
                0x0800cc36       0x10 CMakeFiles/HEllOWORLD.elf.dir/Drivers/STM32F4xx_HAL_Driver/Src/stm32f4xx_hal_uart.c.obj
 .text.HAL_UARTEx_RxEventCallback
                0x0800cc46        0x2 CMakeFiles/HEllOWORLD.elf.dir/Drivers/STM32F4xx_HAL_Driver/Src/stm32f4xx_hal_uart.c.obj
                0x0800cc46                HAL_UARTEx_RxEventCallback
 .text.UART_Receive_IT
                0x0800cc48       0xe2 CMakeFiles/HEllOWORLD.elf.dir/Drivers/STM32F4xx_HAL_Driver/Src/stm32f4xx_hal_uart.c.obj
 *fill*         0x0800cd2a        0x2 
 .text.HAL_UART_IRQHandler
                0x0800cd2c      0x280 CMakeFiles/HEllOWORLD.elf.dir/Drivers/STM32F4xx_HAL_Driver/Src/stm32f4xx_hal_uart.c.obj
                0x0800cd2c                HAL_UART_IRQHandler
 .text.FSMC_NORSRAM_Init
                0x0800cfac       0x6c CMakeFiles/HEllOWORLD.elf.dir/Drivers/STM32F4xx_HAL_Driver/Src/stm32f4xx_ll_fsmc.c.obj
                0x0800cfac                FSMC_NORSRAM_Init
 .text.FSMC_NORSRAM_Timing_Init
                0x0800d018       0x44 CMakeFiles/HEllOWORLD.elf.dir/Drivers/STM32F4xx_HAL_Driver/Src/stm32f4xx_ll_fsmc.c.obj
                0x0800d018                FSMC_NORSRAM_Timing_Init
 .text.FSMC_NORSRAM_Extended_Timing_Init
                0x0800d05c       0x44 CMakeFiles/HEllOWORLD.elf.dir/Drivers/STM32F4xx_HAL_Driver/Src/stm32f4xx_ll_fsmc.c.obj
                0x0800d05c                FSMC_NORSRAM_Extended_Timing_Init
 .text._lcd_wr_regno
                0x0800d0a0        0xc CMakeFiles/HEllOWORLD.elf.dir/HardWare/lcd/lcd.c.obj
                0x0800d0a0                _lcd_wr_regno
 .text._lcd_wr_data
                0x0800d0ac        0xc CMakeFiles/HEllOWORLD.elf.dir/HardWare/lcd/lcd.c.obj
                0x0800d0ac                _lcd_wr_data
 .text.lcd_write_reg
                0x0800d0b8       0x10 CMakeFiles/HEllOWORLD.elf.dir/HardWare/lcd/lcd.c.obj
                0x0800d0b8                lcd_write_reg
 .text.lcd_rd_data
                0x0800d0c8       0x1c CMakeFiles/HEllOWORLD.elf.dir/HardWare/lcd/lcd.c.obj
                0x0800d0c8                lcd_rd_data
 .text._lcd_r_regno
                0x0800d0e4       0x12 CMakeFiles/HEllOWORLD.elf.dir/HardWare/lcd/lcd.c.obj
                0x0800d0e4                _lcd_r_regno
 *fill*         0x0800d0f6        0x2 
 .text.lcd_write_ram_prepare
                0x0800d0f8       0x10 CMakeFiles/HEllOWORLD.elf.dir/HardWare/lcd/lcd.c.obj
                0x0800d0f8                lcd_write_ram_prepare
 .text.lcd_set_cursor
                0x0800d108       0x34 CMakeFiles/HEllOWORLD.elf.dir/HardWare/lcd/lcd.c.obj
                0x0800d108                lcd_set_cursor
 .text.lcd_draw_point
                0x0800d13c       0x14 CMakeFiles/HEllOWORLD.elf.dir/HardWare/lcd/lcd.c.obj
                0x0800d13c                lcd_draw_point
 .text._lcd_clear
                0x0800d150       0x48 CMakeFiles/HEllOWORLD.elf.dir/HardWare/lcd/lcd.c.obj
                0x0800d150                _lcd_clear
 .text.lcd_fill
                0x0800d198       0x44 CMakeFiles/HEllOWORLD.elf.dir/HardWare/lcd/lcd.c.obj
                0x0800d198                lcd_fill
 .text.lcd_scan_dir
                0x0800d1dc       0xa4 CMakeFiles/HEllOWORLD.elf.dir/HardWare/lcd/lcd.c.obj
                0x0800d1dc                lcd_scan_dir
 .text.lcd_display_dir
                0x0800d280       0xb8 CMakeFiles/HEllOWORLD.elf.dir/HardWare/lcd/lcd.c.obj
                0x0800d280                lcd_display_dir
 .text.lcd_init
                0x0800d338       0x9c CMakeFiles/HEllOWORLD.elf.dir/HardWare/lcd/lcd.c.obj
                0x0800d338                lcd_init
 .text._lcd_ex_ili9341_reginit
                0x0800d3d4      0x22c CMakeFiles/HEllOWORLD.elf.dir/HardWare/lcd/lcd_ex.c.obj
                0x0800d3d4                _lcd_ex_ili9341_reginit
 .text._lcd_show_char
                0x0800d600      0x124 CMakeFiles/HEllOWORLD.elf.dir/HardWare/lcd/lcdlib.c.obj
                0x0800d600                _lcd_show_char
 .text._lcd_show_string
                0x0800d724       0xb0 CMakeFiles/HEllOWORLD.elf.dir/HardWare/lcd/lcdlib.c.obj
                0x0800d724                _lcd_show_string
 .text._lcd_pow
                0x0800d7d4       0x16 CMakeFiles/HEllOWORLD.elf.dir/HardWare/lcd/lcdlib.c.obj
                0x0800d7d4                _lcd_pow
 *fill*         0x0800d7ea        0x2 
 .text._lcd_show_num
                0x0800d7ec      0x10c CMakeFiles/HEllOWORLD.elf.dir/HardWare/lcd/lcdlib.c.obj
                0x0800d7ec                _lcd_show_num
 .text._lcd_show_xnum
                0x0800d8f8      0x15c CMakeFiles/HEllOWORLD.elf.dir/HardWare/lcd/lcdlib.c.obj
                0x0800d8f8                _lcd_show_xnum
 .text.lcd_draw_hline
                0x0800da54       0x38 CMakeFiles/HEllOWORLD.elf.dir/HardWare/lcd/lcdlib.c.obj
                0x0800da54                lcd_draw_hline
 .text.lcd_draw_line
                0x0800da8c       0xa6 CMakeFiles/HEllOWORLD.elf.dir/HardWare/lcd/lcdlib.c.obj
                0x0800da8c                lcd_draw_line
 .text.lcd_draw_rectangle
                0x0800db32       0x52 CMakeFiles/HEllOWORLD.elf.dir/HardWare/lcd/lcdlib.c.obj
                0x0800db32                lcd_draw_rectangle
 .text._ZN16SignalPeripheral4initEv
                0x0800db84        0x2 CMakeFiles/HEllOWORLD.elf.dir/Platform/Adc/My_Adc.cpp.obj
                0x0800db84                SignalPeripheral::init()
 *fill*         0x0800db86        0x2 
 .text._ZN6My_Adc4initEmy
                0x0800db88       0x48 CMakeFiles/HEllOWORLD.elf.dir/Platform/Adc/My_Adc.cpp.obj
                0x0800db88                My_Adc::init(unsigned long, unsigned long long)
 .text._ZN6My_Adc5startEv
                0x0800dbd0       0x28 CMakeFiles/HEllOWORLD.elf.dir/Platform/Adc/My_Adc.cpp.obj
                0x0800dbd0                My_Adc::start()
 .text._ZN6My_Adc4stopEv
                0x0800dbf8       0x20 CMakeFiles/HEllOWORLD.elf.dir/Platform/Adc/My_Adc.cpp.obj
                0x0800dbf8                My_Adc::stop()
 .text.HAL_ADC_ConvCpltCallback
                0x0800dc18       0x6c CMakeFiles/HEllOWORLD.elf.dir/Platform/Adc/My_Adc.cpp.obj
                0x0800dc18                HAL_ADC_ConvCpltCallback
 .text._ZN6My_Adc11is_finishedEv
                0x0800dc84        0xc CMakeFiles/HEllOWORLD.elf.dir/Platform/Adc/My_Adc.cpp.obj
                0x0800dc84                My_Adc::is_finished()
 .text._ZN6My_Adc14set_samplerateEm
                0x0800dc90        0x4 CMakeFiles/HEllOWORLD.elf.dir/Platform/Adc/My_Adc.cpp.obj
                0x0800dc90                My_Adc::set_samplerate(unsigned long)
 .text._ZN16SignalPeripheral4initEmy
                0x0800dc94        0x8 CMakeFiles/HEllOWORLD.elf.dir/Platform/Dac/My_Dac.cpp.obj
                0x0800dc94                SignalPeripheral::init(unsigned long, unsigned long long)
 .text._ZN6My_Dac5startEv
                0x0800dc9c       0x4c CMakeFiles/HEllOWORLD.elf.dir/Platform/Dac/My_Dac.cpp.obj
                0x0800dc9c                My_Dac::start()
 .text._ZN6My_Dac4stopEv
                0x0800dce8       0x28 CMakeFiles/HEllOWORLD.elf.dir/Platform/Dac/My_Dac.cpp.obj
                0x0800dce8                My_Dac::stop()
 .text._Z17dac_creat_sin_bufPttmf
                0x0800dd10       0xa8 CMakeFiles/HEllOWORLD.elf.dir/Platform/Dac/My_Dac.cpp.obj
                0x0800dd10                dac_creat_sin_buf(unsigned short*, unsigned short, unsigned long, float)
 .text._Z17dac_creat_tri_bufPttmt
                0x0800ddb8       0x88 CMakeFiles/HEllOWORLD.elf.dir/Platform/Dac/My_Dac.cpp.obj
                0x0800ddb8                dac_creat_tri_buf(unsigned short*, unsigned short, unsigned long, unsigned short)
 .text._ZN6My_Dac11select_waveER18WaveformProperties
                0x0800de40       0x6a CMakeFiles/HEllOWORLD.elf.dir/Platform/Dac/My_Dac.cpp.obj
                0x0800de40                My_Dac::select_wave(WaveformProperties&)
 *fill*         0x0800deaa        0x2 
 .text._ZN6My_Dac4initEmyR18WaveformProperties
                0x0800deac       0x50 CMakeFiles/HEllOWORLD.elf.dir/Platform/Dac/My_Dac.cpp.obj
                0x0800deac                My_Dac::init(unsigned long, unsigned long long, WaveformProperties&)
 *fill*         0x0800defc        0x4 
 .text._ZN16SignalPeripheral16calc_tim_arr_pscEv
                0x0800df00      0x134 CMakeFiles/HEllOWORLD.elf.dir/Platform/Peripheral/SignalPeripheral.cpp.obj
                0x0800df00                SignalPeripheral::calc_tim_arr_psc()
 .text._ZN6My_Pwm4stopEv
                0x0800e034        0xc CMakeFiles/HEllOWORLD.elf.dir/Platform/Pwm/My_Pwm.cpp.obj
                0x0800e034                My_Pwm::stop()
 .text._ZN6My_Pwm8set_dutyEf
                0x0800e040       0x1e CMakeFiles/HEllOWORLD.elf.dir/Platform/Pwm/My_Pwm.cpp.obj
                0x0800e040                My_Pwm::set_duty(float)
 .text._ZN6My_Pwm5startEv
                0x0800e05e       0x1e CMakeFiles/HEllOWORLD.elf.dir/Platform/Pwm/My_Pwm.cpp.obj
                0x0800e05e                My_Pwm::start()
 .text._ZN15AdvancedMeasure8get_freqEv
                0x0800e07c       0x58 CMakeFiles/HEllOWORLD.elf.dir/Platform/SignalProcess/AdvancedMeasure/AdvancedMeasure.cpp.obj
                0x0800e07c                AdvancedMeasure::get_freq()
 *fill*         0x0800e0d4        0x4 
 .text._ZN15AdvancedMeasure7get_THDEh
                0x0800e0d8      0x150 CMakeFiles/HEllOWORLD.elf.dir/Platform/SignalProcess/AdvancedMeasure/AdvancedMeasure.cpp.obj
                0x0800e0d8                AdvancedMeasure::get_THD(unsigned char)
 .text._ZN15AdvancedMeasure7get_THDEv
                0x0800e228        0xa CMakeFiles/HEllOWORLD.elf.dir/Platform/SignalProcess/AdvancedMeasure/AdvancedMeasure.cpp.obj
                0x0800e228                AdvancedMeasure::get_THD()
 .text._ZN15AdvancedMeasure9read_freqEv
                0x0800e232        0xa CMakeFiles/HEllOWORLD.elf.dir/Platform/SignalProcess/AdvancedMeasure/AdvancedMeasure.cpp.obj
                0x0800e232                AdvancedMeasure::read_freq()
 .text._ZN15AdvancedMeasure4initER6My_Adc
                0x0800e23c        0xc CMakeFiles/HEllOWORLD.elf.dir/Platform/SignalProcess/AdvancedMeasure/AdvancedMeasure.cpp.obj
                0x0800e23c                AdvancedMeasure::init(My_Adc&)
 .text._ZN15AdvancedMeasure13apply_windowsEv
                0x0800e248        0xc CMakeFiles/HEllOWORLD.elf.dir/Platform/SignalProcess/AdvancedMeasure/AdvancedMeasure.cpp.obj
                0x0800e248                AdvancedMeasure::apply_windows()
 .text._ZN15AdvancedMeasure3fftEv
                0x0800e254        0xc CMakeFiles/HEllOWORLD.elf.dir/Platform/SignalProcess/AdvancedMeasure/AdvancedMeasure.cpp.obj
                0x0800e254                AdvancedMeasure::fft()
 .text._ZN15AdvancedMeasure6filterE11Filter_Type
                0x0800e260        0xc CMakeFiles/HEllOWORLD.elf.dir/Platform/SignalProcess/AdvancedMeasure/AdvancedMeasure.cpp.obj
                0x0800e260                AdvancedMeasure::filter(Filter_Type)
 .text._ZN12BasicMeasure16get_peak_to_peakEv
                0x0800e26c       0x38 CMakeFiles/HEllOWORLD.elf.dir/Platform/SignalProcess/BasicMeasure/BasicMeasure.cpp.obj
                0x0800e26c                BasicMeasure::get_peak_to_peak()
 .text._ZN12BasicMeasure7get_rmsEv
                0x0800e2a4       0x1e CMakeFiles/HEllOWORLD.elf.dir/Platform/SignalProcess/BasicMeasure/BasicMeasure.cpp.obj
                0x0800e2a4                BasicMeasure::get_rms()
 .text._ZN12BasicMeasure7get_maxEv
                0x0800e2c2        0x8 CMakeFiles/HEllOWORLD.elf.dir/Platform/SignalProcess/BasicMeasure/BasicMeasure.cpp.obj
                0x0800e2c2                BasicMeasure::get_max()
 .text._ZN12BasicMeasure7get_minEv
                0x0800e2ca        0x8 CMakeFiles/HEllOWORLD.elf.dir/Platform/SignalProcess/BasicMeasure/BasicMeasure.cpp.obj
                0x0800e2ca                BasicMeasure::get_min()
 *fill*         0x0800e2d2        0x2 
 .text._Z4cfftPfmhhS_
                0x0800e2d4      0x108 CMakeFiles/HEllOWORLD.elf.dir/Platform/SignalProcess/FFT/Fft.cpp.obj
                0x0800e2d4                cfft(float*, unsigned long, unsigned char, unsigned char, float*)
 .text._ZN17SignalProcessBase3fftEv
                0x0800e3dc       0x1c CMakeFiles/HEllOWORLD.elf.dir/Platform/SignalProcess/FFT/Fft.cpp.obj
                0x0800e3dc                SignalProcessBase::fft()
 .text._Z10filter_firPfS_
                0x0800e3f8       0x54 CMakeFiles/HEllOWORLD.elf.dir/Platform/SignalProcess/Filter/Filter.cpp.obj
                0x0800e3f8                filter_fir(float*, float*)
 .text._ZN17SignalProcessBase6filterE11Filter_Type
                0x0800e44c       0x10 CMakeFiles/HEllOWORLD.elf.dir/Platform/SignalProcess/Filter/Filter.cpp.obj
                0x0800e44c                SignalProcessBase::filter(Filter_Type)
 .text.HAL_TIM_PeriodElapsedCallback
                0x0800e45c       0x24 CMakeFiles/HEllOWORLD.elf.dir/Platform/SignalProcess/PwmMeasure/PwmMeasure.cpp.obj
                0x0800e45c                HAL_TIM_PeriodElapsedCallback
 .text.HAL_TIM_IC_CaptureCallback
                0x0800e480      0x1e8 CMakeFiles/HEllOWORLD.elf.dir/Platform/SignalProcess/PwmMeasure/PwmMeasure.cpp.obj
                0x0800e480                HAL_TIM_IC_CaptureCallback
 .text._ZN17SignalProcessBase4initER6My_Adc
                0x0800e668       0x64 CMakeFiles/HEllOWORLD.elf.dir/Platform/SignalProcess/SignalProcessBase.cpp.obj
                0x0800e668                SignalProcessBase::init(My_Adc&)
 .text._ZN17SignalProcessBase5debugEv
                0x0800e6cc       0x2c CMakeFiles/HEllOWORLD.elf.dir/Platform/SignalProcess/SignalProcessBase.cpp.obj
                0x0800e6cc                SignalProcessBase::debug()
 .text._ZN17SignalProcessBase7get_maxEv
                0x0800e6f8       0x20 CMakeFiles/HEllOWORLD.elf.dir/Platform/SignalProcess/SignalProcessBase.cpp.obj
                0x0800e6f8                SignalProcessBase::get_max()
 .text._ZN17SignalProcessBase7get_minEv
                0x0800e718       0x20 CMakeFiles/HEllOWORLD.elf.dir/Platform/SignalProcess/SignalProcessBase.cpp.obj
                0x0800e718                SignalProcessBase::get_min()
 .text._Z20convert_to_analog_mvf
                0x0800e738       0x18 CMakeFiles/HEllOWORLD.elf.dir/Platform/SignalProcess/SignalProcessBase.cpp.obj
                0x0800e738                convert_to_analog_mv(float)
 .text._ZN17SignalProcessBase13apply_windowsEv
                0x0800e750       0x3e CMakeFiles/HEllOWORLD.elf.dir/Platform/SignalProcess/Windows/Windows.cpp.obj
                0x0800e750                SignalProcessBase::apply_windows()
 *fill*         0x0800e78e        0x2 
 .text._ZN12GraphWindows12add_ref_axisEt
                0x0800e790       0x70 CMakeFiles/HEllOWORLD.elf.dir/Screen/GraphWindows.cpp.obj
                0x0800e790                GraphWindows::add_ref_axis(unsigned short)
 .text._ZN12GraphWindows4mapXEmmmmm
                0x0800e800       0x1e CMakeFiles/HEllOWORLD.elf.dir/Screen/GraphWindows.cpp.obj
                0x0800e800                GraphWindows::mapX(unsigned long, unsigned long, unsigned long, unsigned long, unsigned long)
 .text._ZN12GraphWindows4mapYEmmmmm
                0x0800e81e       0x1e CMakeFiles/HEllOWORLD.elf.dir/Screen/GraphWindows.cpp.obj
                0x0800e81e                GraphWindows::mapY(unsigned long, unsigned long, unsigned long, unsigned long, unsigned long)
 .text._ZN12GraphWindows5graphER6My_Adct
                0x0800e83c      0x11a CMakeFiles/HEllOWORLD.elf.dir/Screen/GraphWindows.cpp.obj
                0x0800e83c                GraphWindows::graph(My_Adc&, unsigned short)
 .text._ZN12GraphWindows5graphER17SignalProcessBasetm
                0x0800e956      0x130 CMakeFiles/HEllOWORLD.elf.dir/Screen/GraphWindows.cpp.obj
                0x0800e956                GraphWindows::graph(SignalProcessBase&, unsigned short, unsigned long)
 .text._ZN12GraphWindows7refreshEv
                0x0800ea86        0xc CMakeFiles/HEllOWORLD.elf.dir/Screen/GraphWindows.cpp.obj
                0x0800ea86                GraphWindows::refresh()
 .text._ZN12GraphWindows9add_frameEt
                0x0800ea92        0xc CMakeFiles/HEllOWORLD.elf.dir/Screen/GraphWindows.cpp.obj
                0x0800ea92                GraphWindows::add_frame(unsigned short)
 *fill*         0x0800ea9e        0x2 
 .text._ZN11InfoWindows10show_basicER12BasicMeasuret
                0x0800eaa0      0x1c0 CMakeFiles/HEllOWORLD.elf.dir/Screen/InfoWindows.cpp.obj
                0x0800eaa0                InfoWindows::show_basic(BasicMeasure&, unsigned short)
 .text._ZN11InfoWindows13show_advancedER15AdvancedMeasuret
                0x0800ec60      0x188 CMakeFiles/HEllOWORLD.elf.dir/Screen/InfoWindows.cpp.obj
                0x0800ec60                InfoWindows::show_advanced(AdvancedMeasure&, unsigned short)
 .text._ZN11InfoWindows7refreshEv
                0x0800ede8        0xc CMakeFiles/HEllOWORLD.elf.dir/Screen/InfoWindows.cpp.obj
                0x0800ede8                InfoWindows::refresh()
 .text._ZN11InfoWindows9add_frameEt
                0x0800edf4        0xc CMakeFiles/HEllOWORLD.elf.dir/Screen/InfoWindows.cpp.obj
                0x0800edf4                InfoWindows::add_frame(unsigned short)
 .text._ZN10ScreenBase7refreshEv
                0x0800ee00       0x1c CMakeFiles/HEllOWORLD.elf.dir/Screen/ScreenBase/ScreenBase.cpp.obj
                0x0800ee00                ScreenBase::refresh()
 .text._ZN10ScreenBase9add_frameEt
                0x0800ee1c       0x30 CMakeFiles/HEllOWORLD.elf.dir/Screen/ScreenBase/ScreenBase.cpp.obj
                0x0800ee1c                ScreenBase::add_frame(unsigned short)
 .text._ZN13ScreenWindows7refreshEv
                0x0800ee4c        0xc CMakeFiles/HEllOWORLD.elf.dir/Screen/ScreenBase/ScreenWindows.cpp.obj
                0x0800ee4c                ScreenWindows::refresh()
 .text._ZN13ScreenWindows9add_frameEt
                0x0800ee58        0xc CMakeFiles/HEllOWORLD.elf.dir/Screen/ScreenBase/ScreenWindows.cpp.obj
                0x0800ee58                ScreenWindows::add_frame(unsigned short)
 .text.delay_init
                0x0800ee64       0x14 CMakeFiles/HEllOWORLD.elf.dir/System/delay/delay.c.obj
                0x0800ee64                delay_init
 .text.delay_us
                0x0800ee78       0x40 CMakeFiles/HEllOWORLD.elf.dir/System/delay/delay.c.obj
                0x0800ee78                delay_us
 .text.delay_ms
                0x0800eeb8       0x18 CMakeFiles/HEllOWORLD.elf.dir/System/delay/delay.c.obj
                0x0800eeb8                delay_ms
 .text.RetargetInit
                0x0800eed0       0x20 CMakeFiles/HEllOWORLD.elf.dir/System/usart/retarget.c.obj
                0x0800eed0                RetargetInit
 .text._write   0x0800eef0       0x34 CMakeFiles/HEllOWORLD.elf.dir/System/usart/retarget.c.obj
                0x0800eef0                _write
 .text._read    0x0800ef24       0x30 CMakeFiles/HEllOWORLD.elf.dir/System/usart/retarget.c.obj
                0x0800ef24                _read
 .text._Z4Initv
                0x0800ef54       0x58 CMakeFiles/HEllOWORLD.elf.dir/UserApp/init.cpp.obj
                0x0800ef54                Init()
 .text._Z41__static_initialization_and_destruction_0ii
                0x0800efac      0x1ac CMakeFiles/HEllOWORLD.elf.dir/UserApp/main.cpp.obj
 .text._Z11adc_processv
                0x0800f158       0xdc CMakeFiles/HEllOWORLD.elf.dir/UserApp/main.cpp.obj
                0x0800f158                adc_process()
 *fill*         0x0800f234        0x4 
 .text.Main     0x0800f238       0xc4 CMakeFiles/HEllOWORLD.elf.dir/UserApp/main.cpp.obj
                0x0800f238                Main
 .text._GLOBAL__sub_I_Adc
                0x0800f2fc        0xe CMakeFiles/HEllOWORLD.elf.dir/UserApp/main.cpp.obj
 *fill*         0x0800f30a        0x2 
 .text.Reset_Handler
                0x0800f30c       0x50 CMakeFiles/HEllOWORLD.elf.dir/startup/startup_stm32f407xx.s.obj
                0x0800f30c                Reset_Handler
 .text.Default_Handler
                0x0800f35c        0x2 CMakeFiles/HEllOWORLD.elf.dir/startup/startup_stm32f407xx.s.obj
                0x0800f35c                RTC_Alarm_IRQHandler
                0x0800f35c                HASH_RNG_IRQHandler
                0x0800f35c                EXTI2_IRQHandler
                0x0800f35c                TIM8_CC_IRQHandler
                0x0800f35c                TIM1_CC_IRQHandler
                0x0800f35c                DMA2_Stream5_IRQHandler
                0x0800f35c                PVD_IRQHandler
                0x0800f35c                SDIO_IRQHandler
                0x0800f35c                TAMP_STAMP_IRQHandler
                0x0800f35c                CAN2_RX1_IRQHandler
                0x0800f35c                EXTI3_IRQHandler
                0x0800f35c                TIM8_TRG_COM_TIM14_IRQHandler
                0x0800f35c                TIM1_UP_TIM10_IRQHandler
                0x0800f35c                TIM8_UP_TIM13_IRQHandler
                0x0800f35c                I2C3_ER_IRQHandler
                0x0800f35c                EXTI0_IRQHandler
                0x0800f35c                I2C2_EV_IRQHandler
                0x0800f35c                DMA1_Stream2_IRQHandler
                0x0800f35c                CAN1_RX0_IRQHandler
                0x0800f35c                FPU_IRQHandler
                0x0800f35c                OTG_HS_WKUP_IRQHandler
                0x0800f35c                CAN2_SCE_IRQHandler
                0x0800f35c                SPI1_IRQHandler
                0x0800f35c                DCMI_IRQHandler
                0x0800f35c                CAN2_RX0_IRQHandler
                0x0800f35c                DMA2_Stream3_IRQHandler
                0x0800f35c                USART6_IRQHandler
                0x0800f35c                CAN1_RX1_IRQHandler
                0x0800f35c                UART5_IRQHandler
                0x0800f35c                TIM4_IRQHandler
                0x0800f35c                I2C1_EV_IRQHandler
                0x0800f35c                UART4_IRQHandler
                0x0800f35c                TIM3_IRQHandler
                0x0800f35c                RCC_IRQHandler
                0x0800f35c                TIM8_BRK_TIM12_IRQHandler
                0x0800f35c                Default_Handler
                0x0800f35c                EXTI15_10_IRQHandler
                0x0800f35c                ADC_IRQHandler
                0x0800f35c                DMA1_Stream7_IRQHandler
                0x0800f35c                TIM7_IRQHandler
                0x0800f35c                CAN2_TX_IRQHandler
                0x0800f35c                TIM5_IRQHandler
                0x0800f35c                DMA2_Stream7_IRQHandler
                0x0800f35c                I2C3_EV_IRQHandler
                0x0800f35c                EXTI9_5_IRQHandler
                0x0800f35c                RTC_WKUP_IRQHandler
                0x0800f35c                ETH_WKUP_IRQHandler
                0x0800f35c                SPI2_IRQHandler
                0x0800f35c                OTG_HS_EP1_IN_IRQHandler
                0x0800f35c                DMA1_Stream0_IRQHandler
                0x0800f35c                CAN1_TX_IRQHandler
                0x0800f35c                EXTI4_IRQHandler
                0x0800f35c                FSMC_IRQHandler
                0x0800f35c                ETH_IRQHandler
                0x0800f35c                OTG_HS_EP1_OUT_IRQHandler
                0x0800f35c                WWDG_IRQHandler
                0x0800f35c                TIM2_IRQHandler
                0x0800f35c                OTG_FS_WKUP_IRQHandler
                0x0800f35c                TIM1_TRG_COM_TIM11_IRQHandler
                0x0800f35c                OTG_HS_IRQHandler
                0x0800f35c                EXTI1_IRQHandler
                0x0800f35c                USART2_IRQHandler
                0x0800f35c                I2C2_ER_IRQHandler
                0x0800f35c                CAN1_SCE_IRQHandler
                0x0800f35c                FLASH_IRQHandler
                0x0800f35c                DMA2_Stream4_IRQHandler
                0x0800f35c                USART1_IRQHandler
                0x0800f35c                OTG_FS_IRQHandler
                0x0800f35c                SPI3_IRQHandler
                0x0800f35c                DMA1_Stream4_IRQHandler
                0x0800f35c                I2C1_ER_IRQHandler
                0x0800f35c                DMA2_Stream6_IRQHandler
                0x0800f35c                DMA1_Stream3_IRQHandler
 *fill*         0x0800f35e        0x2 
 .text._ZNK10__cxxabiv117__class_type_info11__do_upcastEPKS0_PPv
                0x0800f360       0x34 c:/mingw/gcc-arm-none-eabi/bin/../lib/gcc/arm-none-eabi/10.3.1/../../../../arm-none-eabi/lib/thumb/v7e-m+fp/hard\libstdc++.a(class_type_info.o)
                0x0800f360                __cxxabiv1::__class_type_info::__do_upcast(__cxxabiv1::__class_type_info const*, void**) const
 .text._ZNK10__cxxabiv117__class_type_info20__do_find_public_srcEiPKvPKS0_S2_
                0x0800f394        0xc c:/mingw/gcc-arm-none-eabi/bin/../lib/gcc/arm-none-eabi/10.3.1/../../../../arm-none-eabi/lib/thumb/v7e-m+fp/hard\libstdc++.a(class_type_info.o)
                0x0800f394                __cxxabiv1::__class_type_info::__do_find_public_src(int, void const*, __cxxabiv1::__class_type_info const*, void const*) const
 .text._ZN10__cxxabiv117__class_type_infoD2Ev
                0x0800f3a0       0x14 c:/mingw/gcc-arm-none-eabi/bin/../lib/gcc/arm-none-eabi/10.3.1/../../../../arm-none-eabi/lib/thumb/v7e-m+fp/hard\libstdc++.a(class_type_info.o)
                0x0800f3a0                __cxxabiv1::__class_type_info::~__class_type_info()
                0x0800f3a0                __cxxabiv1::__class_type_info::~__class_type_info()
 .text._ZN10__cxxabiv117__class_type_infoD0Ev
                0x0800f3b4       0x1c c:/mingw/gcc-arm-none-eabi/bin/../lib/gcc/arm-none-eabi/10.3.1/../../../../arm-none-eabi/lib/thumb/v7e-m+fp/hard\libstdc++.a(class_type_info.o)
                0x0800f3b4                __cxxabiv1::__class_type_info::~__class_type_info()
 .text._ZNK10__cxxabiv117__class_type_info12__do_dyncastEiNS0_10__sub_kindEPKS0_PKvS3_S5_RNS0_16__dyncast_resultE
                0x0800f3d0       0x44 c:/mingw/gcc-arm-none-eabi/bin/../lib/gcc/arm-none-eabi/10.3.1/../../../../arm-none-eabi/lib/thumb/v7e-m+fp/hard\libstdc++.a(class_type_info.o)
                0x0800f3d0                __cxxabiv1::__class_type_info::__do_dyncast(int, __cxxabiv1::__class_type_info::__sub_kind, __cxxabiv1::__class_type_info const*, void const*, __cxxabiv1::__class_type_info const*, void const*, __cxxabiv1::__class_type_info::__dyncast_result&) const
 .text._ZNK10__cxxabiv117__class_type_info11__do_upcastEPKS0_PKvRNS0_15__upcast_resultE
                0x0800f414       0x1c c:/mingw/gcc-arm-none-eabi/bin/../lib/gcc/arm-none-eabi/10.3.1/../../../../arm-none-eabi/lib/thumb/v7e-m+fp/hard\libstdc++.a(class_type_info.o)
                0x0800f414                __cxxabiv1::__class_type_info::__do_upcast(__cxxabiv1::__class_type_info const*, void const*, __cxxabiv1::__class_type_info::__upcast_result&) const
 .text._ZNK10__cxxabiv117__class_type_info10__do_catchEPKSt9type_infoPPvj
                0x0800f430       0x2c c:/mingw/gcc-arm-none-eabi/bin/../lib/gcc/arm-none-eabi/10.3.1/../../../../arm-none-eabi/lib/thumb/v7e-m+fp/hard\libstdc++.a(class_type_info.o)
                0x0800f430                __cxxabiv1::__class_type_info::__do_catch(std::type_info const*, void**, unsigned int) const
 .text._ZdlPvj  0x0800f45c        0x4 c:/mingw/gcc-arm-none-eabi/bin/../lib/gcc/arm-none-eabi/10.3.1/../../../../arm-none-eabi/lib/thumb/v7e-m+fp/hard\libstdc++.a(del_ops.o)
                0x0800f45c                operator delete(void*, unsigned int)
 .text.__cxa_pure_virtual
                0x0800f460       0x14 c:/mingw/gcc-arm-none-eabi/bin/../lib/gcc/arm-none-eabi/10.3.1/../../../../arm-none-eabi/lib/thumb/v7e-m+fp/hard\libstdc++.a(pure.o)
                0x0800f460                __cxa_pure_virtual
 .text._ZN10__cxxabiv120__si_class_type_infoD2Ev
                0x0800f474       0x14 c:/mingw/gcc-arm-none-eabi/bin/../lib/gcc/arm-none-eabi/10.3.1/../../../../arm-none-eabi/lib/thumb/v7e-m+fp/hard\libstdc++.a(si_class_type_info.o)
                0x0800f474                __cxxabiv1::__si_class_type_info::~__si_class_type_info()
                0x0800f474                __cxxabiv1::__si_class_type_info::~__si_class_type_info()
 .text._ZN10__cxxabiv120__si_class_type_infoD0Ev
                0x0800f488       0x1c c:/mingw/gcc-arm-none-eabi/bin/../lib/gcc/arm-none-eabi/10.3.1/../../../../arm-none-eabi/lib/thumb/v7e-m+fp/hard\libstdc++.a(si_class_type_info.o)
                0x0800f488                __cxxabiv1::__si_class_type_info::~__si_class_type_info()
 .text._ZNK10__cxxabiv120__si_class_type_info20__do_find_public_srcEiPKvPKNS_17__class_type_infoES2_
                0x0800f4a4       0x3c c:/mingw/gcc-arm-none-eabi/bin/../lib/gcc/arm-none-eabi/10.3.1/../../../../arm-none-eabi/lib/thumb/v7e-m+fp/hard\libstdc++.a(si_class_type_info.o)
                0x0800f4a4                __cxxabiv1::__si_class_type_info::__do_find_public_src(int, void const*, __cxxabiv1::__class_type_info const*, void const*) const
 .text._ZNK10__cxxabiv120__si_class_type_info12__do_dyncastEiNS_17__class_type_info10__sub_kindEPKS1_PKvS4_S6_RNS1_16__dyncast_resultE
                0x0800f4e0       0x80 c:/mingw/gcc-arm-none-eabi/bin/../lib/gcc/arm-none-eabi/10.3.1/../../../../arm-none-eabi/lib/thumb/v7e-m+fp/hard\libstdc++.a(si_class_type_info.o)
                0x0800f4e0                __cxxabiv1::__si_class_type_info::__do_dyncast(int, __cxxabiv1::__class_type_info::__sub_kind, __cxxabiv1::__class_type_info const*, void const*, __cxxabiv1::__class_type_info const*, void const*, __cxxabiv1::__class_type_info::__dyncast_result&) const
 .text._ZNK10__cxxabiv120__si_class_type_info11__do_upcastEPKNS_17__class_type_infoEPKvRNS1_15__upcast_resultE
                0x0800f560       0x2c c:/mingw/gcc-arm-none-eabi/bin/../lib/gcc/arm-none-eabi/10.3.1/../../../../arm-none-eabi/lib/thumb/v7e-m+fp/hard\libstdc++.a(si_class_type_info.o)
                0x0800f560                __cxxabiv1::__si_class_type_info::__do_upcast(__cxxabiv1::__class_type_info const*, void const*, __cxxabiv1::__class_type_info::__upcast_result&) const
 .text._ZNSt9type_infoD2Ev
                0x0800f58c        0x4 c:/mingw/gcc-arm-none-eabi/bin/../lib/gcc/arm-none-eabi/10.3.1/../../../../arm-none-eabi/lib/thumb/v7e-m+fp/hard\libstdc++.a(tinfo.o)
                0x0800f58c                std::type_info::~type_info()
                0x0800f58c                std::type_info::~type_info()
 .text._ZNKSt9type_info14__is_pointer_pEv
                0x0800f590        0x4 c:/mingw/gcc-arm-none-eabi/bin/../lib/gcc/arm-none-eabi/10.3.1/../../../../arm-none-eabi/lib/thumb/v7e-m+fp/hard\libstdc++.a(tinfo.o)
                0x0800f590                std::type_info::__is_pointer_p() const
                0x0800f590                std::type_info::__is_function_p() const
 .text._ZNKSt9type_infoeqERKS_
                0x0800f594       0x2c c:/mingw/gcc-arm-none-eabi/bin/../lib/gcc/arm-none-eabi/10.3.1/../../../../arm-none-eabi/lib/thumb/v7e-m+fp/hard\libstdc++.a(tinfo.o)
                0x0800f594                std::type_info::operator==(std::type_info const&) const
 .text._ZN10__cxxabiv121__vmi_class_type_infoD2Ev
                0x0800f5c0       0x14 c:/mingw/gcc-arm-none-eabi/bin/../lib/gcc/arm-none-eabi/10.3.1/../../../../arm-none-eabi/lib/thumb/v7e-m+fp/hard\libstdc++.a(vmi_class_type_info.o)
                0x0800f5c0                __cxxabiv1::__vmi_class_type_info::~__vmi_class_type_info()
                0x0800f5c0                __cxxabiv1::__vmi_class_type_info::~__vmi_class_type_info()
 .text._ZN10__cxxabiv121__vmi_class_type_infoD0Ev
                0x0800f5d4       0x1c c:/mingw/gcc-arm-none-eabi/bin/../lib/gcc/arm-none-eabi/10.3.1/../../../../arm-none-eabi/lib/thumb/v7e-m+fp/hard\libstdc++.a(vmi_class_type_info.o)
                0x0800f5d4                __cxxabiv1::__vmi_class_type_info::~__vmi_class_type_info()
 .text._ZNK10__cxxabiv121__vmi_class_type_info20__do_find_public_srcEiPKvPKNS_17__class_type_infoES2_
                0x0800f5f0       0x88 c:/mingw/gcc-arm-none-eabi/bin/../lib/gcc/arm-none-eabi/10.3.1/../../../../arm-none-eabi/lib/thumb/v7e-m+fp/hard\libstdc++.a(vmi_class_type_info.o)
                0x0800f5f0                __cxxabiv1::__vmi_class_type_info::__do_find_public_src(int, void const*, __cxxabiv1::__class_type_info const*, void const*) const
 .text._ZNK10__cxxabiv121__vmi_class_type_info12__do_dyncastEiNS_17__class_type_info10__sub_kindEPKS1_PKvS4_S6_RNS1_16__dyncast_resultE
                0x0800f678      0x3d0 c:/mingw/gcc-arm-none-eabi/bin/../lib/gcc/arm-none-eabi/10.3.1/../../../../arm-none-eabi/lib/thumb/v7e-m+fp/hard\libstdc++.a(vmi_class_type_info.o)
                0x0800f678                __cxxabiv1::__vmi_class_type_info::__do_dyncast(int, __cxxabiv1::__class_type_info::__sub_kind, __cxxabiv1::__class_type_info const*, void const*, __cxxabiv1::__class_type_info const*, void const*, __cxxabiv1::__class_type_info::__dyncast_result&) const
 .text._ZNK10__cxxabiv121__vmi_class_type_info11__do_upcastEPKNS_17__class_type_infoEPKvRNS1_15__upcast_resultE
                0x0800fa48      0x160 c:/mingw/gcc-arm-none-eabi/bin/../lib/gcc/arm-none-eabi/10.3.1/../../../../arm-none-eabi/lib/thumb/v7e-m+fp/hard\libstdc++.a(vmi_class_type_info.o)
                0x0800fa48                __cxxabiv1::__vmi_class_type_info::__do_upcast(__cxxabiv1::__class_type_info const*, void const*, __cxxabiv1::__class_type_info::__upcast_result&) const
 .text._ZdlPv   0x0800fba8        0x4 c:/mingw/gcc-arm-none-eabi/bin/../lib/gcc/arm-none-eabi/10.3.1/../../../../arm-none-eabi/lib/thumb/v7e-m+fp/hard\libstdc++.a(del_op.o)
                0x0800fba8                operator delete(void*)
 .text._ZN10__cxxabiv111__terminateEPFvvE
                0x0800fbac       0x28 c:/mingw/gcc-arm-none-eabi/bin/../lib/gcc/arm-none-eabi/10.3.1/../../../../arm-none-eabi/lib/thumb/v7e-m+fp/hard\libstdc++.a(eh_terminate.o)
                0x0800fbac                __cxxabiv1::__terminate(void (*)())
 .text._ZSt9terminatev
                0x0800fbd4       0x14 c:/mingw/gcc-arm-none-eabi/bin/../lib/gcc/arm-none-eabi/10.3.1/../../../../arm-none-eabi/lib/thumb/v7e-m+fp/hard\libstdc++.a(eh_terminate.o)
                0x0800fbd4                std::terminate()
 .text._ZN10__cxxabiv112__unexpectedEPFvvE
                0x0800fbe8        0x8 c:/mingw/gcc-arm-none-eabi/bin/../lib/gcc/arm-none-eabi/10.3.1/../../../../arm-none-eabi/lib/thumb/v7e-m+fp/hard\libstdc++.a(eh_terminate.o)
                0x0800fbe8                __cxxabiv1::__unexpected(void (*)())
 .text._ZSt10unexpectedv
                0x0800fbf0       0x14 c:/mingw/gcc-arm-none-eabi/bin/../lib/gcc/arm-none-eabi/10.3.1/../../../../arm-none-eabi/lib/thumb/v7e-m+fp/hard\libstdc++.a(eh_terminate.o)
                0x0800fbf0                std::unexpected()
 .text._ZSt13get_terminatev
                0x0800fc04       0x10 c:/mingw/gcc-arm-none-eabi/bin/../lib/gcc/arm-none-eabi/10.3.1/../../../../arm-none-eabi/lib/thumb/v7e-m+fp/hard\libstdc++.a(eh_terminate.o)
                0x0800fc04                std::get_terminate()
 .text._ZSt14get_unexpectedv
                0x0800fc14       0x10 c:/mingw/gcc-arm-none-eabi/bin/../lib/gcc/arm-none-eabi/10.3.1/../../../../arm-none-eabi/lib/thumb/v7e-m+fp/hard\libstdc++.a(eh_terminate.o)
                0x0800fc14                std::get_unexpected()
 .text._ZN9__gnu_cxx27__verbose_terminate_handlerEv
                0x0800fc24      0x10c c:/mingw/gcc-arm-none-eabi/bin/../lib/gcc/arm-none-eabi/10.3.1/../../../../arm-none-eabi/lib/thumb/v7e-m+fp/hard\libstdc++.a(vterminate.o)
                0x0800fc24                __gnu_cxx::__verbose_terminate_handler()
 .text.__cxa_end_cleanup
                0x0800fd30        0xc c:/mingw/gcc-arm-none-eabi/bin/../lib/gcc/arm-none-eabi/10.3.1/../../../../arm-none-eabi/lib/thumb/v7e-m+fp/hard\libstdc++.a(eh_arm.o)
                0x0800fd30                __cxa_end_cleanup
 .text.__cxa_type_match
                0x0800fd3c       0xb4 c:/mingw/gcc-arm-none-eabi/bin/../lib/gcc/arm-none-eabi/10.3.1/../../../../arm-none-eabi/lib/thumb/v7e-m+fp/hard\libstdc++.a(eh_arm.o)
                0x0800fd3c                __cxa_type_match
 .text.__cxa_begin_cleanup
                0x0800fdf0       0x64 c:/mingw/gcc-arm-none-eabi/bin/../lib/gcc/arm-none-eabi/10.3.1/../../../../arm-none-eabi/lib/thumb/v7e-m+fp/hard\libstdc++.a(eh_arm.o)
                0x0800fdf0                __cxa_begin_cleanup
 .text.__gnu_end_cleanup
                0x0800fe54       0x70 c:/mingw/gcc-arm-none-eabi/bin/../lib/gcc/arm-none-eabi/10.3.1/../../../../arm-none-eabi/lib/thumb/v7e-m+fp/hard\libstdc++.a(eh_arm.o)
                0x0800fe54                __gnu_end_cleanup
 .text._ZN10__cxxabiv1L24__is_gxx_exception_classEPc
                0x0800fec4       0x3c c:/mingw/gcc-arm-none-eabi/bin/../lib/gcc/arm-none-eabi/10.3.1/../../../../arm-none-eabi/lib/thumb/v7e-m+fp/hard\libstdc++.a(eh_call.o)
 .text.__cxa_call_terminate
                0x0800ff00       0x20 c:/mingw/gcc-arm-none-eabi/bin/../lib/gcc/arm-none-eabi/10.3.1/../../../../arm-none-eabi/lib/thumb/v7e-m+fp/hard\libstdc++.a(eh_call.o)
                0x0800ff00                __cxa_call_terminate
 .text.unlikely.__cxa_call_unexpected
                0x0800ff20       0xe4 c:/mingw/gcc-arm-none-eabi/bin/../lib/gcc/arm-none-eabi/10.3.1/../../../../arm-none-eabi/lib/thumb/v7e-m+fp/hard\libstdc++.a(eh_call.o)
                0x0800ff20                __cxa_call_unexpected
 .text.__cxa_begin_catch
                0x08010004       0x7c c:/mingw/gcc-arm-none-eabi/bin/../lib/gcc/arm-none-eabi/10.3.1/../../../../arm-none-eabi/lib/thumb/v7e-m+fp/hard\libstdc++.a(eh_catch.o)
                0x08010004                __cxa_begin_catch
 .text.__cxa_end_catch
                0x08010080       0x8c c:/mingw/gcc-arm-none-eabi/bin/../lib/gcc/arm-none-eabi/10.3.1/../../../../arm-none-eabi/lib/thumb/v7e-m+fp/hard\libstdc++.a(eh_catch.o)
                0x08010080                __cxa_end_catch
 .text._ZNSt13bad_exceptionD2Ev
                0x0801010c        0x4 c:/mingw/gcc-arm-none-eabi/bin/../lib/gcc/arm-none-eabi/10.3.1/../../../../arm-none-eabi/lib/thumb/v7e-m+fp/hard\libstdc++.a(eh_exception.o)
                0x0801010c                std::bad_exception::~bad_exception()
                0x0801010c                std::bad_exception::~bad_exception()
 .text._ZNKSt13bad_exception4whatEv
                0x08010110        0x8 c:/mingw/gcc-arm-none-eabi/bin/../lib/gcc/arm-none-eabi/10.3.1/../../../../arm-none-eabi/lib/thumb/v7e-m+fp/hard\libstdc++.a(eh_exception.o)
                0x08010110                std::bad_exception::what() const
                0x08010110                transaction clone for std::bad_exception::what() const
 .text._ZNSt13bad_exceptionD0Ev
                0x08010118       0x10 c:/mingw/gcc-arm-none-eabi/bin/../lib/gcc/arm-none-eabi/10.3.1/../../../../arm-none-eabi/lib/thumb/v7e-m+fp/hard\libstdc++.a(eh_exception.o)
                0x08010118                std::bad_exception::~bad_exception()
 .text.__cxa_get_globals_fast
                0x08010128        0x8 c:/mingw/gcc-arm-none-eabi/bin/../lib/gcc/arm-none-eabi/10.3.1/../../../../arm-none-eabi/lib/thumb/v7e-m+fp/hard\libstdc++.a(eh_globals.o)
                0x08010128                __cxa_get_globals_fast
 .text.__cxa_get_globals
                0x08010130        0x8 c:/mingw/gcc-arm-none-eabi/bin/../lib/gcc/arm-none-eabi/10.3.1/../../../../arm-none-eabi/lib/thumb/v7e-m+fp/hard\libstdc++.a(eh_globals.o)
                0x08010130                __cxa_get_globals
 .text._ZL28read_encoded_value_with_basehjPKhPj
                0x08010138       0xc0 c:/mingw/gcc-arm-none-eabi/bin/../lib/gcc/arm-none-eabi/10.3.1/../../../../arm-none-eabi/lib/thumb/v7e-m+fp/hard\libstdc++.a(eh_personality.o)
 .text._ZL21base_of_encoded_valuehP15_Unwind_Context
                0x080101f8       0x50 c:/mingw/gcc-arm-none-eabi/bin/../lib/gcc/arm-none-eabi/10.3.1/../../../../arm-none-eabi/lib/thumb/v7e-m+fp/hard\libstdc++.a(eh_personality.o)
 .text._ZL17parse_lsda_headerP15_Unwind_ContextPKhP16lsda_header_info
                0x08010248       0x94 c:/mingw/gcc-arm-none-eabi/bin/../lib/gcc/arm-none-eabi/10.3.1/../../../../arm-none-eabi/lib/thumb/v7e-m+fp/hard\libstdc++.a(eh_personality.o)
 .text.__gxx_personality_v0
                0x080102dc      0x4a8 c:/mingw/gcc-arm-none-eabi/bin/../lib/gcc/arm-none-eabi/10.3.1/../../../../arm-none-eabi/lib/thumb/v7e-m+fp/hard\libstdc++.a(eh_personality.o)
                0x080102dc                __gxx_personality_v0
 .text._ZL23__gxx_exception_cleanup19_Unwind_Reason_CodeP21_Unwind_Control_Block
                0x08010784       0x4c c:/mingw/gcc-arm-none-eabi/bin/../lib/gcc/arm-none-eabi/10.3.1/../../../../arm-none-eabi/lib/thumb/v7e-m+fp/hard\libstdc++.a(eh_throw.o)
 .text.__cxa_init_primary_exception
                0x080107d0       0x58 c:/mingw/gcc-arm-none-eabi/bin/../lib/gcc/arm-none-eabi/10.3.1/../../../../arm-none-eabi/lib/thumb/v7e-m+fp/hard\libstdc++.a(eh_throw.o)
                0x080107d0                __cxa_init_primary_exception
 .text.__cxa_throw
                0x08010828       0x38 c:/mingw/gcc-arm-none-eabi/bin/../lib/gcc/arm-none-eabi/10.3.1/../../../../arm-none-eabi/lib/thumb/v7e-m+fp/hard\libstdc++.a(eh_throw.o)
                0x08010828                __cxa_throw
 .text.__cxa_rethrow
                0x08010860       0x70 c:/mingw/gcc-arm-none-eabi/bin/../lib/gcc/arm-none-eabi/10.3.1/../../../../arm-none-eabi/lib/thumb/v7e-m+fp/hard\libstdc++.a(eh_throw.o)
                0x08010860                __cxa_rethrow
 .text.__cxa_current_exception_type
                0x080108d0       0x1c c:/mingw/gcc-arm-none-eabi/bin/../lib/gcc/arm-none-eabi/10.3.1/../../../../arm-none-eabi/lib/thumb/v7e-m+fp/hard\libstdc++.a(eh_type.o)
                0x080108d0                __cxa_current_exception_type
 .text._ZN12_GLOBAL__N_14pool4freeEPv.constprop.0
                0x080108ec       0x88 c:/mingw/gcc-arm-none-eabi/bin/../lib/gcc/arm-none-eabi/10.3.1/../../../../arm-none-eabi/lib/thumb/v7e-m+fp/hard\libstdc++.a(eh_alloc.o)
 .text._ZN12_GLOBAL__N_14pool8allocateEj.constprop.0
                0x08010974       0x58 c:/mingw/gcc-arm-none-eabi/bin/../lib/gcc/arm-none-eabi/10.3.1/../../../../arm-none-eabi/lib/thumb/v7e-m+fp/hard\libstdc++.a(eh_alloc.o)
 .text.__cxa_allocate_exception
                0x080109cc       0x30 c:/mingw/gcc-arm-none-eabi/bin/../lib/gcc/arm-none-eabi/10.3.1/../../../../arm-none-eabi/lib/thumb/v7e-m+fp/hard\libstdc++.a(eh_alloc.o)
                0x080109cc                __cxa_allocate_exception
 .text.__cxa_free_exception
                0x080109fc       0x20 c:/mingw/gcc-arm-none-eabi/bin/../lib/gcc/arm-none-eabi/10.3.1/../../../../arm-none-eabi/lib/thumb/v7e-m+fp/hard\libstdc++.a(eh_alloc.o)
                0x080109fc                __cxa_free_exception
 .text.startup._GLOBAL__sub_I__ZN9__gnu_cxx9__freeresEv
                0x08010a1c       0x28 c:/mingw/gcc-arm-none-eabi/bin/../lib/gcc/arm-none-eabi/10.3.1/../../../../arm-none-eabi/lib/thumb/v7e-m+fp/hard\libstdc++.a(eh_alloc.o)
 .text.round    0x08010a44       0xa0 c:/mingw/gcc-arm-none-eabi/bin/../lib/gcc/arm-none-eabi/10.3.1/../../../../arm-none-eabi/lib/thumb/v7e-m+fp/hard\libm.a(lib_a-s_round.o)
                0x08010a44                round
 .text.cosf     0x08010ae4       0x70 c:/mingw/gcc-arm-none-eabi/bin/../lib/gcc/arm-none-eabi/10.3.1/../../../../arm-none-eabi/lib/thumb/v7e-m+fp/hard\libm.a(lib_a-sf_cos.o)
                0x08010ae4                cosf
 .text.roundf   0x08010b54       0x4c c:/mingw/gcc-arm-none-eabi/bin/../lib/gcc/arm-none-eabi/10.3.1/../../../../arm-none-eabi/lib/thumb/v7e-m+fp/hard\libm.a(lib_a-sf_round.o)
                0x08010b54                roundf
 .text.pow      0x08010ba0       0xf0 c:/mingw/gcc-arm-none-eabi/bin/../lib/gcc/arm-none-eabi/10.3.1/../../../../arm-none-eabi/lib/thumb/v7e-m+fp/hard\libm.a(lib_a-w_pow.o)
                0x08010ba0                pow
 .text.sqrt     0x08010c90       0x68 c:/mingw/gcc-arm-none-eabi/bin/../lib/gcc/arm-none-eabi/10.3.1/../../../../arm-none-eabi/lib/thumb/v7e-m+fp/hard\libm.a(lib_a-w_sqrt.o)
                0x08010c90                sqrt
 .text.__ieee754_pow